../Core/Src/Peripheral/BMP280.c:22:6:BMP280_write	16	static
../Core/Src/Peripheral/BMP280.c:31:9:BMP280_read	24	static
../Core/Src/Peripheral/BMP280.c:41:6:BMP280_config	8	static
../Core/Src/Peripheral/BMP280.c:46:6:BMP280_reset	8	static
../Core/Src/Peripheral/BMP280.c:50:6:BMP280_flags	16	static
../Core/Src/Peripheral/BMP280.c:56:6:BMP280_calibrationData	40	static
../Core/Src/Peripheral/BMP280.c:79:6:BMP280_readRawValues	16	static
../Core/Src/Peripheral/BMP280.c:91:9:BMP280_measureT	32	static
../Core/Src/Peripheral/BMP280.c:100:10:BMP280_measureP	328	static
../Core/Src/Peripheral/BMP280.c:121:6:BMP280_init	8	static
