../Core/Src/Peripheral/BMP280.c:23:6:BMP280_write	16	static
../Core/Src/Peripheral/BMP280.c:32:9:BMP280_read	24	static
../Core/Src/Peripheral/BMP280.c:42:6:BMP280_config	8	static
../Core/Src/Peripheral/BMP280.c:47:6:BMP280_reset	8	static
../Core/Src/Peripheral/BMP280.c:51:6:BMP280_flags	16	static
../Core/Src/Peripheral/BMP280.c:57:6:BMP280_calibrationData	40	static
../Core/Src/Peripheral/BMP280.c:80:6:BMP280_readRawValues	16	static
../Core/Src/Peripheral/BMP280.c:92:9:BMP280_measureT	32	static
../Core/Src/Peripheral/BMP280.c:101:10:BMP280_measureP	328	static
../Core/Src/Peripheral/BMP280.c:121:9:BMP280_measureH	40	static
../Core/Src/Peripheral/BMP280.c:133:6:BMP280_init	8	static
../Core/Src/Peripheral/BMP280.c:140:6:BMP280_calculate	8	static
