../Core/Src/Peripheral/NRF24.c:14:6:NRF24_write	24	static
../Core/Src/Peripheral/NRF24.c:22:6:NRF24_Addr_write	24	static
../Core/Src/Peripheral/NRF24.c:38:9:NRF24_read	24	static
../Core/Src/Peripheral/NRF24.c:47:6:NRF24_Addr_read	24	static
../Core/Src/Peripheral/NRF24.c:80:6:NRF24_DefaultConfiguration	4	static
../Core/Src/Peripheral/NRF24.c:121:6:NRF24_ActualConfiguration	8	static
../Core/Src/Peripheral/NRF24.c:150:6:NRF24_config	8	static
../Core/Src/Peripheral/NRF24.c:183:6:NRF24_init	8	static
