../Core/Src/Peripheral/NRF24.c:20:6:NRF24_write	16	static
../Core/Src/Peripheral/NRF24.c:28:6:NRF24_Addr_write	24	static
../Core/Src/Peripheral/NRF24.c:47:9:NRF24_read	24	static
../Core/Src/Peripheral/NRF24.c:56:6:NRF24_Addr_read	24	static
../Core/Src/Peripheral/NRF24.c:89:6:NRF24_FlushTxFIFO	16	static
../Core/Src/Peripheral/NRF24.c:96:6:NRF24_FlushRxFIFO	16	static
../Core/Src/Peripheral/NRF24.c:103:6:NRF24_PowerUp	16	static
../Core/Src/Peripheral/NRF24.c:111:6:NRF24_ActualConfiguration	8	static
../Core/Src/Peripheral/NRF24.c:140:6:NRF24_config	8	static
../Core/Src/Peripheral/NRF24.c:169:6:NRF24_DefaultConfiguration	48	static
../Core/Src/Peripheral/NRF24.c:214:6:NRF24_TxConfiguration	48	static
../Core/Src/Peripheral/NRF24.c:259:6:NRF24_FIFO_write	24	static
../Core/Src/Peripheral/NRF24.c:269:6:NRF24_FIFO_read	24	static
../Core/Src/Peripheral/NRF24.c:279:6:NRF24_transmit	16	static
../Core/Src/Peripheral/NRF24.c:294:6:NRF24_init	8	static
