../Core/Src/Peripheral/NRF24.c:14:6:NRF24_write	16	static
../Core/Src/Peripheral/NRF24.c:22:6:NRF24_Addr_write	24	static
../Core/Src/Peripheral/NRF24.c:41:9:NRF24_read	24	static
../Core/Src/Peripheral/NRF24.c:50:6:NRF24_Addr_read	24	static
../Core/Src/Peripheral/NRF24.c:83:6:NRF24_DefaultConfiguration	4	static
../Core/Src/Peripheral/NRF24.c:124:6:NRF24_ActualConfiguration	8	static
../Core/Src/Peripheral/NRF24.c:153:6:NRF24_config	40	static
../Core/Src/Peripheral/NRF24.c:202:6:NRF24_init	48	static
