../Core/Src/Peripheral/NRF24.c:25:6:NRF24_write	16	static
../Core/Src/Peripheral/NRF24.c:33:6:NRF24_Addr_write	24	static
../Core/Src/Peripheral/NRF24.c:52:9:NRF24_read	24	static
../Core/Src/Peripheral/NRF24.c:61:6:NRF24_Addr_read	24	static
../Core/Src/Peripheral/NRF24.c:94:6:NRF24_FlushTxFIFO	16	static
../Core/Src/Peripheral/NRF24.c:101:6:NRF24_FlushRxFIFO	16	static
../Core/Src/Peripheral/NRF24.c:108:6:NRF24_PowerUp	16	static
../Core/Src/Peripheral/NRF24.c:116:6:NRF24_ActualConfiguration	8	static
../Core/Src/Peripheral/NRF24.c:145:6:NRF24_config	8	static
../Core/Src/Peripheral/NRF24.c:174:6:NRF24_DefaultConfiguration	48	static
../Core/Src/Peripheral/NRF24.c:219:6:NRF24_TxConfiguration	48	static
../Core/Src/Peripheral/NRF24.c:263:6:NRF24_RxConfiguration	48	static
../Core/Src/Peripheral/NRF24.c:308:6:NRF24_CheckFlags	16	static
../Core/Src/Peripheral/NRF24.c:324:6:NRF24_FIFO_write	24	static
../Core/Src/Peripheral/NRF24.c:334:6:NRF24_FIFO_read	24	static
../Core/Src/Peripheral/NRF24.c:344:6:NRF24_init	8	static
../Core/Src/Peripheral/NRF24.c:351:6:NRF24_Transmit	8	static
../Core/Src/Peripheral/NRF24.c:373:6:NRF24_Receive	8	static
../Core/Src/Peripheral/NRF24.c:380:6:NRF24_StateMachine	8	static
