Archive member included to satisfy reference by file (symbol)

C:/ST/STM32CubeIDE_1.14.0/STM32CubeIDE/plugins/com.st.stm32cube.ide.mcu.externaltools.gnu-tools-for-stm32.11.3.rel1.win32_1.1.100.202309141235/tools/bin/../lib/gcc/arm-none-eabi/11.3.1/../../../../arm-none-eabi/lib/thumb/v7e-m+fp/hard\libc_nano.a(libc_a-exit.o)
                              C:/ST/STM32CubeIDE_1.14.0/STM32CubeIDE/plugins/com.st.stm32cube.ide.mcu.externaltools.gnu-tools-for-stm32.11.3.rel1.win32_1.1.100.202309141235/tools/bin/../lib/gcc/arm-none-eabi/11.3.1/../../../../arm-none-eabi/lib/thumb/v7e-m+fp/hard/crt0.o (exit)
C:/ST/STM32CubeIDE_1.14.0/STM32CubeIDE/plugins/com.st.stm32cube.ide.mcu.externaltools.gnu-tools-for-stm32.11.3.rel1.win32_1.1.100.202309141235/tools/bin/../lib/gcc/arm-none-eabi/11.3.1/../../../../arm-none-eabi/lib/thumb/v7e-m+fp/hard\libc_nano.a(libc_a-findfp.o)
                              C:/ST/STM32CubeIDE_1.14.0/STM32CubeIDE/plugins/com.st.stm32cube.ide.mcu.externaltools.gnu-tools-for-stm32.11.3.rel1.win32_1.1.100.202309141235/tools/bin/../lib/gcc/arm-none-eabi/11.3.1/../../../../arm-none-eabi/lib/thumb/v7e-m+fp/hard\libc_nano.a(libc_a-exit.o) (__stdio_exit_handler)
C:/ST/STM32CubeIDE_1.14.0/STM32CubeIDE/plugins/com.st.stm32cube.ide.mcu.externaltools.gnu-tools-for-stm32.11.3.rel1.win32_1.1.100.202309141235/tools/bin/../lib/gcc/arm-none-eabi/11.3.1/../../../../arm-none-eabi/lib/thumb/v7e-m+fp/hard\libc_nano.a(libc_a-fwalk.o)
                              C:/ST/STM32CubeIDE_1.14.0/STM32CubeIDE/plugins/com.st.stm32cube.ide.mcu.externaltools.gnu-tools-for-stm32.11.3.rel1.win32_1.1.100.202309141235/tools/bin/../lib/gcc/arm-none-eabi/11.3.1/../../../../arm-none-eabi/lib/thumb/v7e-m+fp/hard\libc_nano.a(libc_a-findfp.o) (_fwalk_sglue)
C:/ST/STM32CubeIDE_1.14.0/STM32CubeIDE/plugins/com.st.stm32cube.ide.mcu.externaltools.gnu-tools-for-stm32.11.3.rel1.win32_1.1.100.202309141235/tools/bin/../lib/gcc/arm-none-eabi/11.3.1/../../../../arm-none-eabi/lib/thumb/v7e-m+fp/hard\libc_nano.a(libc_a-stdio.o)
                              C:/ST/STM32CubeIDE_1.14.0/STM32CubeIDE/plugins/com.st.stm32cube.ide.mcu.externaltools.gnu-tools-for-stm32.11.3.rel1.win32_1.1.100.202309141235/tools/bin/../lib/gcc/arm-none-eabi/11.3.1/../../../../arm-none-eabi/lib/thumb/v7e-m+fp/hard\libc_nano.a(libc_a-findfp.o) (__sread)
C:/ST/STM32CubeIDE_1.14.0/STM32CubeIDE/plugins/com.st.stm32cube.ide.mcu.externaltools.gnu-tools-for-stm32.11.3.rel1.win32_1.1.100.202309141235/tools/bin/../lib/gcc/arm-none-eabi/11.3.1/../../../../arm-none-eabi/lib/thumb/v7e-m+fp/hard\libc_nano.a(libc_a-memset.o)
                              C:/ST/STM32CubeIDE_1.14.0/STM32CubeIDE/plugins/com.st.stm32cube.ide.mcu.externaltools.gnu-tools-for-stm32.11.3.rel1.win32_1.1.100.202309141235/tools/bin/../lib/gcc/arm-none-eabi/11.3.1/../../../../arm-none-eabi/lib/thumb/v7e-m+fp/hard/crt0.o (memset)
C:/ST/STM32CubeIDE_1.14.0/STM32CubeIDE/plugins/com.st.stm32cube.ide.mcu.externaltools.gnu-tools-for-stm32.11.3.rel1.win32_1.1.100.202309141235/tools/bin/../lib/gcc/arm-none-eabi/11.3.1/../../../../arm-none-eabi/lib/thumb/v7e-m+fp/hard\libc_nano.a(libc_a-closer.o)
                              C:/ST/STM32CubeIDE_1.14.0/STM32CubeIDE/plugins/com.st.stm32cube.ide.mcu.externaltools.gnu-tools-for-stm32.11.3.rel1.win32_1.1.100.202309141235/tools/bin/../lib/gcc/arm-none-eabi/11.3.1/../../../../arm-none-eabi/lib/thumb/v7e-m+fp/hard\libc_nano.a(libc_a-stdio.o) (_close_r)
C:/ST/STM32CubeIDE_1.14.0/STM32CubeIDE/plugins/com.st.stm32cube.ide.mcu.externaltools.gnu-tools-for-stm32.11.3.rel1.win32_1.1.100.202309141235/tools/bin/../lib/gcc/arm-none-eabi/11.3.1/../../../../arm-none-eabi/lib/thumb/v7e-m+fp/hard\libc_nano.a(libc_a-reent.o)
                              C:/ST/STM32CubeIDE_1.14.0/STM32CubeIDE/plugins/com.st.stm32cube.ide.mcu.externaltools.gnu-tools-for-stm32.11.3.rel1.win32_1.1.100.202309141235/tools/bin/../lib/gcc/arm-none-eabi/11.3.1/../../../../arm-none-eabi/lib/thumb/v7e-m+fp/hard\libc_nano.a(libc_a-closer.o) (errno)
C:/ST/STM32CubeIDE_1.14.0/STM32CubeIDE/plugins/com.st.stm32cube.ide.mcu.externaltools.gnu-tools-for-stm32.11.3.rel1.win32_1.1.100.202309141235/tools/bin/../lib/gcc/arm-none-eabi/11.3.1/../../../../arm-none-eabi/lib/thumb/v7e-m+fp/hard\libc_nano.a(libc_a-impure.o)
                              C:/ST/STM32CubeIDE_1.14.0/STM32CubeIDE/plugins/com.st.stm32cube.ide.mcu.externaltools.gnu-tools-for-stm32.11.3.rel1.win32_1.1.100.202309141235/tools/bin/../lib/gcc/arm-none-eabi/11.3.1/../../../../arm-none-eabi/lib/thumb/v7e-m+fp/hard\libc_nano.a(libc_a-reent.o) (_impure_ptr)
C:/ST/STM32CubeIDE_1.14.0/STM32CubeIDE/plugins/com.st.stm32cube.ide.mcu.externaltools.gnu-tools-for-stm32.11.3.rel1.win32_1.1.100.202309141235/tools/bin/../lib/gcc/arm-none-eabi/11.3.1/../../../../arm-none-eabi/lib/thumb/v7e-m+fp/hard\libc_nano.a(libc_a-lseekr.o)
[...]
Memory Configuration

Name             Origin             Length             Attributes
RAM              0x0000000020000000 0x0000000000020000 xrw
FLASH            0x0000000008000000 0x0000000000080000 xr
*default*        0x0000000000000000 0xffffffffffffffff

Linker script and memory map

LOAD C:/ST/STM32CubeIDE_1.14.0/STM32CubeIDE/plugins/com.st.stm32cube.ide.mcu.externaltools.gnu-tools-for-stm32.11.3.rel1.win32_1.1.100.202309141235/tools/bin/../lib/gcc/arm-none-eabi/11.3.1/thumb/v7e-m+fp/hard/crti.o
LOAD C:/ST/STM32CubeIDE_1.14.0/STM32CubeIDE/plugins/com.st.stm32cube.ide.mcu.externaltools.gnu-tools-for-stm32.11.3.rel1.win32_1.1.100.202309141235/tools/bin/../lib/gcc/arm-none-eabi/11.3.1/thumb/v7e-m+fp/hard/crtbegin.o
LOAD C:/ST/STM32CubeIDE_1.14.0/STM32CubeIDE/plugins/com.st.stm32cube.ide.mcu.externaltools.gnu-tools-for-stm32.11.3.rel1.win32_1.1.100.202309141235/tools/bin/../lib/gcc/arm-none-eabi/11.3.1/../../../../arm-none-eabi/lib/thumb/v7e-m+fp/hard/crt0.o
LOAD ./Core/Src/Global/Flags.o
LOAD ./Core/Src/Global/Task_schedule.o
LOAD ./Core/Src/Peripheral/BMP280.o
LOAD ./Core/Src/Peripheral/NRF24.o
LOAD ./Core/Src/Peripheral/mpu6050.o
LOAD ./Core/Src/dma.o
LOAD ./Core/Src/freertos.o
LOAD ./Core/Src/gpio.o
LOAD ./Core/Src/i2c.o
LOAD ./Core/Src/main.o
LOAD ./Core/Src/spi.o
LOAD ./Core/Src/stm32f4xx_hal_msp.o
LOAD ./Core/Src/stm32f4xx_hal_timebase_tim.o
LOAD ./Core/Src/stm32f4xx_it.o
LOAD ./Core/Src/syscalls.o
LOAD ./Core/Src/sysmem.o
LOAD ./Core/Src/system_stm32f4xx.o
LOAD ./Core/Src/usart.o
LOAD ./Core/Startup/startup_stm32f411retx.o
LOAD ./Drivers/STM32F4xx_HAL_Driver/Src/stm32f4xx_hal.o
LOAD ./Drivers/STM32F4xx_HAL_Driver/Src/stm32f4xx_hal_cortex.o
LOAD ./Drivers/STM32F4xx_HAL_Driver/Src/stm32f4xx_hal_dma.o
LOAD ./Drivers/STM32F4xx_HAL_Driver/Src/stm32f4xx_hal_dma_ex.o
LOAD ./Drivers/STM32F4xx_HAL_Driver/Src/stm32f4xx_hal_exti.o
LOAD ./Drivers/STM32F4xx_HAL_Driver/Src/stm32f4xx_hal_flash.o
LOAD ./Drivers/STM32F4xx_HAL_Driver/Src/stm32f4xx_hal_flash_ex.o
LOAD ./Drivers/STM32F4xx_HAL_Driver/Src/stm32f4xx_hal_flash_ramfunc.o
LOAD ./Drivers/STM32F4xx_HAL_Driver/Src/stm32f4xx_hal_gpio.o
LOAD ./Drivers/STM32F4xx_HAL_Driver/Src/stm32f4xx_hal_i2c.o
LOAD ./Drivers/STM32F4xx_HAL_Driver/Src/stm32f4xx_hal_i2c_ex.o
LOAD ./Drivers/STM32F4xx_HAL_Driver/Src/stm32f4xx_hal_pwr.o
LOAD ./Drivers/STM32F4xx_HAL_Driver/Src/stm32f4xx_hal_pwr_ex.o
LOAD ./Drivers/STM32F4xx_HAL_Driver/Src/stm32f4xx_hal_rcc.o
LOAD ./Drivers/STM32F4xx_HAL_Driver/Src/stm32f4xx_hal_rcc_ex.o
LOAD ./Drivers/STM32F4xx_HAL_Driver/Src/stm32f4xx_hal_spi.o
LOAD ./Drivers/STM32F4xx_HAL_Driver/Src/stm32f4xx_hal_tim.o
LOAD ./Drivers/STM32F4xx_HAL_Driver/Src/stm32f4xx_hal_tim_ex.o
LOAD ./Drivers/STM32F4xx_HAL_Driver/Src/stm32f4xx_hal_uart.o
LOAD ./Middlewares/Third_Party/FreeRTOS/Source/CMSIS_RTOS/cmsis_os.o
LOAD ./Middlewares/Third_Party/FreeRTOS/Source/croutine.o
LOAD ./Middlewares/Third_Party/FreeRTOS/Source/event_groups.o
LOAD ./Middlewares/Third_Party/FreeRTOS/Source/list.o
LOAD ./Middlewares/Third_Party/FreeRTOS/Source/queue.o
LOAD ./Middlewares/Third_Party/FreeRTOS/Source/stream_buffer.o
LOAD ./Middlewares/Third_Party/FreeRTOS/Source/tasks.o
LOAD ./Middlewares/Third_Party/FreeRTOS/Source/timers.o
LOAD ./Middlewares/Third_Party/FreeRTOS/Source/portable/GCC/ARM_CM4F/port.o
LOAD ./Middlewares/Third_Party/FreeRTOS/Source/portable/MemMang/heap_4.o
START GROUP
LOAD C:/ST/STM32CubeIDE_1.14.0/STM32CubeIDE/plugins/com.st.stm32cube.ide.mcu.externaltools.gnu-tools-for-stm32.11.3.rel1.win32_1.1.100.202309141235/tools/bin/../lib/gcc/arm-none-eabi/11.3.1/../../../../arm-none-eabi/lib/thumb/v7e-m+fp/hard\libc_nano.a
LOAD C:/ST/STM32CubeIDE_1.14.0/STM32CubeIDE/plugins/com.st.stm32cube.ide.mcu.externaltools.gnu-tools-for-stm32.11.3.rel1.win32_1.1.100.202309141235/tools/bin/../lib/gcc/arm-none-eabi/11.3.1/../../../../arm-none-eabi/lib/thumb/v7e-m+fp/hard\libm.a
END GROUP
START GROUP
LOAD C:/ST/STM32CubeIDE_1.14.0/STM32CubeIDE/plugins/com.st.stm32cube.ide.mcu.externaltools.gnu-tools-for-stm32.11.3.rel1.win32_1.1.100.202309141235/tools/bin/../lib/gcc/arm-none-eabi/11.3.1/thumb/v7e-m+fp/hard\libgcc.a
LOAD C:/ST/STM32CubeIDE_1.14.0/STM32CubeIDE/plugins/com.st.stm32cube.ide.mcu.externaltools.gnu-tools-for-stm32.11.3.rel1.win32_1.1.100.202309141235/tools/bin/../lib/gcc/arm-none-eabi/11.3.1/../../../../arm-none-eabi/lib/thumb/v7e-m+fp/hard\libc_nano.a
END GROUP
START GROUP
LOAD C:/ST/STM32CubeIDE_1.14.0/STM32CubeIDE/plugins/com.st.stm32cube.ide.mcu.externaltools.gnu-tools-for-stm32.11.3.rel1.win32_1.1.100.202309141235/tools/bin/../lib/gcc/arm-none-eabi/11.3.1/thumb/v7e-m+fp/hard\libgcc.a
LOAD C:/ST/STM32CubeIDE_1.14.0/STM32CubeIDE/plugins/com.st.stm32cube.ide.mcu.externaltools.gnu-tools-for-stm32.11.3.rel1.win32_1.1.100.202309141235/tools/bin/../lib/gcc/arm-none-eabi/11.3.1/../../../../arm-none-eabi/lib/thumb/v7e-m+fp/hard\libc_nano.a
LOAD C:/ST/STM32CubeIDE_1.14.0/STM32CubeIDE/plugins/com.st.stm32cube.ide.mcu.externaltools.gnu-tools-for-stm32.11.3.rel1.win32_1.1.100.202309141235/tools/bin/../lib/gcc/arm-none-eabi/11.3.1/../../../../arm-none-eabi/lib/thumb/v7e-m+fp/hard\libnosys.a
END GROUP
START GROUP
LOAD C:/ST/STM32CubeIDE_1.14.0/STM32CubeIDE/plugins/com.st.stm32cube.ide.mcu.externaltools.gnu-tools-for-stm32.11.3.rel1.win32_1.1.100.202309141235/tools/bin/../lib/gcc/arm-none-eabi/11.3.1/thumb/v7e-m+fp/hard\libgcc.a
LOAD C:/ST/STM32CubeIDE_1.14.0/STM32CubeIDE/plugins/com.st.stm32cube.ide.mcu.externaltools.gnu-tools-for-stm32.11.3.rel1.win32_1.1.100.202309141235/tools/bin/../lib/gcc/arm-none-eabi/11.3.1/../../../../arm-none-eabi/lib/thumb/v7e-m+fp/hard\libc_nano.a
LOAD C:/ST/STM32CubeIDE_1.14.0/STM32CubeIDE/plugins/com.st.stm32cube.ide.mcu.externaltools.gnu-tools-for-stm32.11.3.rel1.win32_1.1.100.202309141235/tools/bin/../lib/gcc/arm-none-eabi/11.3.1/../../../../arm-none-eabi/lib/thumb/v7e-m+fp/hard\libnosys.a
END GROUP
LOAD C:/ST/STM32CubeIDE_1.14.0/STM32CubeIDE/plugins/com.st.stm32cube.ide.mcu.externaltools.gnu-tools-for-stm32.11.3.rel1.win32_1.1.100.202309141235/tools/bin/../lib/gcc/arm-none-eabi/11.3.1/thumb/v7e-m+fp/hard/crtend.o
LOAD C:/ST/STM32CubeIDE_1.14.0/STM32CubeIDE/plugins/com.st.stm32cube.ide.mcu.externaltools.gnu-tools-for-stm32.11.3.rel1.win32_1.1.100.202309141235/tools/bin/../lib/gcc/arm-none-eabi/11.3.1/thumb/v7e-m+fp/hard/crtn.o
                0x0000000020020000                _estack = (ORIGIN (RAM) + LENGTH (RAM))
                0x0000000000000200                _Min_Heap_Size = 0x200
                0x0000000000000400                _Min_Stack_Size = 0x400

.isr_vector     0x0000000008000000      0x198
                0x0000000008000000                . = ALIGN (0x4)
 *(.isr_vector)
 .isr_vector    0x0000000008000000      0x198 ./Core/Startup/startup_stm32f411retx.o
                0x0000000008000000                g_pfnVectors
                0x0000000008000198                . = ALIGN (0x4)

.text           0x00000000080001a0     0x9fac
                0x00000000080001a0                . = ALIGN (0x4)
 *(.text)
 .text          0x00000000080001a0       0x40 C:/ST/STM32CubeIDE_1.14.0/STM32CubeIDE/plugins/com.st.stm32cube.ide.mcu.externaltools.gnu-tools-for-stm32.11.3.rel1.win32_1.1.100.202309141235/tools/bin/../lib/gcc/arm-none-eabi/11.3.1/thumb/v7e-m+fp/hard/crtbegin.o
 .text          0x00000000080001e0      0x378 C:/ST/STM32CubeIDE_1.14.0/STM32CubeIDE/plugins/com.st.stm32cube.ide.mcu.externaltools.gnu-tools-for-stm32.11.3.rel1.win32_1.1.100.202309141235/tools/bin/../lib/gcc/arm-none-eabi/11.3.1/thumb/v7e-m+fp/hard\libgcc.a(_arm_addsubdf3.o)
                0x00000000080001e0                __aeabi_drsub
                0x00000000080001e8                __aeabi_dsub
                0x00000000080001e8                __subdf3
                0x00000000080001ec                __aeabi_dadd
                0x00000000080001ec                __adddf3
                0x0000000008000464                __floatunsidf
                0x0000000008000464                __aeabi_ui2d
                0x0000000008000484                __floatsidf
                0x0000000008000484                __aeabi_i2d
                0x00000000080004a8                __aeabi_f2d
                0x00000000080004a8                __extendsfdf2
                0x00000000080004ec                __floatundidf
                0x00000000080004ec                __aeabi_ul2d
                0x00000000080004fc                __floatdidf
                0x00000000080004fc                __aeabi_l2d
 .text          0x0000000008000558      0x424 C:/ST/STM32CubeIDE_1.14.0/STM32CubeIDE/plugins/com.st.stm32cube.ide.mcu.externaltools.gnu-tools-for-stm32.11.3.rel1.win32_1.1.100.202309141235/tools/bin/../lib/gcc/arm-none-eabi/11.3.1/thumb/v7e-m+fp/hard\libgcc.a(_arm_muldivdf3.o)
                0x0000000008000558                __aeabi_dmul
                0x0000000008000558                __muldf3
                0x00000000080007ac                __divdf3
                0x00000000080007ac                __aeabi_ddiv
 .text          0x000000000800097c      0x110 C:/ST/STM32CubeIDE_1.14.0/STM32CubeIDE/plugins/com.st.stm32cube.ide.mcu.externaltools.gnu-tools-for-stm32.11.3.rel1.win32_1.1.100.202309141235/tools/bin/../lib/gcc/arm-none-eabi/11.3.1/thumb/v7e-m+fp/hard\libgcc.a(_arm_cmpdf2.o)
                0x000000000800097c                __gtdf2
                0x000000000800097c                __gedf2
                0x0000000008000984                __ltdf2
                0x0000000008000984                __ledf2
                0x000000000800098c                __nedf2
                0x000000000800098c                __eqdf2
                0x000000000800098c                __cmpdf2
                0x0000000008000a08                __aeabi_cdrcmple
                0x0000000008000a18                __aeabi_cdcmpeq
                0x0000000008000a18                __aeabi_cdcmple
                0x0000000008000a28                __aeabi_dcmpeq
                0x0000000008000a3c                __aeabi_dcmplt
                0x0000000008000a50                __aeabi_dcmple
                0x0000000008000a64                __aeabi_dcmpge
                0x0000000008000a78                __aeabi_dcmpgt
 .text          0x0000000008000a8c       0x2c C:/ST/STM32CubeIDE_1.14.0/STM32CubeIDE/plugins/com.st.stm32cube.ide.mcu.externaltools.gnu-tools-for-stm32.11.3.rel1.win32_1.1.100.202309141235/tools/bin/../lib/gcc/arm-none-eabi/11.3.1/thumb/v7e-m+fp/hard\libgcc.a(_arm_unorddf2.o)
                0x0000000008000a8c                __unorddf2
                0x0000000008000a8c                __aeabi_dcmpun
 .text          0x0000000008000ab8       0x50 C:/ST/STM32CubeIDE_1.14.0/STM32CubeIDE/plugins/com.st.stm32cube.ide.mcu.externaltools.gnu-tools-for-stm32.11.3.rel1.win32_1.1.100.202309141235/tools/bin/../lib/gcc/arm-none-eabi/11.3.1/thumb/v7e-m+fp/hard\libgcc.a(_arm_fixdfsi.o)
                0x0000000008000ab8                __aeabi_d2iz
                0x0000000008000ab8                __fixdfsi
 .text          0x0000000008000b08       0xa0 C:/ST/STM32CubeIDE_1.14.0/STM32CubeIDE/plugins/com.st.stm32cube.ide.mcu.externaltools.gnu-tools-for-stm32.11.3.rel1.win32_1.1.100.202309141235/tools/bin/../lib/gcc/arm-none-eabi/11.3.1/thumb/v7e-m+fp/hard\libgcc.a(_aeabi_ldivmod.o)
                0x0000000008000b08                __aeabi_ldivmod
 .text          0x0000000008000ba8       0x30 C:/ST/STM32CubeIDE_1.14.0/STM32CubeIDE/plugins/com.st.stm32cube.ide.mcu.externaltools.gnu-tools-for-stm32.11.3.rel1.win32_1.1.100.202309141235/tools/bin/../lib/gcc/arm-none-eabi/11.3.1/thumb/v7e-m+fp/hard\libgcc.a(_aeabi_uldivmod.o)
                0x0000000008000ba8                __aeabi_uldivmod
 .text          0x0000000008000bd8      0x2c8 C:/ST/STM32CubeIDE_1.14.0/STM32CubeIDE/plugins/com.st.stm32cube.ide.mcu.externaltools.gnu-tools-for-stm32.11.3.rel1.win32_1.1.100.202309141235/tools/bin/../lib/gcc/arm-none-eabi/11.3.1/thumb/v7e-m+fp/hard\libgcc.a(_udivmoddi4.o)
                0x0000000008000bd8                __udivmoddi4
 .text          0x0000000008000ea0        0x4 C:/ST/STM32CubeIDE_1.14.0/STM32CubeIDE/plugins/com.st.stm32cube.ide.mcu.externaltools.gnu-tools-for-stm32.11.3.rel1.win32_1.1.100.202309141235/tools/bin/../lib/gcc/arm-none-eabi/11.3.1/thumb/v7e-m+fp/hard\libgcc.a(_dvmd_tls.o)
                0x0000000008000ea0                __aeabi_idiv0
                0x0000000008000ea0                __aeabi_ldiv0
 *(.text*)
 .text.BMP280_checkState
                0x0000000008000ea4       0x1a ./Core/Src/Global/Flags.o
                0x0000000008000ea4                BMP280_checkState
 *fill*         0x0000000008000ebe        0x2 
 .text.NRF24_checkState
                0x0000000008000ec0       0x30 ./Core/Src/Global/Flags.o
                0x0000000008000ec0                NRF24_checkState
 .text.mpu6050_checkState
                0x0000000008000ef0       0x38 ./Core/Src/Global/Flags.o
                0x0000000008000ef0                mpu6050_checkState
 .text.ErrorFlags_check
                0x0000000008000f28       0x44 ./Core/Src/Global/Flags.o
                0x0000000008000f28                ErrorFlags_check
 .text.task_init_1ms
                0x0000000008000f6c        0xe ./Core/Src/Global/Task_schedule.o
                0x0000000008000f6c                task_init_1ms
 .text.task_1ms
                0x0000000008000f7a        0xc ./Core/Src/Global/Task_schedule.o
                0x0000000008000f7a                task_1ms
 .text.task_init_10ms
                0x0000000008000f86        0xe ./Core/Src/Global/Task_schedule.o
                0x0000000008000f86                task_init_10ms
 .text.task_10ms
                0x0000000008000f94        0xc ./Core/Src/Global/Task_schedule.o
                0x0000000008000f94                task_10ms
 .text.task_init_100ms
                0x0000000008000fa0        0xe ./Core/Src/Global/Task_schedule.o
                0x0000000008000fa0                task_init_100ms
 .text.task_100ms
                0x0000000008000fae       0x10 ./Core/Src/Global/Task_schedule.o
                0x0000000008000fae                task_100ms
 .text.task_init_1000ms
                0x0000000008000fbe        0xe ./Core/Src/Global/Task_schedule.o
                0x0000000008000fbe                task_init_1000ms
 .text.task_1000ms
                0x0000000008000fcc        0xe ./Core/Src/Global/Task_schedule.o
                0x0000000008000fcc                task_1000ms
 *fill*         0x0000000008000fda        0x2 
 .text.BMP280_write
                0x0000000008000fdc       0x5c ./Core/Src/Peripheral/BMP280.o
                0x0000000008000fdc                BMP280_write
 .text.BMP280_read
                0x0000000008001038       0x5c ./Core/Src/Peripheral/BMP280.o
                0x0000000008001038                BMP280_read
 .text.BMP280_config
                0x0000000008001094       0x18 ./Core/Src/Peripheral/BMP280.o
                0x0000000008001094                BMP280_config
 .text.BMP280_calibrationData
                0x00000000080010ac      0x16c ./Core/Src/Peripheral/BMP280.o
                0x00000000080010ac                BMP280_calibrationData
 .text.BMP280_readRawValues
                0x0000000008001218       0x88 ./Core/Src/Peripheral/BMP280.o
                0x0000000008001218                BMP280_readRawValues
 .text.BMP280_measureT
                0x00000000080012a0       0x88 ./Core/Src/Peripheral/BMP280.o
                0x00000000080012a0                BMP280_measureT
 .text.BMP280_measureP
                0x0000000008001328      0x58c ./Core/Src/Peripheral/BMP280.o
                0x0000000008001328                BMP280_measureP
 *fill*         0x00000000080018b4        0x4 
 .text.BMP280_measureH
                0x00000000080018b8      0x104 ./Core/Src/Peripheral/BMP280.o
                0x00000000080018b8                BMP280_measureH
 .text.BMP280_init
                0x00000000080019bc       0x34 ./Core/Src/Peripheral/BMP280.o
                0x00000000080019bc                BMP280_init
 .text.BMP280_calculate
                0x00000000080019f0       0x60 ./Core/Src/Peripheral/BMP280.o
                0x00000000080019f0                BMP280_calculate
 .text.NRF24_write
                0x0000000008001a50       0x5c ./Core/Src/Peripheral/NRF24.o
                0x0000000008001a50                NRF24_write
 .text.NRF24_Addr_write
                0x0000000008001aac       0x8c ./Core/Src/Peripheral/NRF24.o
                0x0000000008001aac                NRF24_Addr_write
 .text.NRF24_read
                0x0000000008001b38       0x50 ./Core/Src/Peripheral/NRF24.o
                0x0000000008001b38                NRF24_read
 .text.NRF24_Addr_read
                0x0000000008001b88       0xf8 ./Core/Src/Peripheral/NRF24.o
                0x0000000008001b88                NRF24_Addr_read
 .text.NRF24_FlushTxFIFO
                0x0000000008001c80       0x40 ./Core/Src/Peripheral/NRF24.o
                0x0000000008001c80                NRF24_FlushTxFIFO
 .text.NRF24_FlushRxFIFO
                0x0000000008001cc0       0x40 ./Core/Src/Peripheral/NRF24.o
                0x0000000008001cc0                NRF24_FlushRxFIFO
 .text.NRF24_PowerUp
                0x0000000008001d00       0x3a ./Core/Src/Peripheral/NRF24.o
                0x0000000008001d00                NRF24_PowerUp
 *fill*         0x0000000008001d3a        0x2 
 .text.NRF24_ActualConfiguration
                0x0000000008001d3c      0x190 ./Core/Src/Peripheral/NRF24.o
                0x0000000008001d3c                NRF24_ActualConfiguration
 .text.NRF24_config
                0x0000000008001ecc      0x136 ./Core/Src/Peripheral/NRF24.o
                0x0000000008001ecc                NRF24_config
 *fill*         0x0000000008002002        0x2 
 .text.NRF24_DefaultConfiguration
                0x0000000008002004      0x138 ./Core/Src/Peripheral/NRF24.o
                0x0000000008002004                NRF24_DefaultConfiguration
 .text.NRF24_RxConfiguration
                0x000000000800213c      0x180 ./Core/Src/Peripheral/NRF24.o
                0x000000000800213c                NRF24_RxConfiguration
 .text.NRF24_CheckFlags
                0x00000000080022bc       0xe0 ./Core/Src/Peripheral/NRF24.o
                0x00000000080022bc                NRF24_CheckFlags
 .text.NRF24_FIFO_write
                0x000000000800239c       0x68 ./Core/Src/Peripheral/NRF24.o
                0x000000000800239c                NRF24_FIFO_write
 .text.NRF24_FIFO_read
                0x0000000008002404       0x64 ./Core/Src/Peripheral/NRF24.o
                0x0000000008002404                NRF24_FIFO_read
 .text.NRF24_init
                0x0000000008002468       0x34 ./Core/Src/Peripheral/NRF24.o
                0x0000000008002468                NRF24_init
 .text.NRF24_Receive
                0x000000000800249c       0x24 ./Core/Src/Peripheral/NRF24.o
                0x000000000800249c                NRF24_Receive
 .text.NRF24_TxBuffer
                0x00000000080024c0      0x228 ./Core/Src/Peripheral/NRF24.o
                0x00000000080024c0                NRF24_TxBuffer
 .text.NRF24_Transmit
                0x00000000080026e8       0xac ./Core/Src/Peripheral/NRF24.o
                0x00000000080026e8                NRF24_Transmit
 .text.NRF24_StateMachine
                0x0000000008002794       0x50 ./Core/Src/Peripheral/NRF24.o
                0x0000000008002794                NRF24_StateMachine
 .text.MPU6050_Init
                0x00000000080027e4       0xae ./Core/Src/Peripheral/mpu6050.o
                0x00000000080027e4                MPU6050_Init
 *fill*         0x0000000008002892        0x6 
 .text.MPU6050_Read_All
                0x0000000008002898      0x3cc ./Core/Src/Peripheral/mpu6050.o
                0x0000000008002898                MPU6050_Read_All
 .text.Kalman_getAngle
                0x0000000008002c64      0x2b6 ./Core/Src/Peripheral/mpu6050.o
                0x0000000008002c64                Kalman_getAngle
 *fill*         0x0000000008002f1a        0x2 
 .text.MPU6050_calculate
                0x0000000008002f1c       0x18 ./Core/Src/Peripheral/mpu6050.o
                0x0000000008002f1c                MPU6050_calculate
 .text.MX_DMA_Init
                0x0000000008002f34       0x7c ./Core/Src/dma.o
                0x0000000008002f34                MX_DMA_Init
 .text.vApplicationGetIdleTaskMemory
                0x0000000008002fb0       0x34 ./Core/Src/freertos.o
                0x0000000008002fb0                vApplicationGetIdleTaskMemory
 .text.MX_FREERTOS_Init
                0x0000000008002fe4       0xc4 ./Core/Src/freertos.o
                0x0000000008002fe4                MX_FREERTOS_Init
 .text.Task_10ms
                0x00000000080030a8       0x18 ./Core/Src/freertos.o
                0x00000000080030a8                Task_10ms
 .text.Task_100ms
                0x00000000080030c0       0x18 ./Core/Src/freertos.o
                0x00000000080030c0                Task_100ms
 .text.Task_1000ms
                0x00000000080030d8       0x1a ./Core/Src/freertos.o
                0x00000000080030d8                Task_1000ms
 .text.Task_1ms
                0x00000000080030f2       0x18 ./Core/Src/freertos.o
                0x00000000080030f2                Task_1ms
 *fill*         0x000000000800310a        0x2 
 .text.MX_GPIO_Init
                0x000000000800310c       0xf0 ./Core/Src/gpio.o
                0x000000000800310c                MX_GPIO_Init
 .text.MX_I2C1_Init
                0x00000000080031fc       0x5c ./Core/Src/i2c.o
                0x00000000080031fc                MX_I2C1_Init
 .text.HAL_I2C_MspInit
                0x0000000008003258       0x90 ./Core/Src/i2c.o
                0x0000000008003258                HAL_I2C_MspInit
 .text.main     0x00000000080032e8       0x40 ./Core/Src/main.o
                0x00000000080032e8                main
 .text.SystemClock_Config
                0x0000000008003328       0xd0 ./Core/Src/main.o
                0x0000000008003328                SystemClock_Config
 .text.HAL_TIM_PeriodElapsedCallback
                0x00000000080033f8       0x24 ./Core/Src/main.o
                0x00000000080033f8                HAL_TIM_PeriodElapsedCallback
 .text.Error_Handler
                0x000000000800341c        0xa ./Core/Src/main.o
                0x000000000800341c                Error_Handler
 *fill*         0x0000000008003426        0x2 
 .text.MX_SPI1_Init
                0x0000000008003428       0x6c ./Core/Src/spi.o
                0x0000000008003428                MX_SPI1_Init
 .text.MX_SPI2_Init
                0x0000000008003494       0x6c ./Core/Src/spi.o
                0x0000000008003494                MX_SPI2_Init
 .text.HAL_SPI_MspInit
                0x0000000008003500      0x278 ./Core/Src/spi.o
                0x0000000008003500                HAL_SPI_MspInit
 .text.HAL_MspInit
                0x0000000008003778       0x58 ./Core/Src/stm32f4xx_hal_msp.o
                0x0000000008003778                HAL_MspInit
 .text.HAL_InitTick
                0x00000000080037d0       0xe4 ./Core/Src/stm32f4xx_hal_timebase_tim.o
                0x00000000080037d0                HAL_InitTick
 .text.NMI_Handler
                0x00000000080038b4        0x6 ./Core/Src/stm32f4xx_it.o
                0x00000000080038b4                NMI_Handler
 .text.HardFault_Handler
                0x00000000080038ba        0x6 ./Core/Src/stm32f4xx_it.o
                0x00000000080038ba                HardFault_Handler
 .text.MemManage_Handler
                0x00000000080038c0        0x6 ./Core/Src/stm32f4xx_it.o
                0x00000000080038c0                MemManage_Handler
 .text.BusFault_Handler
                0x00000000080038c6        0x6 ./Core/Src/stm32f4xx_it.o
                0x00000000080038c6                BusFault_Handler
 .text.UsageFault_Handler
                0x00000000080038cc        0x6 ./Core/Src/stm32f4xx_it.o
                0x00000000080038cc                UsageFault_Handler
 .text.DebugMon_Handler
                0x00000000080038d2        0xe ./Core/Src/stm32f4xx_it.o
                0x00000000080038d2                DebugMon_Handler
 .text.DMA1_Stream3_IRQHandler
                0x00000000080038e0       0x14 ./Core/Src/stm32f4xx_it.o
                0x00000000080038e0                DMA1_Stream3_IRQHandler
 .text.TIM1_TRG_COM_TIM11_IRQHandler
                0x00000000080038f4       0x14 ./Core/Src/stm32f4xx_it.o
                0x00000000080038f4                TIM1_TRG_COM_TIM11_IRQHandler
 .text.SPI2_IRQHandler
                0x0000000008003908       0x14 ./Core/Src/stm32f4xx_it.o
                0x0000000008003908                SPI2_IRQHandler
 .text.DMA2_Stream0_IRQHandler
                0x000000000800391c       0x14 ./Core/Src/stm32f4xx_it.o
                0x000000000800391c                DMA2_Stream0_IRQHandler
 .text.DMA2_Stream2_IRQHandler
                0x0000000008003930       0x14 ./Core/Src/stm32f4xx_it.o
                0x0000000008003930                DMA2_Stream2_IRQHandler
 .text.SystemInit
                0x0000000008003944       0x24 ./Core/Src/system_stm32f4xx.o
                0x0000000008003944                SystemInit
 .text.MX_USART6_UART_Init
                0x0000000008003968       0x54 ./Core/Src/usart.o
                0x0000000008003968                MX_USART6_UART_Init
 .text.HAL_UART_MspInit
                0x00000000080039bc       0x90 ./Core/Src/usart.o
                0x00000000080039bc                HAL_UART_MspInit
 .text.Reset_Handler
                0x0000000008003a4c       0x50 ./Core/Startup/startup_stm32f411retx.o
                0x0000000008003a4c                Reset_Handler
 .text.Default_Handler
                0x0000000008003a9c        0x2 ./Core/Startup/startup_stm32f411retx.o
                0x0000000008003a9c                RTC_Alarm_IRQHandler
                0x0000000008003a9c                EXTI2_IRQHandler
                0x0000000008003a9c                SPI4_IRQHandler
                0x0000000008003a9c                TIM1_CC_IRQHandler
                0x0000000008003a9c                DMA2_Stream5_IRQHandler
                0x0000000008003a9c                DMA1_Stream5_IRQHandler
                0x0000000008003a9c                PVD_IRQHandler
                0x0000000008003a9c                SDIO_IRQHandler
                0x0000000008003a9c                TAMP_STAMP_IRQHandler
                0x0000000008003a9c                EXTI3_IRQHandler
                0x0000000008003a9c                TIM1_UP_TIM10_IRQHandler
                0x0000000008003a9c                I2C3_ER_IRQHandler
                0x0000000008003a9c                EXTI0_IRQHandler
                0x0000000008003a9c                I2C2_EV_IRQHandler
                0x0000000008003a9c                DMA1_Stream2_IRQHandler
                0x0000000008003a9c                FPU_IRQHandler
                0x0000000008003a9c                SPI1_IRQHandler
                0x0000000008003a9c                TIM1_BRK_TIM9_IRQHandler
                0x0000000008003a9c                DMA2_Stream3_IRQHandler
                0x0000000008003a9c                USART6_IRQHandler
                0x0000000008003a9c                TIM4_IRQHandler
                0x0000000008003a9c                I2C1_EV_IRQHandler
                0x0000000008003a9c                DMA1_Stream6_IRQHandler
                0x0000000008003a9c                DMA1_Stream1_IRQHandler
                0x0000000008003a9c                TIM3_IRQHandler
                0x0000000008003a9c                RCC_IRQHandler
                0x0000000008003a9c                Default_Handler
                0x0000000008003a9c                EXTI15_10_IRQHandler
                0x0000000008003a9c                ADC_IRQHandler
                0x0000000008003a9c                DMA1_Stream7_IRQHandler
                0x0000000008003a9c                SPI5_IRQHandler
                0x0000000008003a9c                TIM5_IRQHandler
                0x0000000008003a9c                DMA2_Stream7_IRQHandler
                0x0000000008003a9c                I2C3_EV_IRQHandler
                0x0000000008003a9c                EXTI9_5_IRQHandler
                0x0000000008003a9c                RTC_WKUP_IRQHandler
                0x0000000008003a9c                DMA1_Stream0_IRQHandler
                0x0000000008003a9c                EXTI4_IRQHandler
                0x0000000008003a9c                WWDG_IRQHandler
                0x0000000008003a9c                TIM2_IRQHandler
                0x0000000008003a9c                OTG_FS_WKUP_IRQHandler
                0x0000000008003a9c                EXTI1_IRQHandler
                0x0000000008003a9c                USART2_IRQHandler
                0x0000000008003a9c                I2C2_ER_IRQHandler
                0x0000000008003a9c                DMA2_Stream1_IRQHandler
                0x0000000008003a9c                FLASH_IRQHandler
                0x0000000008003a9c                DMA2_Stream4_IRQHandler
                0x0000000008003a9c                USART1_IRQHandler
                0x0000000008003a9c                OTG_FS_IRQHandler
                0x0000000008003a9c                SPI3_IRQHandler
                0x0000000008003a9c                DMA1_Stream4_IRQHandler
                0x0000000008003a9c                I2C1_ER_IRQHandler
                0x0000000008003a9c                DMA2_Stream6_IRQHandler
 *fill*         0x0000000008003a9e        0x2 
 .text.HAL_Init
                0x0000000008003aa0       0x44 ./Drivers/STM32F4xx_HAL_Driver/Src/stm32f4xx_hal.o
                0x0000000008003aa0                HAL_Init
 .text.HAL_IncTick
                0x0000000008003ae4       0x28 ./Drivers/STM32F4xx_HAL_Driver/Src/stm32f4xx_hal.o
                0x0000000008003ae4                HAL_IncTick
 .text.HAL_GetTick
                0x0000000008003b0c       0x18 ./Drivers/STM32F4xx_HAL_Driver/Src/stm32f4xx_hal.o
                0x0000000008003b0c                HAL_GetTick
 .text.__NVIC_SetPriorityGrouping
                0x0000000008003b24       0x48 ./Drivers/STM32F4xx_HAL_Driver/Src/stm32f4xx_hal_cortex.o
 .text.__NVIC_GetPriorityGrouping
                0x0000000008003b6c       0x1c ./Drivers/STM32F4xx_HAL_Driver/Src/stm32f4xx_hal_cortex.o
 .text.__NVIC_EnableIRQ
                0x0000000008003b88       0x3c ./Drivers/STM32F4xx_HAL_Driver/Src/stm32f4xx_hal_cortex.o
 .text.__NVIC_SetPriority
                0x0000000008003bc4       0x54 ./Drivers/STM32F4xx_HAL_Driver/Src/stm32f4xx_hal_cortex.o
 .text.NVIC_EncodePriority
                0x0000000008003c18       0x66 ./Drivers/STM32F4xx_HAL_Driver/Src/stm32f4xx_hal_cortex.o
 .text.HAL_NVIC_SetPriorityGrouping
                0x0000000008003c7e       0x16 ./Drivers/STM32F4xx_HAL_Driver/Src/stm32f4xx_hal_cortex.o
                0x0000000008003c7e                HAL_NVIC_SetPriorityGrouping
 .text.HAL_NVIC_SetPriority
                0x0000000008003c94       0x38 ./Drivers/STM32F4xx_HAL_Driver/Src/stm32f4xx_hal_cortex.o
                0x0000000008003c94                HAL_NVIC_SetPriority
 .text.HAL_NVIC_EnableIRQ
                0x0000000008003ccc       0x1c ./Drivers/STM32F4xx_HAL_Driver/Src/stm32f4xx_hal_cortex.o
                0x0000000008003ccc                HAL_NVIC_EnableIRQ
 .text.HAL_DMA_Init
                0x0000000008003ce8      0x15c ./Drivers/STM32F4xx_HAL_Driver/Src/stm32f4xx_hal_dma.o
                0x0000000008003ce8                HAL_DMA_Init
 .text.HAL_DMA_Start_IT
                0x0000000008003e44       0xb0 ./Drivers/STM32F4xx_HAL_Driver/Src/stm32f4xx_hal_dma.o
                0x0000000008003e44                HAL_DMA_Start_IT
 .text.HAL_DMA_Abort_IT
                0x0000000008003ef4       0x44 ./Drivers/STM32F4xx_HAL_Driver/Src/stm32f4xx_hal_dma.o
                0x0000000008003ef4                HAL_DMA_Abort_IT
 .text.HAL_DMA_IRQHandler
                0x0000000008003f38      0x314 ./Drivers/STM32F4xx_HAL_Driver/Src/stm32f4xx_hal_dma.o
                0x0000000008003f38                HAL_DMA_IRQHandler
 .text.DMA_SetConfig
                0x000000000800424c       0x5c ./Drivers/STM32F4xx_HAL_Driver/Src/stm32f4xx_hal_dma.o
 .text.DMA_CalcBaseAndBitshift
                0x00000000080042a8       0x6c ./Drivers/STM32F4xx_HAL_Driver/Src/stm32f4xx_hal_dma.o
 .text.DMA_CheckFifoParam
                0x0000000008004314       0xf8 ./Drivers/STM32F4xx_HAL_Driver/Src/stm32f4xx_hal_dma.o
 .text.HAL_GPIO_Init
                0x000000000800440c      0x308 ./Drivers/STM32F4xx_HAL_Driver/Src/stm32f4xx_hal_gpio.o
                0x000000000800440c                HAL_GPIO_Init
 .text.HAL_GPIO_WritePin
                0x0000000008004714       0x32 ./Drivers/STM32F4xx_HAL_Driver/Src/stm32f4xx_hal_gpio.o
                0x0000000008004714                HAL_GPIO_WritePin
 *fill*         0x0000000008004746        0x2 
 .text.HAL_I2C_Init
                0x0000000008004748      0x288 ./Drivers/STM32F4xx_HAL_Driver/Src/stm32f4xx_hal_i2c.o
                0x0000000008004748                HAL_I2C_Init
 .text.HAL_I2C_Mem_Write
                0x00000000080049d0      0x1f4 ./Drivers/STM32F4xx_HAL_Driver/Src/stm32f4xx_hal_i2c.o
                0x00000000080049d0                HAL_I2C_Mem_Write
 .text.HAL_I2C_Mem_Read
                0x0000000008004bc4      0x464 ./Drivers/STM32F4xx_HAL_Driver/Src/stm32f4xx_hal_i2c.o
                0x0000000008004bc4                HAL_I2C_Mem_Read
 .text.I2C_RequestMemoryWrite
                0x0000000008005028      0x12c ./Drivers/STM32F4xx_HAL_Driver/Src/stm32f4xx_hal_i2c.o
 .text.I2C_RequestMemoryRead
                0x0000000008005154      0x1d0 ./Drivers/STM32F4xx_HAL_Driver/Src/stm32f4xx_hal_i2c.o
 .text.I2C_WaitOnFlagUntilTimeout
                0x0000000008005324       0xf4 ./Drivers/STM32F4xx_HAL_Driver/Src/stm32f4xx_hal_i2c.o
 .text.I2C_WaitOnMasterAddressFlagUntilTimeout
                0x0000000008005418      0x140 ./Drivers/STM32F4xx_HAL_Driver/Src/stm32f4xx_hal_i2c.o
 .text.I2C_WaitOnTXEFlagUntilTimeout
                0x0000000008005558       0x90 ./Drivers/STM32F4xx_HAL_Driver/Src/stm32f4xx_hal_i2c.o
 .text.I2C_WaitOnBTFFlagUntilTimeout
                0x00000000080055e8       0x90 ./Drivers/STM32F4xx_HAL_Driver/Src/stm32f4xx_hal_i2c.o
 .text.I2C_WaitOnRXNEFlagUntilTimeout
                0x0000000008005678       0xba ./Drivers/STM32F4xx_HAL_Driver/Src/stm32f4xx_hal_i2c.o
 .text.I2C_IsAcknowledgeFailed
                0x0000000008005732       0x5e ./Drivers/STM32F4xx_HAL_Driver/Src/stm32f4xx_hal_i2c.o
 .text.HAL_RCC_OscConfig
                0x0000000008005790      0x4f0 ./Drivers/STM32F4xx_HAL_Driver/Src/stm32f4xx_hal_rcc.o
                0x0000000008005790                HAL_RCC_OscConfig
 .text.HAL_RCC_ClockConfig
                0x0000000008005c80      0x1cc ./Drivers/STM32F4xx_HAL_Driver/Src/stm32f4xx_hal_rcc.o
                0x0000000008005c80                HAL_RCC_ClockConfig
 .text.HAL_RCC_GetSysClockFreq
                0x0000000008005e4c      0x20c ./Drivers/STM32F4xx_HAL_Driver/Src/stm32f4xx_hal_rcc.o
                0x0000000008005e4c                HAL_RCC_GetSysClockFreq
 .text.HAL_RCC_GetHCLKFreq
                0x0000000008006058       0x18 ./Drivers/STM32F4xx_HAL_Driver/Src/stm32f4xx_hal_rcc.o
                0x0000000008006058                HAL_RCC_GetHCLKFreq
 .text.HAL_RCC_GetPCLK1Freq
                0x0000000008006070       0x28 ./Drivers/STM32F4xx_HAL_Driver/Src/stm32f4xx_hal_rcc.o
                0x0000000008006070                HAL_RCC_GetPCLK1Freq
 .text.HAL_RCC_GetPCLK2Freq
                0x0000000008006098       0x28 ./Drivers/STM32F4xx_HAL_Driver/Src/stm32f4xx_hal_rcc.o
                0x0000000008006098                HAL_RCC_GetPCLK2Freq
 .text.HAL_RCC_GetClockConfig
                0x00000000080060c0       0x64 ./Drivers/STM32F4xx_HAL_Driver/Src/stm32f4xx_hal_rcc.o
                0x00000000080060c0                HAL_RCC_GetClockConfig
 .text.HAL_SPI_Init
                0x0000000008006124      0x112 ./Drivers/STM32F4xx_HAL_Driver/Src/stm32f4xx_hal_spi.o
                0x0000000008006124                HAL_SPI_Init
 .text.HAL_SPI_Transmit
                0x0000000008006236      0x286 ./Drivers/STM32F4xx_HAL_Driver/Src/stm32f4xx_hal_spi.o
                0x0000000008006236                HAL_SPI_Transmit
 .text.HAL_SPI_Receive
                0x00000000080064bc      0x230 ./Drivers/STM32F4xx_HAL_Driver/Src/stm32f4xx_hal_spi.o
                0x00000000080064bc                HAL_SPI_Receive
 .text.HAL_SPI_TransmitReceive
                0x00000000080066ec      0x360 ./Drivers/STM32F4xx_HAL_Driver/Src/stm32f4xx_hal_spi.o
                0x00000000080066ec                HAL_SPI_TransmitReceive
 .text.HAL_SPI_Transmit_DMA
                0x0000000008006a4c      0x164 ./Drivers/STM32F4xx_HAL_Driver/Src/stm32f4xx_hal_spi.o
                0x0000000008006a4c                HAL_SPI_Transmit_DMA
 .text.HAL_SPI_Receive_DMA
                0x0000000008006bb0      0x188 ./Drivers/STM32F4xx_HAL_Driver/Src/stm32f4xx_hal_spi.o
                0x0000000008006bb0                HAL_SPI_Receive_DMA
 .text.HAL_SPI_TransmitReceive_DMA
                0x0000000008006d38      0x1f4 ./Drivers/STM32F4xx_HAL_Driver/Src/stm32f4xx_hal_spi.o
                0x0000000008006d38                HAL_SPI_TransmitReceive_DMA
 .text.HAL_SPI_IRQHandler
                0x0000000008006f2c      0x1e8 ./Drivers/STM32F4xx_HAL_Driver/Src/stm32f4xx_hal_spi.o
                0x0000000008006f2c                HAL_SPI_IRQHandler
 .text.HAL_SPI_TxCpltCallback
                0x0000000008007114       0x14 ./Drivers/STM32F4xx_HAL_Driver/Src/stm32f4xx_hal_spi.o
                0x0000000008007114                HAL_SPI_TxCpltCallback
 .text.HAL_SPI_RxCpltCallback
                0x0000000008007128       0x14 ./Drivers/STM32F4xx_HAL_Driver/Src/stm32f4xx_hal_spi.o
                0x0000000008007128                HAL_SPI_RxCpltCallback
 .text.HAL_SPI_TxRxCpltCallback
                0x000000000800713c       0x14 ./Drivers/STM32F4xx_HAL_Driver/Src/stm32f4xx_hal_spi.o
                0x000000000800713c                HAL_SPI_TxRxCpltCallback
 .text.HAL_SPI_TxHalfCpltCallback
                0x0000000008007150       0x14 ./Drivers/STM32F4xx_HAL_Driver/Src/stm32f4xx_hal_spi.o
                0x0000000008007150                HAL_SPI_TxHalfCpltCallback
 .text.HAL_SPI_RxHalfCpltCallback
                0x0000000008007164       0x14 ./Drivers/STM32F4xx_HAL_Driver/Src/stm32f4xx_hal_spi.o
                0x0000000008007164                HAL_SPI_RxHalfCpltCallback
 .text.HAL_SPI_TxRxHalfCpltCallback
                0x0000000008007178       0x14 ./Drivers/STM32F4xx_HAL_Driver/Src/stm32f4xx_hal_spi.o
                0x0000000008007178                HAL_SPI_TxRxHalfCpltCallback
 .text.HAL_SPI_ErrorCallback
                0x000000000800718c       0x14 ./Drivers/STM32F4xx_HAL_Driver/Src/stm32f4xx_hal_spi.o
                0x000000000800718c                HAL_SPI_ErrorCallback
 .text.SPI_DMATransmitCplt
                0x00000000080071a0       0xa8 ./Drivers/STM32F4xx_HAL_Driver/Src/stm32f4xx_hal_spi.o
 .text.SPI_DMAReceiveCplt
                0x0000000008007248       0xa8 ./Drivers/STM32F4xx_HAL_Driver/Src/stm32f4xx_hal_spi.o
 .text.SPI_DMATransmitReceiveCplt
                0x00000000080072f0       0x90 ./Drivers/STM32F4xx_HAL_Driver/Src/stm32f4xx_hal_spi.o
 .text.SPI_DMAHalfTransmitCplt
                0x0000000008007380       0x1c ./Drivers/STM32F4xx_HAL_Driver/Src/stm32f4xx_hal_spi.o
 .text.SPI_DMAHalfReceiveCplt
                0x000000000800739c       0x1c ./Drivers/STM32F4xx_HAL_Driver/Src/stm32f4xx_hal_spi.o
 .text.SPI_DMAHalfTransmitReceiveCplt
                0x00000000080073b8       0x1c ./Drivers/STM32F4xx_HAL_Driver/Src/stm32f4xx_hal_spi.o
 .text.SPI_DMAError
                0x00000000080073d4       0x40 ./Drivers/STM32F4xx_HAL_Driver/Src/stm32f4xx_hal_spi.o
 .text.SPI_DMAAbortOnError
                0x0000000008007414       0x28 ./Drivers/STM32F4xx_HAL_Driver/Src/stm32f4xx_hal_spi.o
 .text.SPI_WaitFlagStateUntilTimeout
                0x000000000800743c      0x110 ./Drivers/STM32F4xx_HAL_Driver/Src/stm32f4xx_hal_spi.o
 .text.SPI_EndRxTransaction
                0x000000000800754c       0xca ./Drivers/STM32F4xx_HAL_Driver/Src/stm32f4xx_hal_spi.o
 *fill*         0x0000000008007616        0x2 
 .text.SPI_EndRxTxTransaction
                0x0000000008007618       0xa8 ./Drivers/STM32F4xx_HAL_Driver/Src/stm32f4xx_hal_spi.o
 .text.HAL_TIM_Base_Init
                0x00000000080076c0       0x9e ./Drivers/STM32F4xx_HAL_Driver/Src/stm32f4xx_hal_tim.o
                0x00000000080076c0                HAL_TIM_Base_Init
 .text.HAL_TIM_Base_MspInit
                0x000000000800775e       0x14 ./Drivers/STM32F4xx_HAL_Driver/Src/stm32f4xx_hal_tim.o
                0x000000000800775e                HAL_TIM_Base_MspInit
 *fill*         0x0000000008007772        0x2 
 .text.HAL_TIM_Base_Start_IT
                0x0000000008007774       0xc4 ./Drivers/STM32F4xx_HAL_Driver/Src/stm32f4xx_hal_tim.o
                0x0000000008007774                HAL_TIM_Base_Start_IT
 .text.HAL_TIM_IRQHandler
                0x0000000008007838      0x1e0 ./Drivers/STM32F4xx_HAL_Driver/Src/stm32f4xx_hal_tim.o
                0x0000000008007838                HAL_TIM_IRQHandler
 .text.HAL_TIM_OC_DelayElapsedCallback
                0x0000000008007a18       0x14 ./Drivers/STM32F4xx_HAL_Driver/Src/stm32f4xx_hal_tim.o
                0x0000000008007a18                HAL_TIM_OC_DelayElapsedCallback
 .text.HAL_TIM_IC_CaptureCallback
                0x0000000008007a2c       0x14 ./Drivers/STM32F4xx_HAL_Driver/Src/stm32f4xx_hal_tim.o
                0x0000000008007a2c                HAL_TIM_IC_CaptureCallback
 .text.HAL_TIM_PWM_PulseFinishedCallback
                0x0000000008007a40       0x14 ./Drivers/STM32F4xx_HAL_Driver/Src/stm32f4xx_hal_tim.o
                0x0000000008007a40                HAL_TIM_PWM_PulseFinishedCallback
 .text.HAL_TIM_TriggerCallback
                0x0000000008007a54       0x14 ./Drivers/STM32F4xx_HAL_Driver/Src/stm32f4xx_hal_tim.o
                0x0000000008007a54                HAL_TIM_TriggerCallback
 .text.TIM_Base_SetConfig
                0x0000000008007a68      0x118 ./Drivers/STM32F4xx_HAL_Driver/Src/stm32f4xx_hal_tim.o
                0x0000000008007a68                TIM_Base_SetConfig
 .text.HAL_TIMEx_CommutCallback
                0x0000000008007b80       0x14 ./Drivers/STM32F4xx_HAL_Driver/Src/stm32f4xx_hal_tim_ex.o
                0x0000000008007b80                HAL_TIMEx_CommutCallback
 .text.HAL_TIMEx_BreakCallback
                0x0000000008007b94       0x14 ./Drivers/STM32F4xx_HAL_Driver/Src/stm32f4xx_hal_tim_ex.o
                0x0000000008007b94                HAL_TIMEx_BreakCallback
 .text.HAL_UART_Init
                0x0000000008007ba8       0xa0 ./Drivers/STM32F4xx_HAL_Driver/Src/stm32f4xx_hal_uart.o
                0x0000000008007ba8                HAL_UART_Init
 .text.UART_SetConfig
                0x0000000008007c48      0x4e8 ./Drivers/STM32F4xx_HAL_Driver/Src/stm32f4xx_hal_uart.o
 .text.makeFreeRtosPriority
                0x0000000008008130       0x30 ./Middlewares/Third_Party/FreeRTOS/Source/CMSIS_RTOS/cmsis_os.o
 .text.osKernelStart
                0x0000000008008160        0xe ./Middlewares/Third_Party/FreeRTOS/Source/CMSIS_RTOS/cmsis_os.o
                0x0000000008008160                osKernelStart
 .text.osThreadCreate
                0x000000000800816e       0x98 ./Middlewares/Third_Party/FreeRTOS/Source/CMSIS_RTOS/cmsis_os.o
                0x000000000800816e                osThreadCreate
 .text.osDelay  0x0000000008008206       0x28 ./Middlewares/Third_Party/FreeRTOS/Source/CMSIS_RTOS/cmsis_os.o
                0x0000000008008206                osDelay
 .text.vListInitialise
                0x000000000800822e       0x40 ./Middlewares/Third_Party/FreeRTOS/Source/list.o
                0x000000000800822e                vListInitialise
 .text.vListInitialiseItem
                0x000000000800826e       0x1a ./Middlewares/Third_Party/FreeRTOS/Source/list.o
                0x000000000800826e                vListInitialiseItem
 .text.vListInsertEnd
                0x0000000008008288       0x48 ./Middlewares/Third_Party/FreeRTOS/Source/list.o
                0x0000000008008288                vListInsertEnd
 .text.vListInsert
                0x00000000080082d0       0x72 ./Middlewares/Third_Party/FreeRTOS/Source/list.o
                0x00000000080082d0                vListInsert
 .text.uxListRemove
                0x0000000008008342       0x54 ./Middlewares/Third_Party/FreeRTOS/Source/list.o
                0x0000000008008342                uxListRemove
 .text.xTaskCreateStatic
                0x0000000008008396       0xba ./Middlewares/Third_Party/FreeRTOS/Source/tasks.o
                0x0000000008008396                xTaskCreateStatic
 .text.xTaskCreate
                0x0000000008008450       0x8a ./Middlewares/Third_Party/FreeRTOS/Source/tasks.o
                0x0000000008008450                xTaskCreate
 .text.prvInitialiseNewTask
                0x00000000080084da      0x10e ./Middlewares/Third_Party/FreeRTOS/Source/tasks.o
 .text.prvAddNewTaskToReadyList
                0x00000000080085e8       0xd4 ./Middlewares/Third_Party/FreeRTOS/Source/tasks.o
 .text.vTaskDelay
                0x00000000080086bc       0x68 ./Middlewares/Third_Party/FreeRTOS/Source/tasks.o
                0x00000000080086bc                vTaskDelay
 .text.vTaskStartScheduler
                0x0000000008008724       0xc0 ./Middlewares/Third_Party/FreeRTOS/Source/tasks.o
                0x0000000008008724                vTaskStartScheduler
 .text.vTaskSuspendAll
                0x00000000080087e4       0x1c ./Middlewares/Third_Party/FreeRTOS/Source/tasks.o
                0x00000000080087e4                vTaskSuspendAll
 .text.xTaskResumeAll
                0x0000000008008800      0x138 ./Middlewares/Third_Party/FreeRTOS/Source/tasks.o
                0x0000000008008800                xTaskResumeAll
 .text.xTaskIncrementTick
                0x0000000008008938      0x170 ./Middlewares/Third_Party/FreeRTOS/Source/tasks.o
                0x0000000008008938                xTaskIncrementTick
 .text.vTaskSwitchContext
                0x0000000008008aa8       0xb8 ./Middlewares/Third_Party/FreeRTOS/Source/tasks.o
                0x0000000008008aa8                vTaskSwitchContext
 .text.prvIdleTask
                0x0000000008008b60       0x30 ./Middlewares/Third_Party/FreeRTOS/Source/tasks.o
 .text.prvInitialiseTaskLists
                0x0000000008008b90       0x80 ./Middlewares/Third_Party/FreeRTOS/Source/tasks.o
 .text.prvCheckTasksWaitingTermination
                0x0000000008008c10       0x5c ./Middlewares/Third_Party/FreeRTOS/Source/tasks.o
 .text.prvDeleteTCB
                0x0000000008008c6c       0x5e ./Middlewares/Third_Party/FreeRTOS/Source/tasks.o
 *fill*         0x0000000008008cca        0x2 
 .text.prvResetNextTaskUnblockTime
                0x0000000008008ccc       0x40 ./Middlewares/Third_Party/FreeRTOS/Source/tasks.o
 .text.prvAddCurrentTaskToDelayedList
                0x0000000008008d0c       0xcc ./Middlewares/Third_Party/FreeRTOS/Source/tasks.o
 .text.pxPortInitialiseStack
                0x0000000008008dd8       0x68 ./Middlewares/Third_Party/FreeRTOS/Source/portable/GCC/ARM_CM4F/port.o
                0x0000000008008dd8                pxPortInitialiseStack
 .text.prvTaskExitError
                0x0000000008008e40       0x58 ./Middlewares/Third_Party/FreeRTOS/Source/portable/GCC/ARM_CM4F/port.o
 *fill*         0x0000000008008e98        0x8 
 .text.SVC_Handler
                0x0000000008008ea0       0x28 ./Middlewares/Third_Party/FreeRTOS/Source/portable/GCC/ARM_CM4F/port.o
                0x0000000008008ea0                SVC_Handler
 .text.prvPortStartFirstTask
                0x0000000008008ec8       0x28 ./Middlewares/Third_Party/FreeRTOS/Source/portable/GCC/ARM_CM4F/port.o
 .text.xPortStartScheduler
                0x0000000008008ef0      0x144 ./Middlewares/Third_Party/FreeRTOS/Source/portable/GCC/ARM_CM4F/port.o
                0x0000000008008ef0                xPortStartScheduler
 .text.vPortEnterCritical
                0x0000000008009034       0x60 ./Middlewares/Third_Party/FreeRTOS/Source/portable/GCC/ARM_CM4F/port.o
                0x0000000008009034                vPortEnterCritical
 .text.vPortExitCritical
                0x0000000008009094       0x54 ./Middlewares/Third_Party/FreeRTOS/Source/portable/GCC/ARM_CM4F/port.o
                0x0000000008009094                vPortExitCritical
 *fill*         0x00000000080090e8        0x8 
 .text.PendSV_Handler
                0x00000000080090f0       0x68 ./Middlewares/Third_Party/FreeRTOS/Source/portable/GCC/ARM_CM4F/port.o
                0x00000000080090f0                PendSV_Handler
 .text.SysTick_Handler
                0x0000000008009158       0x44 ./Middlewares/Third_Party/FreeRTOS/Source/portable/GCC/ARM_CM4F/port.o
                0x0000000008009158                SysTick_Handler
 .text.vPortSetupTimerInterrupt
                0x000000000800919c       0x48 ./Middlewares/Third_Party/FreeRTOS/Source/portable/GCC/ARM_CM4F/port.o
                0x000000000800919c                vPortSetupTimerInterrupt
 .text.vPortEnableVFP
                0x00000000080091e4       0x14 ./Middlewares/Third_Party/FreeRTOS/Source/portable/GCC/ARM_CM4F/port.o
 .text.pvPortMalloc
                0x00000000080091f8      0x198 ./Middlewares/Third_Party/FreeRTOS/Source/portable/MemMang/heap_4.o
                0x00000000080091f8                pvPortMalloc
 .text.vPortFree
                0x0000000008009390       0xc4 ./Middlewares/Third_Party/FreeRTOS/Source/portable/MemMang/heap_4.o
                0x0000000008009390                vPortFree
 .text.prvHeapInit
                0x0000000008009454       0xc4 ./Middlewares/Third_Party/FreeRTOS/Source/portable/MemMang/heap_4.o
 .text.prvInsertBlockIntoFreeList
                0x0000000008009518       0xb4 ./Middlewares/Third_Party/FreeRTOS/Source/portable/MemMang/heap_4.o
 .text.memset   0x00000000080095cc       0x10 C:/ST/STM32CubeIDE_1.14.0/STM32CubeIDE/plugins/com.st.stm32cube.ide.mcu.externaltools.gnu-tools-for-stm32.11.3.rel1.win32_1.1.100.202309141235/tools/bin/../lib/gcc/arm-none-eabi/11.3.1/../../../../arm-none-eabi/lib/thumb/v7e-m+fp/hard\libc_nano.a(libc_a-memset.o)
                0x00000000080095cc                memset
 .text.__errno  0x00000000080095dc        0xc C:/ST/STM32CubeIDE_1.14.0/STM32CubeIDE/plugins/com.st.stm32cube.ide.mcu.externaltools.gnu-tools-for-stm32.11.3.rel1.win32_1.1.100.202309141235/tools/bin/../lib/gcc/arm-none-eabi/11.3.1/../../../../arm-none-eabi/lib/thumb/v7e-m+fp/hard\libc_nano.a(libc_a-errno.o)
                0x00000000080095dc                __errno
 .text.__libc_init_array
                0x00000000080095e8       0x48 C:/ST/STM32CubeIDE_1.14.0/STM32CubeIDE/plugins/com.st.stm32cube.ide.mcu.externaltools.gnu-tools-for-stm32.11.3.rel1.win32_1.1.100.202309141235/tools/bin/../lib/gcc/arm-none-eabi/11.3.1/../../../../arm-none-eabi/lib/thumb/v7e-m+fp/hard\libc_nano.a(libc_a-init.o)
                0x00000000080095e8                __libc_init_array
 .text.atan2    0x0000000008009630        0x4 C:/ST/STM32CubeIDE_1.14.0/STM32CubeIDE/plugins/com.st.stm32cube.ide.mcu.externaltools.gnu-tools-for-stm32.11.3.rel1.win32_1.1.100.202309141235/tools/bin/../lib/gcc/arm-none-eabi/11.3.1/../../../../arm-none-eabi/lib/thumb/v7e-m+fp/hard\libm.a(libm_a-w_atan2.o)
                0x0000000008009630                atan2
 *fill*         0x0000000008009634        0x4 
 .text.log      0x0000000008009638       0x7c C:/ST/STM32CubeIDE_1.14.0/STM32CubeIDE/plugins/com.st.stm32cube.ide.mcu.externaltools.gnu-tools-for-stm32.11.3.rel1.win32_1.1.100.202309141235/tools/bin/../lib/gcc/arm-none-eabi/11.3.1/../../../../arm-none-eabi/lib/thumb/v7e-m+fp/hard\libm.a(libm_a-w_log.o)
                0x0000000008009638                log
 .text.sqrt     0x00000000080096b4       0x58 C:/ST/STM32CubeIDE_1.14.0/STM32CubeIDE/plugins/com.st.stm32cube.ide.mcu.externaltools.gnu-tools-for-stm32.11.3.rel1.win32_1.1.100.202309141235/tools/bin/../lib/gcc/arm-none-eabi/11.3.1/../../../../arm-none-eabi/lib/thumb/v7e-m+fp/hard\libm.a(libm_a-w_sqrt.o)
                0x00000000080096b4                sqrt
 *fill*         0x000000000800970c        0x4 
 .text.atan     0x0000000008009710      0x340 C:/ST/STM32CubeIDE_1.14.0/STM32CubeIDE/plugins/com.st.stm32cube.ide.mcu.externaltools.gnu-tools-for-stm32.11.3.rel1.win32_1.1.100.202309141235/tools/bin/../lib/gcc/arm-none-eabi/11.3.1/../../../../arm-none-eabi/lib/thumb/v7e-m+fp/hard\libm.a(libm_a-s_atan.o)
                0x0000000008009710                atan
 .text.fabs     0x0000000008009a50       0x12 C:/ST/STM32CubeIDE_1.14.0/STM32CubeIDE/plugins/com.st.stm32cube.ide.mcu.externaltools.gnu-tools-for-stm32.11.3.rel1.win32_1.1.100.202309141235/tools/bin/../lib/gcc/arm-none-eabi/11.3.1/../../../../arm-none-eabi/lib/thumb/v7e-m+fp/hard\libm.a(libm_a-s_fabs.o)
                0x0000000008009a50                fabs
 *fill*         0x0000000008009a62        0x6 
 .text.nan      0x0000000008009a68       0x10 C:/ST/STM32CubeIDE_1.14.0/STM32CubeIDE/plugins/com.st.stm32cube.ide.mcu.externaltools.gnu-tools-for-stm32.11.3.rel1.win32_1.1.100.202309141235/tools/bin/../lib/gcc/arm-none-eabi/11.3.1/../../../../arm-none-eabi/lib/thumb/v7e-m+fp/hard\libm.a(libm_a-s_nan.o)
                0x0000000008009a68                nan
 .text.__ieee754_sqrt
                0x0000000008009a78      0x1b4 C:/ST/STM32CubeIDE_1.14.0/STM32CubeIDE/plugins/com.st.stm32cube.ide.mcu.externaltools.gnu-tools-for-stm32.11.3.rel1.win32_1.1.100.202309141235/tools/bin/../lib/gcc/arm-none-eabi/11.3.1/../../../../arm-none-eabi/lib/thumb/v7e-m+fp/hard\libm.a(libm_a-e_sqrt.o)
                0x0000000008009a78                __ieee754_sqrt
 *fill*         0x0000000008009c2c        0x4 
 .text.__ieee754_atan2
                0x0000000008009c30      0x18c C:/ST/STM32CubeIDE_1.14.0/STM32CubeIDE/plugins/com.st.stm32cube.ide.mcu.externaltools.gnu-tools-for-stm32.11.3.rel1.win32_1.1.100.202309141235/tools/bin/../lib/gcc/arm-none-eabi/11.3.1/../../../../arm-none-eabi/lib/thumb/v7e-m+fp/hard\libm.a(libm_a-e_atan2.o)
                0x0000000008009c30                __ieee754_atan2
 *fill*         0x0000000008009dbc        0x4 
 .text.__ieee754_log
                0x0000000008009dc0      0x374 C:/ST/STM32CubeIDE_1.14.0/STM32CubeIDE/plugins/com.st.stm32cube.ide.mcu.externaltools.gnu-tools-for-stm32.11.3.rel1.win32_1.1.100.202309141235/tools/bin/../lib/gcc/arm-none-eabi/11.3.1/../../../../arm-none-eabi/lib/thumb/v7e-m+fp/hard\libm.a(libm_a-e_log.o)
                0x0000000008009dc0                __ieee754_log
 *(.glue_7)
 .glue_7        0x000000000800a134        0x0 linker stubs
 *(.glue_7t)
 .glue_7t       0x000000000800a134        0x0 linker stubs
 *(.eh_frame)
 .eh_frame      0x000000000800a134        0x0 C:/ST/STM32CubeIDE_1.14.0/STM32CubeIDE/plugins/com.st.stm32cube.ide.mcu.externaltools.gnu-tools-for-stm32.11.3.rel1.win32_1.1.100.202309141235/tools/bin/../lib/gcc/arm-none-eabi/11.3.1/thumb/v7e-m+fp/hard/crtbegin.o
 *(.init)
 .init          0x000000000800a134        0x4 C:/ST/STM32CubeIDE_1.14.0/STM32CubeIDE/plugins/com.st.stm32cube.ide.mcu.externaltools.gnu-tools-for-stm32.11.3.rel1.win32_1.1.100.202309141235/tools/bin/../lib/gcc/arm-none-eabi/11.3.1/thumb/v7e-m+fp/hard/crti.o
                0x000000000800a134                _init
 .init          0x000000000800a138        0x8 C:/ST/STM32CubeIDE_1.14.0/STM32CubeIDE/plugins/com.st.stm32cube.ide.mcu.externaltools.gnu-tools-for-stm32.11.3.rel1.win32_1.1.100.202309141235/tools/bin/../lib/gcc/arm-none-eabi/11.3.1/thumb/v7e-m+fp/hard/crtn.o
 *(.fini)
 .fini          0x000000000800a140        0x4 C:/ST/STM32CubeIDE_1.14.0/STM32CubeIDE/plugins/com.st.stm32cube.ide.mcu.externaltools.gnu-tools-for-stm32.11.3.rel1.win32_1.1.100.202309141235/tools/bin/../lib/gcc/arm-none-eabi/11.3.1/thumb/v7e-m+fp/hard/crti.o
                0x000000000800a140                _fini
 .fini          0x000000000800a144        0x8 C:/ST/STM32CubeIDE_1.14.0/STM32CubeIDE/plugins/com.st.stm32cube.ide.mcu.externaltools.gnu-tools-for-stm32.11.3.rel1.win32_1.1.100.202309141235/tools/bin/../lib/gcc/arm-none-eabi/11.3.1/thumb/v7e-m+fp/hard/crtn.o
                0x000000000800a14c                . = ALIGN (0x4)
                0x000000000800a14c                _etext = .

.vfp11_veneer   0x000000000800a14c        0x0
 .vfp11_veneer  0x000000000800a14c        0x0 linker stubs

.v4_bx          0x000000000800a14c        0x0
 .v4_bx         0x000000000800a14c        0x0 linker stubs

.iplt           0x000000000800a14c        0x0
 .iplt          0x000000000800a14c        0x0 C:/ST/STM32CubeIDE_1.14.0/STM32CubeIDE/plugins/com.st.stm32cube.ide.mcu.externaltools.gnu-tools-for-stm32.11.3.rel1.win32_1.1.100.202309141235/tools/bin/../lib/gcc/arm-none-eabi/11.3.1/thumb/v7e-m+fp/hard/crtbegin.o

.rodata         0x000000000800a150      0x138
                0x000000000800a150                . = ALIGN (0x4)
 *(.rodata)
 .rodata        0x000000000800a150       0x9c ./Core/Src/freertos.o
 .rodata        0x000000000800a1ec        0x5 ./Middlewares/Third_Party/FreeRTOS/Source/tasks.o
 *(.rodata*)
 *fill*         0x000000000800a1f1        0x3 
 .rodata.AHBPrescTable
                0x000000000800a1f4       0x10 ./Core/Src/system_stm32f4xx.o
                0x000000000800a1f4                AHBPrescTable
 .rodata.APBPrescTable
                0x000000000800a204        0x8 ./Core/Src/system_stm32f4xx.o
                0x000000000800a204                APBPrescTable
 .rodata.flagBitshiftOffset.0
                0x000000000800a20c        0x8 ./Drivers/STM32F4xx_HAL_Driver/Src/stm32f4xx_hal_dma.o
 .rodata.log.str1.1
                0x000000000800a214        0x1 C:/ST/STM32CubeIDE_1.14.0/STM32CubeIDE/plugins/com.st.stm32cube.ide.mcu.externaltools.gnu-tools-for-stm32.11.3.rel1.win32_1.1.100.202309141235/tools/bin/../lib/gcc/arm-none-eabi/11.3.1/../../../../arm-none-eabi/lib/thumb/v7e-m+fp/hard\libm.a(libm_a-w_log.o)
 *fill*         0x000000000800a215        0x3 
 .rodata.atanhi
                0x000000000800a218       0x20 C:/ST/STM32CubeIDE_1.14.0/STM32CubeIDE/plugins/com.st.stm32cube.ide.mcu.externaltools.gnu-tools-for-stm32.11.3.rel1.win32_1.1.100.202309141235/tools/bin/../lib/gcc/arm-none-eabi/11.3.1/../../../../arm-none-eabi/lib/thumb/v7e-m+fp/hard\libm.a(libm_a-s_atan.o)
 .rodata.atanlo
                0x000000000800a238       0x20 C:/ST/STM32CubeIDE_1.14.0/STM32CubeIDE/plugins/com.st.stm32cube.ide.mcu.externaltools.gnu-tools-for-stm32.11.3.rel1.win32_1.1.100.202309141235/tools/bin/../lib/gcc/arm-none-eabi/11.3.1/../../../../arm-none-eabi/lib/thumb/v7e-m+fp/hard\libm.a(libm_a-s_atan.o)
 .rodata.CSWTCH.8
                0x000000000800a258       0x18 C:/ST/STM32CubeIDE_1.14.0/STM32CubeIDE/plugins/com.st.stm32cube.ide.mcu.externaltools.gnu-tools-for-stm32.11.3.rel1.win32_1.1.100.202309141235/tools/bin/../lib/gcc/arm-none-eabi/11.3.1/../../../../arm-none-eabi/lib/thumb/v7e-m+fp/hard\libm.a(libm_a-e_atan2.o)
 .rodata.CSWTCH.9
                0x000000000800a270       0x18 C:/ST/STM32CubeIDE_1.14.0/STM32CubeIDE/plugins/com.st.stm32cube.ide.mcu.externaltools.gnu-tools-for-stm32.11.3.rel1.win32_1.1.100.202309141235/tools/bin/../lib/gcc/arm-none-eabi/11.3.1/../../../../arm-none-eabi/lib/thumb/v7e-m+fp/hard\libm.a(libm_a-e_atan2.o)
                0x000000000800a288                . = ALIGN (0x4)

.ARM.extab      0x000000000800a288        0x0
                0x000000000800a288                . = ALIGN (0x4)
 *(.ARM.extab* .gnu.linkonce.armextab.*)
                0x000000000800a288                . = ALIGN (0x4)

.ARM            0x000000000800a288        0x8
                0x000000000800a288                . = ALIGN (0x4)
                0x000000000800a288                __exidx_start = .
 *(.ARM.exidx*)
 .ARM.exidx     0x000000000800a288        0x8 C:/ST/STM32CubeIDE_1.14.0/STM32CubeIDE/plugins/com.st.stm32cube.ide.mcu.externaltools.gnu-tools-for-stm32.11.3.rel1.win32_1.1.100.202309141235/tools/bin/../lib/gcc/arm-none-eabi/11.3.1/thumb/v7e-m+fp/hard\libgcc.a(_udivmoddi4.o)
                0x000000000800a290                __exidx_end = .
                0x000000000800a290                . = ALIGN (0x4)

.rel.dyn        0x000000000800a290        0x0
 .rel.iplt      0x000000000800a290        0x0 C:/ST/STM32CubeIDE_1.14.0/STM32CubeIDE/plugins/com.st.stm32cube.ide.mcu.externaltools.gnu-tools-for-stm32.11.3.rel1.win32_1.1.100.202309141235/tools/bin/../lib/gcc/arm-none-eabi/11.3.1/thumb/v7e-m+fp/hard/crtbegin.o

.preinit_array  0x000000000800a290        0x0
                0x000000000800a290                . = ALIGN (0x4)
                0x000000000800a290                PROVIDE (__preinit_array_start = .)
 *(.preinit_array*)
                0x000000000800a290                PROVIDE (__preinit_array_end = .)
                0x000000000800a290                . = ALIGN (0x4)

.init_array     0x000000000800a290        0x4
                0x000000000800a290                . = ALIGN (0x4)
                0x000000000800a290                PROVIDE (__init_array_start = .)
 *(SORT_BY_NAME(.init_array.*))
 *(.init_array*)
 .init_array    0x000000000800a290        0x4 C:/ST/STM32CubeIDE_1.14.0/STM32CubeIDE/plugins/com.st.stm32cube.ide.mcu.externaltools.gnu-tools-for-stm32.11.3.rel1.win32_1.1.100.202309141235/tools/bin/../lib/gcc/arm-none-eabi/11.3.1/thumb/v7e-m+fp/hard/crtbegin.o
                0x000000000800a294                PROVIDE (__init_array_end = .)
                0x000000000800a294                . = ALIGN (0x4)

.fini_array     0x000000000800a294        0x4
                0x000000000800a294                . = ALIGN (0x4)
                [!provide]                        PROVIDE (__fini_array_start = .)
 *(SORT_BY_NAME(.fini_array.*))
 *(.fini_array*)
 .fini_array    0x000000000800a294        0x4 C:/ST/STM32CubeIDE_1.14.0/STM32CubeIDE/plugins/com.st.stm32cube.ide.mcu.externaltools.gnu-tools-for-stm32.11.3.rel1.win32_1.1.100.202309141235/tools/bin/../lib/gcc/arm-none-eabi/11.3.1/thumb/v7e-m+fp/hard/crtbegin.o
                [!provide]                        PROVIDE (__fini_array_end = .)
                0x000000000800a298                . = ALIGN (0x4)
                0x000000000800a298                _sidata = LOADADDR (.data)

.data           0x0000000020000000      0x100 load address 0x000000000800a298
                0x0000000020000000                . = ALIGN (0x4)
                0x0000000020000000                _sdata = .
 *(.data)
 *(.data*)
 .data.KalmanX  0x0000000020000000       0x48 ./Core/Src/Peripheral/mpu6050.o
                0x0000000020000000                KalmanX
 .data.KalmanY  0x0000000020000048       0x48 ./Core/Src/Peripheral/mpu6050.o
                0x0000000020000048                KalmanY
 .data.SystemCoreClock
                0x0000000020000090        0x4 ./Core/Src/system_stm32f4xx.o
                0x0000000020000090                SystemCoreClock
 .data.uwTickPrio
                0x0000000020000094        0x4 ./Drivers/STM32F4xx_HAL_Driver/Src/stm32f4xx_hal.o
                0x0000000020000094                uwTickPrio
 .data.uwTickFreq
                0x0000000020000098        0x1 ./Drivers/STM32F4xx_HAL_Driver/Src/stm32f4xx_hal.o
                0x0000000020000098                uwTickFreq
 *fill*         0x0000000020000099        0x3 
 .data.uxCriticalNesting
                0x000000002000009c        0x4 ./Middlewares/Third_Party/FreeRTOS/Source/portable/GCC/ARM_CM4F/port.o
 .data._impure_data
                0x00000000200000a0       0x4c C:/ST/STM32CubeIDE_1.14.0/STM32CubeIDE/plugins/com.st.stm32cube.ide.mcu.externaltools.gnu-tools-for-stm32.11.3.rel1.win32_1.1.100.202309141235/tools/bin/../lib/gcc/arm-none-eabi/11.3.1/../../../../arm-none-eabi/lib/thumb/v7e-m+fp/hard\libc_nano.a(libc_a-impure.o)
                0x00000000200000a0                _impure_data
 .data._impure_ptr
                0x00000000200000ec        0x4 C:/ST/STM32CubeIDE_1.14.0/STM32CubeIDE/plugins/com.st.stm32cube.ide.mcu.externaltools.gnu-tools-for-stm32.11.3.rel1.win32_1.1.100.202309141235/tools/bin/../lib/gcc/arm-none-eabi/11.3.1/../../../../arm-none-eabi/lib/thumb/v7e-m+fp/hard\libc_nano.a(libc_a-impure.o)
                0x00000000200000ec                _impure_ptr
 .data.one      0x00000000200000f0        0x8 C:/ST/STM32CubeIDE_1.14.0/STM32CubeIDE/plugins/com.st.stm32cube.ide.mcu.externaltools.gnu-tools-for-stm32.11.3.rel1.win32_1.1.100.202309141235/tools/bin/../lib/gcc/arm-none-eabi/11.3.1/../../../../arm-none-eabi/lib/thumb/v7e-m+fp/hard\libm.a(libm_a-e_sqrt.o)
 .data.tiny     0x00000000200000f8        0x8 C:/ST/STM32CubeIDE_1.14.0/STM32CubeIDE/plugins/com.st.stm32cube.ide.mcu.externaltools.gnu-tools-for-stm32.11.3.rel1.win32_1.1.100.202309141235/tools/bin/../lib/gcc/arm-none-eabi/11.3.1/../../../../arm-none-eabi/lib/thumb/v7e-m+fp/hard\libm.a(libm_a-e_sqrt.o)
 *(.RamFunc)
 *(.RamFunc*)
                0x0000000020000100                . = ALIGN (0x4)
                0x0000000020000100                _edata = .

.igot.plt       0x0000000020000100        0x0 load address 0x000000000800a398
 .igot.plt      0x0000000020000100        0x0 C:/ST/STM32CubeIDE_1.14.0/STM32CubeIDE/plugins/com.st.stm32cube.ide.mcu.externaltools.gnu-tools-for-stm32.11.3.rel1.win32_1.1.100.202309141235/tools/bin/../lib/gcc/arm-none-eabi/11.3.1/thumb/v7e-m+fp/hard/crtbegin.o
                0x0000000020000100                . = ALIGN (0x4)

.bss            0x0000000020000100     0x4548 load address 0x000000000800a398
                0x0000000020000100                _sbss = .
                0x0000000020000100                __bss_start__ = _sbss
 *(.bss)
 .bss           0x0000000020000100       0x1c C:/ST/STM32CubeIDE_1.14.0/STM32CubeIDE/plugins/com.st.stm32cube.ide.mcu.externaltools.gnu-tools-for-stm32.11.3.rel1.win32_1.1.100.202309141235/tools/bin/../lib/gcc/arm-none-eabi/11.3.1/thumb/v7e-m+fp/hard/crtbegin.o
 *(.bss*)
 .bss.ErrorFlags
                0x000000002000011c        0x1 ./Core/Src/Global/Flags.o
                0x000000002000011c                ErrorFlags
 .bss.BMP280_ID
                0x000000002000011d        0x1 ./Core/Src/Peripheral/BMP280.o
                0x000000002000011d                BMP280_ID
 .bss.dig_T1    0x000000002000011e        0x2 ./Core/Src/Peripheral/BMP280.o
                0x000000002000011e                dig_T1
 .bss.dig_P1    0x0000000020000120        0x2 ./Core/Src/Peripheral/BMP280.o
                0x0000000020000120                dig_P1
 .bss.dig_T2    0x0000000020000122        0x2 ./Core/Src/Peripheral/BMP280.o
                0x0000000020000122                dig_T2
 .bss.dig_T3    0x0000000020000124        0x2 ./Core/Src/Peripheral/BMP280.o
                0x0000000020000124                dig_T3
 .bss.dig_P2    0x0000000020000126        0x2 ./Core/Src/Peripheral/BMP280.o
                0x0000000020000126                dig_P2
 .bss.dig_P3    0x0000000020000128        0x2 ./Core/Src/Peripheral/BMP280.o
                0x0000000020000128                dig_P3
 .bss.dig_P4    0x000000002000012a        0x2 ./Core/Src/Peripheral/BMP280.o
                0x000000002000012a                dig_P4
 .bss.dig_P5    0x000000002000012c        0x2 ./Core/Src/Peripheral/BMP280.o
                0x000000002000012c                dig_P5
 .bss.dig_P6    0x000000002000012e        0x2 ./Core/Src/Peripheral/BMP280.o
                0x000000002000012e                dig_P6
 .bss.dig_P7    0x0000000020000130        0x2 ./Core/Src/Peripheral/BMP280.o
                0x0000000020000130                dig_P7
 .bss.dig_P8    0x0000000020000132        0x2 ./Core/Src/Peripheral/BMP280.o
                0x0000000020000132                dig_P8
 .bss.dig_P9    0x0000000020000134        0x2 ./Core/Src/Peripheral/BMP280.o
                0x0000000020000134                dig_P9
 *fill*         0x0000000020000136        0x2 
 .bss.T_raw     0x0000000020000138        0x4 ./Core/Src/Peripheral/BMP280.o
                0x0000000020000138                T_raw
 .bss.P_raw     0x000000002000013c        0x4 ./Core/Src/Peripheral/BMP280.o
                0x000000002000013c                P_raw
 .bss.t_fine    0x0000000020000140        0x4 ./Core/Src/Peripheral/BMP280.o
                0x0000000020000140                t_fine
 .bss.Temperature
                0x0000000020000144        0x4 ./Core/Src/Peripheral/BMP280.o
                0x0000000020000144                Temperature
 .bss.Altitud   0x0000000020000148        0x4 ./Core/Src/Peripheral/BMP280.o
                0x0000000020000148                Altitud
 .bss.Presure   0x000000002000014c        0x4 ./Core/Src/Peripheral/BMP280.o
                0x000000002000014c                Presure
 .bss.NRF24_Configurations_Struct
                0x0000000020000150       0x98 ./Core/Src/Peripheral/NRF24.o
                0x0000000020000150                NRF24_Configurations_Struct
 .bss.Transmision_Flag
                0x00000000200001e8        0x1 ./Core/Src/Peripheral/NRF24.o
                0x00000000200001e8                Transmision_Flag
 .bss.TX_FULL   0x00000000200001e9        0x1 ./Core/Src/Peripheral/NRF24.o
                0x00000000200001e9                TX_FULL
 .bss.RX_P_NO   0x00000000200001ea        0x1 ./Core/Src/Peripheral/NRF24.o
                0x00000000200001ea                RX_P_NO
 .bss.MAX_RT    0x00000000200001eb        0x1 ./Core/Src/Peripheral/NRF24.o
                0x00000000200001eb                MAX_RT
 .bss.TX_DS     0x00000000200001ec        0x1 ./Core/Src/Peripheral/NRF24.o
                0x00000000200001ec                TX_DS
 .bss.RX_DR     0x00000000200001ed        0x1 ./Core/Src/Peripheral/NRF24.o
                0x00000000200001ed                RX_DR
 .bss.RX_EMPTY  0x00000000200001ee        0x1 ./Core/Src/Peripheral/NRF24.o
                0x00000000200001ee                RX_EMPTY
 .bss.RX_FULL   0x00000000200001ef        0x1 ./Core/Src/Peripheral/NRF24.o
                0x00000000200001ef                RX_FULL
 .bss.TX_EMPTY  0x00000000200001f0        0x1 ./Core/Src/Peripheral/NRF24.o
                0x00000000200001f0                TX_EMPTY
 .bss.TX_REUSE  0x00000000200001f1        0x1 ./Core/Src/Peripheral/NRF24.o
                0x00000000200001f1                TX_REUSE
 .bss.Cont_TX   0x00000000200001f2        0x1 ./Core/Src/Peripheral/NRF24.o
                0x00000000200001f2                Cont_TX
 .bss.NRF24_mode
                0x00000000200001f3        0x1 ./Core/Src/Peripheral/NRF24.o
                0x00000000200001f3                NRF24_mode
 .bss.TxBuffer  0x00000000200001f4       0x20 ./Core/Src/Peripheral/NRF24.o
                0x00000000200001f4                TxBuffer
 .bss.RxBuffer  0x0000000020000214       0x20 ./Core/Src/Peripheral/NRF24.o
                0x0000000020000214                RxBuffer
 .bss.N_message
                0x0000000020000234        0x1 ./Core/Src/Peripheral/NRF24.o
                0x0000000020000234                N_message
 .bss.Struct2transmit
                0x0000000020000235        0x1 ./Core/Src/Peripheral/NRF24.o
                0x0000000020000235                Struct2transmit
 .bss.Transmision_cont
                0x0000000020000236        0x1 ./Core/Src/Peripheral/NRF24.o
                0x0000000020000236                Transmision_cont
 .bss.CheckSum  0x0000000020000237        0x1 ./Core/Src/Peripheral/NRF24.o
                0x0000000020000237                CheckSum
 .bss.AngleX    0x0000000020000238        0x4 ./Core/Src/Peripheral/NRF24.o
                0x0000000020000238                AngleX
 .bss.AngleY    0x000000002000023c        0x4 ./Core/Src/Peripheral/NRF24.o
                0x000000002000023c                AngleY
 .bss.timer     0x0000000020000240        0x4 ./Core/Src/Peripheral/mpu6050.o
                0x0000000020000240                timer
 *fill*         0x0000000020000244        0x4 
 .bss.MPU6050   0x0000000020000248       0x58 ./Core/Src/Peripheral/mpu6050.o
                0x0000000020000248                MPU6050
 .bss.Task10msHandle
                0x00000000200002a0        0x4 ./Core/Src/freertos.o
                0x00000000200002a0                Task10msHandle
 .bss.Task100msHandle
                0x00000000200002a4        0x4 ./Core/Src/freertos.o
                0x00000000200002a4                Task100msHandle
 .bss.Task1000msHandle
                0x00000000200002a8        0x4 ./Core/Src/freertos.o
                0x00000000200002a8                Task1000msHandle
 .bss.Task1msHandle
                0x00000000200002ac        0x4 ./Core/Src/freertos.o
                0x00000000200002ac                Task1msHandle
 .bss.xIdleTaskTCBBuffer
                0x00000000200002b0       0x54 ./Core/Src/freertos.o
 .bss.xIdleStack
                0x0000000020000304      0x200 ./Core/Src/freertos.o
 .bss.hi2c1     0x0000000020000504       0x54 ./Core/Src/i2c.o
                0x0000000020000504                hi2c1
 .bss.hspi1     0x0000000020000558       0x58 ./Core/Src/spi.o
                0x0000000020000558                hspi1
 .bss.hspi2     0x00000000200005b0       0x58 ./Core/Src/spi.o
                0x00000000200005b0                hspi2
 .bss.hdma_spi1_rx
                0x0000000020000608       0x60 ./Core/Src/spi.o
                0x0000000020000608                hdma_spi1_rx
 .bss.hdma_spi1_tx
                0x0000000020000668       0x60 ./Core/Src/spi.o
                0x0000000020000668                hdma_spi1_tx
 .bss.hdma_spi2_rx
                0x00000000200006c8       0x60 ./Core/Src/spi.o
                0x00000000200006c8                hdma_spi2_rx
 .bss.htim11    0x0000000020000728       0x48 ./Core/Src/stm32f4xx_hal_timebase_tim.o
                0x0000000020000728                htim11
 .bss.huart6    0x0000000020000770       0x48 ./Core/Src/usart.o
                0x0000000020000770                huart6
 .bss.uwTick    0x00000000200007b8        0x4 ./Drivers/STM32F4xx_HAL_Driver/Src/stm32f4xx_hal.o
                0x00000000200007b8                uwTick
 .bss.pxCurrentTCB
                0x00000000200007bc        0x4 ./Middlewares/Third_Party/FreeRTOS/Source/tasks.o
                0x00000000200007bc                pxCurrentTCB
 .bss.pxReadyTasksLists
                0x00000000200007c0       0x8c ./Middlewares/Third_Party/FreeRTOS/Source/tasks.o
 .bss.xDelayedTaskList1
                0x000000002000084c       0x14 ./Middlewares/Third_Party/FreeRTOS/Source/tasks.o
 .bss.xDelayedTaskList2
                0x0000000020000860       0x14 ./Middlewares/Third_Party/FreeRTOS/Source/tasks.o
 .bss.pxDelayedTaskList
                0x0000000020000874        0x4 ./Middlewares/Third_Party/FreeRTOS/Source/tasks.o
 .bss.pxOverflowDelayedTaskList
                0x0000000020000878        0x4 ./Middlewares/Third_Party/FreeRTOS/Source/tasks.o
 .bss.xPendingReadyList
                0x000000002000087c       0x14 ./Middlewares/Third_Party/FreeRTOS/Source/tasks.o
 .bss.xTasksWaitingTermination
                0x0000000020000890       0x14 ./Middlewares/Third_Party/FreeRTOS/Source/tasks.o
 .bss.uxDeletedTasksWaitingCleanUp
                0x00000000200008a4        0x4 ./Middlewares/Third_Party/FreeRTOS/Source/tasks.o
 .bss.xSuspendedTaskList
                0x00000000200008a8       0x14 ./Middlewares/Third_Party/FreeRTOS/Source/tasks.o
 .bss.uxCurrentNumberOfTasks
                0x00000000200008bc        0x4 ./Middlewares/Third_Party/FreeRTOS/Source/tasks.o
 .bss.xTickCount
                0x00000000200008c0        0x4 ./Middlewares/Third_Party/FreeRTOS/Source/tasks.o
 .bss.uxTopReadyPriority
                0x00000000200008c4        0x4 ./Middlewares/Third_Party/FreeRTOS/Source/tasks.o
 .bss.xSchedulerRunning
                0x00000000200008c8        0x4 ./Middlewares/Third_Party/FreeRTOS/Source/tasks.o
 .bss.xPendedTicks
                0x00000000200008cc        0x4 ./Middlewares/Third_Party/FreeRTOS/Source/tasks.o
 .bss.xYieldPending
                0x00000000200008d0        0x4 ./Middlewares/Third_Party/FreeRTOS/Source/tasks.o
 .bss.xNumOfOverflows
                0x00000000200008d4        0x4 ./Middlewares/Third_Party/FreeRTOS/Source/tasks.o
 .bss.uxTaskNumber
                0x00000000200008d8        0x4 ./Middlewares/Third_Party/FreeRTOS/Source/tasks.o
 .bss.xNextTaskUnblockTime
                0x00000000200008dc        0x4 ./Middlewares/Third_Party/FreeRTOS/Source/tasks.o
 .bss.xIdleTaskHandle
                0x00000000200008e0        0x4 ./Middlewares/Third_Party/FreeRTOS/Source/tasks.o
 .bss.uxSchedulerSuspended
                0x00000000200008e4        0x4 ./Middlewares/Third_Party/FreeRTOS/Source/tasks.o
 .bss.ucMaxSysCallPriority
                0x00000000200008e8        0x1 ./Middlewares/Third_Party/FreeRTOS/Source/portable/GCC/ARM_CM4F/port.o
 *fill*         0x00000000200008e9        0x3 
 .bss.ulMaxPRIGROUPValue
                0x00000000200008ec        0x4 ./Middlewares/Third_Party/FreeRTOS/Source/portable/GCC/ARM_CM4F/port.o
 .bss.ucHeap    0x00000000200008f0     0x3c00 ./Middlewares/Third_Party/FreeRTOS/Source/portable/MemMang/heap_4.o
 .bss.xStart    0x00000000200044f0        0x8 ./Middlewares/Third_Party/FreeRTOS/Source/portable/MemMang/heap_4.o
 .bss.pxEnd     0x00000000200044f8        0x4 ./Middlewares/Third_Party/FreeRTOS/Source/portable/MemMang/heap_4.o
 .bss.xFreeBytesRemaining
                0x00000000200044fc        0x4 ./Middlewares/Third_Party/FreeRTOS/Source/portable/MemMang/heap_4.o
 .bss.xMinimumEverFreeBytesRemaining
                0x0000000020004500        0x4 ./Middlewares/Third_Party/FreeRTOS/Source/portable/MemMang/heap_4.o
 .bss.xNumberOfSuccessfulAllocations
                0x0000000020004504        0x4 ./Middlewares/Third_Party/FreeRTOS/Source/portable/MemMang/heap_4.o
 .bss.xNumberOfSuccessfulFrees
                0x0000000020004508        0x4 ./Middlewares/Third_Party/FreeRTOS/Source/portable/MemMang/heap_4.o
 .bss.xBlockAllocatedBit
                0x000000002000450c        0x4 ./Middlewares/Third_Party/FreeRTOS/Source/portable/MemMang/heap_4.o
 .bss.__sf      0x0000000020004510      0x138 C:/ST/STM32CubeIDE_1.14.0/STM32CubeIDE/plugins/com.st.stm32cube.ide.mcu.externaltools.gnu-tools-for-stm32.11.3.rel1.win32_1.1.100.202309141235/tools/bin/../lib/gcc/arm-none-eabi/11.3.1/../../../../arm-none-eabi/lib/thumb/v7e-m+fp/hard\libc_nano.a(libc_a-findfp.o)
                0x0000000020004510                __sf
 *(COMMON)
                0x0000000020004648                . = ALIGN (0x4)
                0x0000000020004648                _ebss = .
                0x0000000020004648                __bss_end__ = _ebss

._user_heap_stack
                0x0000000020004648      0x600 load address 0x000000000800a398
                0x0000000020004648                . = ALIGN (0x8)
                [!provide]                        PROVIDE (end = .)
                0x0000000020004648                PROVIDE (_end = .)
                0x0000000020004848                . = (. + _Min_Heap_Size)
 *fill*         0x0000000020004648      0x200 
                0x0000000020004c48                . = (. + _Min_Stack_Size)
 *fill*         0x0000000020004848      0x400 
                0x0000000020004c48                . = ALIGN (0x8)

/DISCARD/
 libc.a(*)
 libm.a(*)
 libgcc.a(*)

.ARM.attributes
                0x0000000000000000       0x30
 *(.ARM.attributes)
 .ARM.attributes
                0x0000000000000000       0x1e C:/ST/STM32CubeIDE_1.14.0/STM32CubeIDE/plugins/com.st.stm32cube.ide.mcu.externaltools.gnu-tools-for-stm32.11.3.rel1.win32_1.1.100.202309141235/tools/bin/../lib/gcc/arm-none-eabi/11.3.1/thumb/v7e-m+fp/hard/crti.o
 .ARM.attributes
                0x000000000000001e       0x34 C:/ST/STM32CubeIDE_1.14.0/STM32CubeIDE/plugins/com.st.stm32cube.ide.mcu.externaltools.gnu-tools-for-stm32.11.3.rel1.win32_1.1.100.202309141235/tools/bin/../lib/gcc/arm-none-eabi/11.3.1/thumb/v7e-m+fp/hard/crtbegin.o
 .ARM.attributes
                0x0000000000000052       0x34 ./Core/Src/Global/Flags.o
 .ARM.attributes
                0x0000000000000086       0x34 ./Core/Src/Global/Task_schedule.o
 .ARM.attributes
                0x00000000000000ba       0x34 ./Core/Src/Peripheral/BMP280.o
 .ARM.attributes
                0x00000000000000ee       0x34 ./Core/Src/Peripheral/NRF24.o
 .ARM.attributes
                0x0000000000000122       0x34 ./Core/Src/Peripheral/mpu6050.o
 .ARM.attributes
                0x0000000000000156       0x34 ./Core/Src/dma.o
 .ARM.attributes
                0x000000000000018a       0x34 ./Core/Src/freertos.o
 .ARM.attributes
                0x00000000000001be       0x34 ./Core/Src/gpio.o
 .ARM.attributes
                0x00000000000001f2       0x34 ./Core/Src/i2c.o
 .ARM.attributes
                0x0000000000000226       0x34 ./Core/Src/main.o
 .ARM.attributes
                0x000000000000025a       0x34 ./Core/Src/spi.o
 .ARM.attributes
                0x000000000000028e       0x34 ./Core/Src/stm32f4xx_hal_msp.o
 .ARM.attributes
                0x00000000000002c2       0x34 ./Core/Src/stm32f4xx_hal_timebase_tim.o
 .ARM.attributes
                0x00000000000002f6       0x34 ./Core/Src/stm32f4xx_it.o
 .ARM.attributes
                0x000000000000032a       0x34 ./Core/Src/system_stm32f4xx.o
 .ARM.attributes
                0x000000000000035e       0x34 ./Core/Src/usart.o
 .ARM.attributes
                0x0000000000000392       0x21 ./Core/Startup/startup_stm32f411retx.o
 .ARM.attributes
                0x00000000000003b3       0x34 ./Drivers/STM32F4xx_HAL_Driver/Src/stm32f4xx_hal.o
 .ARM.attributes
                0x00000000000003e7       0x34 ./Drivers/STM32F4xx_HAL_Driver/Src/stm32f4xx_hal_cortex.o
 .ARM.attributes
                0x000000000000041b       0x34 ./Drivers/STM32F4xx_HAL_Driver/Src/stm32f4xx_hal_dma.o
 .ARM.attributes
                0x000000000000044f       0x34 ./Drivers/STM32F4xx_HAL_Driver/Src/stm32f4xx_hal_gpio.o
 .ARM.attributes
                0x0000000000000483       0x34 ./Drivers/STM32F4xx_HAL_Driver/Src/stm32f4xx_hal_i2c.o
 .ARM.attributes
                0x00000000000004b7       0x34 ./Drivers/STM32F4xx_HAL_Driver/Src/stm32f4xx_hal_rcc.o
 .ARM.attributes
                0x00000000000004eb       0x34 ./Drivers/STM32F4xx_HAL_Driver/Src/stm32f4xx_hal_spi.o
 .ARM.attributes
                0x000000000000051f       0x34 ./Drivers/STM32F4xx_HAL_Driver/Src/stm32f4xx_hal_tim.o
 .ARM.attributes
                0x0000000000000553       0x34 ./Drivers/STM32F4xx_HAL_Driver/Src/stm32f4xx_hal_tim_ex.o
 .ARM.attributes
                0x0000000000000587       0x34 ./Drivers/STM32F4xx_HAL_Driver/Src/stm32f4xx_hal_uart.o
 .ARM.attributes
                0x00000000000005bb       0x34 ./Middlewares/Third_Party/FreeRTOS/Source/CMSIS_RTOS/cmsis_os.o
 .ARM.attributes
                0x00000000000005ef       0x34 ./Middlewares/Third_Party/FreeRTOS/Source/list.o
 .ARM.attributes
                0x0000000000000623       0x34 ./Middlewares/Third_Party/FreeRTOS/Source/tasks.o
 .ARM.attributes
                0x0000000000000657       0x34 ./Middlewares/Third_Party/FreeRTOS/Source/portable/GCC/ARM_CM4F/port.o
 .ARM.attributes
                0x000000000000068b       0x34 ./Middlewares/Third_Party/FreeRTOS/Source/portable/MemMang/heap_4.o
 .ARM.attributes
                0x00000000000006bf       0x34 C:/ST/STM32CubeIDE_1.14.0/STM32CubeIDE/plugins/com.st.stm32cube.ide.mcu.externaltools.gnu-tools-for-stm32.11.3.rel1.win32_1.1.100.202309141235/tools/bin/../lib/gcc/arm-none-eabi/11.3.1/../../../../arm-none-eabi/lib/thumb/v7e-m+fp/hard\libc_nano.a(libc_a-findfp.o)
 .ARM.attributes
                0x00000000000006f3       0x34 C:/ST/STM32CubeIDE_1.14.0/STM32CubeIDE/plugins/com.st.stm32cube.ide.mcu.externaltools.gnu-tools-for-stm32.11.3.rel1.win32_1.1.100.202309141235/tools/bin/../lib/gcc/arm-none-eabi/11.3.1/../../../../arm-none-eabi/lib/thumb/v7e-m+fp/hard\libc_nano.a(libc_a-memset.o)
 .ARM.attributes
                0x0000000000000727       0x34 C:/ST/STM32CubeIDE_1.14.0/STM32CubeIDE/plugins/com.st.stm32cube.ide.mcu.externaltools.gnu-tools-for-stm32.11.3.rel1.win32_1.1.100.202309141235/tools/bin/../lib/gcc/arm-none-eabi/11.3.1/../../../../arm-none-eabi/lib/thumb/v7e-m+fp/hard\libc_nano.a(libc_a-impure.o)
 .ARM.attributes
                0x000000000000075b       0x34 C:/ST/STM32CubeIDE_1.14.0/STM32CubeIDE/plugins/com.st.stm32cube.ide.mcu.externaltools.gnu-tools-for-stm32.11.3.rel1.win32_1.1.100.202309141235/tools/bin/../lib/gcc/arm-none-eabi/11.3.1/../../../../arm-none-eabi/lib/thumb/v7e-m+fp/hard\libc_nano.a(libc_a-errno.o)
 .ARM.attributes
                0x000000000000078f       0x34 C:/ST/STM32CubeIDE_1.14.0/STM32CubeIDE/plugins/com.st.stm32cube.ide.mcu.externaltools.gnu-tools-for-stm32.11.3.rel1.win32_1.1.100.202309141235/tools/bin/../lib/gcc/arm-none-eabi/11.3.1/../../../../arm-none-eabi/lib/thumb/v7e-m+fp/hard\libc_nano.a(libc_a-init.o)
 .ARM.attributes
                0x00000000000007c3       0x34 C:/ST/STM32CubeIDE_1.14.0/STM32CubeIDE/plugins/com.st.stm32cube.ide.mcu.externaltools.gnu-tools-for-stm32.11.3.rel1.win32_1.1.100.202309141235/tools/bin/../lib/gcc/arm-none-eabi/11.3.1/../../../../arm-none-eabi/lib/thumb/v7e-m+fp/hard\libm.a(libm_a-w_atan2.o)
 .ARM.attributes
                0x00000000000007f7       0x34 C:/ST/STM32CubeIDE_1.14.0/STM32CubeIDE/plugins/com.st.stm32cube.ide.mcu.externaltools.gnu-tools-for-stm32.11.3.rel1.win32_1.1.100.202309141235/tools/bin/../lib/gcc/arm-none-eabi/11.3.1/../../../../arm-none-eabi/lib/thumb/v7e-m+fp/hard\libm.a(libm_a-w_log.o)
 .ARM.attributes
                0x000000000000082b       0x34 C:/ST/STM32CubeIDE_1.14.0/STM32CubeIDE/plugins/com.st.stm32cube.ide.mcu.externaltools.gnu-tools-for-stm32.11.3.rel1.win32_1.1.100.202309141235/tools/bin/../lib/gcc/arm-none-eabi/11.3.1/../../../../arm-none-eabi/lib/thumb/v7e-m+fp/hard\libm.a(libm_a-w_sqrt.o)
 .ARM.attributes
                0x000000000000085f       0x34 C:/ST/STM32CubeIDE_1.14.0/STM32CubeIDE/plugins/com.st.stm32cube.ide.mcu.externaltools.gnu-tools-for-stm32.11.3.rel1.win32_1.1.100.202309141235/tools/bin/../lib/gcc/arm-none-eabi/11.3.1/../../../../arm-none-eabi/lib/thumb/v7e-m+fp/hard\libm.a(libm_a-s_atan.o)
 .ARM.attributes
                0x0000000000000893       0x34 C:/ST/STM32CubeIDE_1.14.0/STM32CubeIDE/plugins/com.st.stm32cube.ide.mcu.externaltools.gnu-tools-for-stm32.11.3.rel1.win32_1.1.100.202309141235/tools/bin/../lib/gcc/arm-none-eabi/11.3.1/../../../../arm-none-eabi/lib/thumb/v7e-m+fp/hard\libm.a(libm_a-s_fabs.o)
 .ARM.attributes
                0x00000000000008c7       0x34 C:/ST/STM32CubeIDE_1.14.0/STM32CubeIDE/plugins/com.st.stm32cube.ide.mcu.externaltools.gnu-tools-for-stm32.11.3.rel1.win32_1.1.100.202309141235/tools/bin/../lib/gcc/arm-none-eabi/11.3.1/../../../../arm-none-eabi/lib/thumb/v7e-m+fp/hard\libm.a(libm_a-s_nan.o)
 .ARM.attributes
                0x00000000000008fb       0x34 C:/ST/STM32CubeIDE_1.14.0/STM32CubeIDE/plugins/com.st.stm32cube.ide.mcu.externaltools.gnu-tools-for-stm32.11.3.rel1.win32_1.1.100.202309141235/tools/bin/../lib/gcc/arm-none-eabi/11.3.1/../../../../arm-none-eabi/lib/thumb/v7e-m+fp/hard\libm.a(libm_a-e_sqrt.o)
 .ARM.attributes
                0x000000000000092f       0x34 C:/ST/STM32CubeIDE_1.14.0/STM32CubeIDE/plugins/com.st.stm32cube.ide.mcu.externaltools.gnu-tools-for-stm32.11.3.rel1.win32_1.1.100.202309141235/tools/bin/../lib/gcc/arm-none-eabi/11.3.1/../../../../arm-none-eabi/lib/thumb/v7e-m+fp/hard\libm.a(libm_a-e_atan2.o)
 .ARM.attributes
                0x0000000000000963       0x34 C:/ST/STM32CubeIDE_1.14.0/STM32CubeIDE/plugins/com.st.stm32cube.ide.mcu.externaltools.gnu-tools-for-stm32.11.3.rel1.win32_1.1.100.202309141235/tools/bin/../lib/gcc/arm-none-eabi/11.3.1/../../../../arm-none-eabi/lib/thumb/v7e-m+fp/hard\libm.a(libm_a-e_log.o)
 .ARM.attributes
                0x0000000000000997       0x1e C:/ST/STM32CubeIDE_1.14.0/STM32CubeIDE/plugins/com.st.stm32cube.ide.mcu.externaltools.gnu-tools-for-stm32.11.3.rel1.win32_1.1.100.202309141235/tools/bin/../lib/gcc/arm-none-eabi/11.3.1/thumb/v7e-m+fp/hard\libgcc.a(_arm_addsubdf3.o)
 .ARM.attributes
                0x00000000000009b5       0x1e C:/ST/STM32CubeIDE_1.14.0/STM32CubeIDE/plugins/com.st.stm32cube.ide.mcu.externaltools.gnu-tools-for-stm32.11.3.rel1.win32_1.1.100.202309141235/tools/bin/../lib/gcc/arm-none-eabi/11.3.1/thumb/v7e-m+fp/hard\libgcc.a(_arm_muldivdf3.o)
 .ARM.attributes
                0x00000000000009d3       0x1e C:/ST/STM32CubeIDE_1.14.0/STM32CubeIDE/plugins/com.st.stm32cube.ide.mcu.externaltools.gnu-tools-for-stm32.11.3.rel1.win32_1.1.100.202309141235/tools/bin/../lib/gcc/arm-none-eabi/11.3.1/thumb/v7e-m+fp/hard\libgcc.a(_arm_cmpdf2.o)
 .ARM.attributes
                0x00000000000009f1       0x1e C:/ST/STM32CubeIDE_1.14.0/STM32CubeIDE/plugins/com.st.stm32cube.ide.mcu.externaltools.gnu-tools-for-stm32.11.3.rel1.win32_1.1.100.202309141235/tools/bin/../lib/gcc/arm-none-eabi/11.3.1/thumb/v7e-m+fp/hard\libgcc.a(_arm_unorddf2.o)
 .ARM.attributes
                0x0000000000000a0f       0x1e C:/ST/STM32CubeIDE_1.14.0/STM32CubeIDE/plugins/com.st.stm32cube.ide.mcu.externaltools.gnu-tools-for-stm32.11.3.rel1.win32_1.1.100.202309141235/tools/bin/../lib/gcc/arm-none-eabi/11.3.1/thumb/v7e-m+fp/hard\libgcc.a(_arm_fixdfsi.o)
 .ARM.attributes
                0x0000000000000a2d       0x1e C:/ST/STM32CubeIDE_1.14.0/STM32CubeIDE/plugins/com.st.stm32cube.ide.mcu.externaltools.gnu-tools-for-stm32.11.3.rel1.win32_1.1.100.202309141235/tools/bin/../lib/gcc/arm-none-eabi/11.3.1/thumb/v7e-m+fp/hard\libgcc.a(_aeabi_ldivmod.o)
 .ARM.attributes
                0x0000000000000a4b       0x1e C:/ST/STM32CubeIDE_1.14.0/STM32CubeIDE/plugins/com.st.stm32cube.ide.mcu.externaltools.gnu-tools-for-stm32.11.3.rel1.win32_1.1.100.202309141235/tools/bin/../lib/gcc/arm-none-eabi/11.3.1/thumb/v7e-m+fp/hard\libgcc.a(_aeabi_uldivmod.o)
 .ARM.attributes
                0x0000000000000a69       0x34 C:/ST/STM32CubeIDE_1.14.0/STM32CubeIDE/plugins/com.st.stm32cube.ide.mcu.externaltools.gnu-tools-for-stm32.11.3.rel1.win32_1.1.100.202309141235/tools/bin/../lib/gcc/arm-none-eabi/11.3.1/thumb/v7e-m+fp/hard\libgcc.a(_udivmoddi4.o)
 .ARM.attributes
                0x0000000000000a9d       0x1e C:/ST/STM32CubeIDE_1.14.0/STM32CubeIDE/plugins/com.st.stm32cube.ide.mcu.externaltools.gnu-tools-for-stm32.11.3.rel1.win32_1.1.100.202309141235/tools/bin/../lib/gcc/arm-none-eabi/11.3.1/thumb/v7e-m+fp/hard\libgcc.a(_dvmd_tls.o)
 .ARM.attributes
                0x0000000000000abb       0x1e C:/ST/STM32CubeIDE_1.14.0/STM32CubeIDE/plugins/com.st.stm32cube.ide.mcu.externaltools.gnu-tools-for-stm32.11.3.rel1.win32_1.1.100.202309141235/tools/bin/../lib/gcc/arm-none-eabi/11.3.1/thumb/v7e-m+fp/hard/crtn.o
OUTPUT(CanSat.elf elf32-littlearm)
LOAD linker stubs
LOAD C:/ST/STM32CubeIDE_1.14.0/STM32CubeIDE/plugins/com.st.stm32cube.ide.mcu.externaltools.gnu-tools-for-stm32.11.3.rel1.win32_1.1.100.202309141235/tools/bin/../lib/gcc/arm-none-eabi/11.3.1/../../../../arm-none-eabi/lib/thumb/v7e-m+fp/hard\libc.a
LOAD C:/ST/STM32CubeIDE_1.14.0/STM32CubeIDE/plugins/com.st.stm32cube.ide.mcu.externaltools.gnu-tools-for-stm32.11.3.rel1.win32_1.1.100.202309141235/tools/bin/../lib/gcc/arm-none-eabi/11.3.1/../../../../arm-none-eabi/lib/thumb/v7e-m+fp/hard\libm.a
LOAD C:/ST/STM32CubeIDE_1.14.0/STM32CubeIDE/plugins/com.st.stm32cube.ide.mcu.externaltools.gnu-tools-for-stm32.11.3.rel1.win32_1.1.100.202309141235/tools/bin/../lib/gcc/arm-none-eabi/11.3.1/thumb/v7e-m+fp/hard\libgcc.a

.comment        0x0000000000000000       0x43
 .comment       0x0000000000000000       0x43 C:/ST/STM32CubeIDE_1.14.0/STM32CubeIDE/plugins/com.st.stm32cube.ide.mcu.externaltools.gnu-tools-for-stm32.11.3.rel1.win32_1.1.100.202309141235/tools/bin/../lib/gcc/arm-none-eabi/11.3.1/thumb/v7e-m+fp/hard/crtbegin.o
                                         0x44 (size before relaxing)
 .comment       0x0000000000000043       0x44 ./Core/Src/Global/Flags.o
 .comment       0x0000000000000043       0x44 ./Core/Src/Global/Task_schedule.o
 .comment       0x0000000000000043       0x44 ./Core/Src/Peripheral/BMP280.o
 .comment       0x0000000000000043       0x44 ./Core/Src/Peripheral/NRF24.o
 .comment       0x0000000000000043       0x44 ./Core/Src/Peripheral/mpu6050.o
 .comment       0x0000000000000043       0x44 ./Core/Src/dma.o
 .comment       0x0000000000000043       0x44 ./Core/Src/freertos.o
 .comment       0x0000000000000043       0x44 ./Core/Src/gpio.o
 .comment       0x0000000000000043       0x44 ./Core/Src/i2c.o
 .comment       0x0000000000000043       0x44 ./Core/Src/main.o
 .comment       0x0000000000000043       0x44 ./Core/Src/spi.o
 .comment       0x0000000000000043       0x44 ./Core/Src/stm32f4xx_hal_msp.o
 .comment       0x0000000000000043       0x44 ./Core/Src/stm32f4xx_hal_timebase_tim.o
 .comment       0x0000000000000043       0x44 ./Core/Src/stm32f4xx_it.o
 .comment       0x0000000000000043       0x44 ./Core/Src/system_stm32f4xx.o
 .comment       0x0000000000000043       0x44 ./Core/Src/usart.o
 .comment       0x0000000000000043       0x44 ./Drivers/STM32F4xx_HAL_Driver/Src/stm32f4xx_hal.o
 .comment       0x0000000000000043       0x44 ./Drivers/STM32F4xx_HAL_Driver/Src/stm32f4xx_hal_cortex.o
 .comment       0x0000000000000043       0x44 ./Drivers/STM32F4xx_HAL_Driver/Src/stm32f4xx_hal_dma.o
 .comment       0x0000000000000043       0x44 ./Drivers/STM32F4xx_HAL_Driver/Src/stm32f4xx_hal_gpio.o
 .comment       0x0000000000000043       0x44 ./Drivers/STM32F4xx_HAL_Driver/Src/stm32f4xx_hal_i2c.o
 .comment       0x0000000000000043       0x44 ./Drivers/STM32F4xx_HAL_Driver/Src/stm32f4xx_hal_rcc.o
 .comment       0x0000000000000043       0x44 ./Drivers/STM32F4xx_HAL_Driver/Src/stm32f4xx_hal_spi.o
 .comment       0x0000000000000043       0x44 ./Drivers/STM32F4xx_HAL_Driver/Src/stm32f4xx_hal_tim.o
 .comment       0x0000000000000043       0x44 ./Drivers/STM32F4xx_HAL_Driver/Src/stm32f4xx_hal_tim_ex.o
 .comment       0x0000000000000043       0x44 ./Drivers/STM32F4xx_HAL_Driver/Src/stm32f4xx_hal_uart.o
 .comment       0x0000000000000043       0x44 ./Middlewares/Third_Party/FreeRTOS/Source/CMSIS_RTOS/cmsis_os.o
 .comment       0x0000000000000043       0x44 ./Middlewares/Third_Party/FreeRTOS/Source/list.o
 .comment       0x0000000000000043       0x44 ./Middlewares/Third_Party/FreeRTOS/Source/tasks.o
 .comment       0x0000000000000043       0x44 ./Middlewares/Third_Party/FreeRTOS/Source/portable/GCC/ARM_CM4F/port.o
 .comment       0x0000000000000043       0x44 ./Middlewares/Third_Party/FreeRTOS/Source/portable/MemMang/heap_4.o

.debug_info     0x0000000000000000    0x1a78a
 .debug_info    0x0000000000000000      0x93e ./Core/Src/Global/Flags.o
 .debug_info    0x000000000000093e      0x129 ./Core/Src/Global/Task_schedule.o