Archive member included to satisfy reference by file (symbol)

C:/ST/STM32CubeIDE_1.12.0/STM32CubeIDE/plugins/com.st.stm32cube.ide.mcu.externaltools.gnu-tools-for-stm32.12.3.rel1.win32_1.0.100.202403111256/tools/bin/../lib/gcc/arm-none-eabi/12.3.1/../../../../arm-none-eabi/lib/thumb/v7e-m+fp/hard\libc_nano.a(libc_a-exit.o)
                              C:/ST/STM32CubeIDE_1.12.0/STM32CubeIDE/plugins/com.st.stm32cube.ide.mcu.externaltools.gnu-tools-for-stm32.12.3.rel1.win32_1.0.100.202403111256/tools/bin/../lib/gcc/arm-none-eabi/12.3.1/../../../../arm-none-eabi/lib/thumb/v7e-m+fp/hard/crt0.o (exit)
C:/ST/STM32CubeIDE_1.12.0/STM32CubeIDE/plugins/com.st.stm32cube.ide.mcu.externaltools.gnu-tools-for-stm32.12.3.rel1.win32_1.0.100.202403111256/tools/bin/../lib/gcc/arm-none-eabi/12.3.1/../../../../arm-none-eabi/lib/thumb/v7e-m+fp/hard\libc_nano.a(libc_a-findfp.o)
                              C:/ST/STM32CubeIDE_1.12.0/STM32CubeIDE/plugins/com.st.stm32cube.ide.mcu.externaltools.gnu-tools-for-stm32.12.3.rel1.win32_1.0.100.202403111256/tools/bin/../lib/gcc/arm-none-eabi/12.3.1/../../../../arm-none-eabi/lib/thumb/v7e-m+fp/hard\libc_nano.a(libc_a-exit.o) (__stdio_exit_handler)
C:/ST/STM32CubeIDE_1.12.0/STM32CubeIDE/plugins/com.st.stm32cube.ide.mcu.externaltools.gnu-tools-for-stm32.12.3.rel1.win32_1.0.100.202403111256/tools/bin/../lib/gcc/arm-none-eabi/12.3.1/../../../../arm-none-eabi/lib/thumb/v7e-m+fp/hard\libc_nano.a(libc_a-fwalk.o)
                              C:/ST/STM32CubeIDE_1.12.0/STM32CubeIDE/plugins/com.st.stm32cube.ide.mcu.externaltools.gnu-tools-for-stm32.12.3.rel1.win32_1.0.100.202403111256/tools/bin/../lib/gcc/arm-none-eabi/12.3.1/../../../../arm-none-eabi/lib/thumb/v7e-m+fp/hard\libc_nano.a(libc_a-findfp.o) (_fwalk_sglue)
C:/ST/STM32CubeIDE_1.12.0/STM32CubeIDE/plugins/com.st.stm32cube.ide.mcu.externaltools.gnu-tools-for-stm32.12.3.rel1.win32_1.0.100.202403111256/tools/bin/../lib/gcc/arm-none-eabi/12.3.1/../../../../arm-none-eabi/lib/thumb/v7e-m+fp/hard\libc_nano.a(libc_a-stdio.o)
                              C:/ST/STM32CubeIDE_1.12.0/STM32CubeIDE/plugins/com.st.stm32cube.ide.mcu.externaltools.gnu-tools-for-stm32.12.3.rel1.win32_1.0.100.202403111256/tools/bin/../lib/gcc/arm-none-eabi/12.3.1/../../../../arm-none-eabi/lib/thumb/v7e-m+fp/hard\libc_nano.a(libc_a-findfp.o) (__sread)
C:/ST/STM32CubeIDE_1.12.0/STM32CubeIDE/plugins/com.st.stm32cube.ide.mcu.externaltools.gnu-tools-for-stm32.12.3.rel1.win32_1.0.100.202403111256/tools/bin/../lib/gcc/arm-none-eabi/12.3.1/../../../../arm-none-eabi/lib/thumb/v7e-m+fp/hard\libc_nano.a(libc_a-memset.o)
                              C:/ST/STM32CubeIDE_1.12.0/STM32CubeIDE/plugins/com.st.stm32cube.ide.mcu.externaltools.gnu-tools-for-stm32.12.3.rel1.win32_1.0.100.202403111256/tools/bin/../lib/gcc/arm-none-eabi/12.3.1/../../../../arm-none-eabi/lib/thumb/v7e-m+fp/hard/crt0.o (memset)
C:/ST/STM32CubeIDE_1.12.0/STM32CubeIDE/plugins/com.st.stm32cube.ide.mcu.externaltools.gnu-tools-for-stm32.12.3.rel1.win32_1.0.100.202403111256/tools/bin/../lib/gcc/arm-none-eabi/12.3.1/../../../../arm-none-eabi/lib/thumb/v7e-m+fp/hard\libc_nano.a(libc_a-closer.o)
                              C:/ST/STM32CubeIDE_1.12.0/STM32CubeIDE/plugins/com.st.stm32cube.ide.mcu.externaltools.gnu-tools-for-stm32.12.3.rel1.win32_1.0.100.202403111256/tools/bin/../lib/gcc/arm-none-eabi/12.3.1/../../../../arm-none-eabi/lib/thumb/v7e-m+fp/hard\libc_nano.a(libc_a-stdio.o) (_close_r)
C:/ST/STM32CubeIDE_1.12.0/STM32CubeIDE/plugins/com.st.stm32cube.ide.mcu.externaltools.gnu-tools-for-stm32.12.3.rel1.win32_1.0.100.202403111256/tools/bin/../lib/gcc/arm-none-eabi/12.3.1/../../../../arm-none-eabi/lib/thumb/v7e-m+fp/hard\libc_nano.a(libc_a-reent.o)
                              C:/ST/STM32CubeIDE_1.12.0/STM32CubeIDE/plugins/com.st.stm32cube.ide.mcu.externaltools.gnu-tools-for-stm32.12.3.rel1.win32_1.0.100.202403111256/tools/bin/../lib/gcc/arm-none-eabi/12.3.1/../../../../arm-none-eabi/lib/thumb/v7e-m+fp/hard\libc_nano.a(libc_a-closer.o) (errno)
C:/ST/STM32CubeIDE_1.12.0/STM32CubeIDE/plugins/com.st.stm32cube.ide.mcu.externaltools.gnu-tools-for-stm32.12.3.rel1.win32_1.0.100.202403111256/tools/bin/../lib/gcc/arm-none-eabi/12.3.1/../../../../arm-none-eabi/lib/thumb/v7e-m+fp/hard\libc_nano.a(libc_a-impure.o)
                              C:/ST/STM32CubeIDE_1.12.0/STM32CubeIDE/plugins/com.st.stm32cube.ide.mcu.externaltools.gnu-tools-for-stm32.12.3.rel1.win32_1.0.100.202403111256/tools/bin/../lib/gcc/arm-none-eabi/12.3.1/../../../../arm-none-eabi/lib/thumb/v7e-m+fp/hard\libc_nano.a(libc_a-reent.o) (_impure_ptr)
C:/ST/STM32CubeIDE_1.12.0/STM32CubeIDE/plugins/com.st.stm32cube.ide.mcu.externaltools.gnu-tools-for-stm32.12.3.rel1.win32_1.0.100.202403111256/tools/bin/../lib/gcc/arm-none-eabi/12.3.1/../../../../arm-none-eabi/lib/thumb/v7e-m+fp/hard\libc_nano.a(libc_a-lseekr.o)
[...]
Memory Configuration

Name             Origin             Length             Attributes
RAM              0x20000000         0x00020000         xrw
FLASH            0x08000000         0x00080000         xr
*default*        0x00000000         0xffffffff

Linker script and memory map

LOAD C:/ST/STM32CubeIDE_1.12.0/STM32CubeIDE/plugins/com.st.stm32cube.ide.mcu.externaltools.gnu-tools-for-stm32.12.3.rel1.win32_1.0.100.202403111256/tools/bin/../lib/gcc/arm-none-eabi/12.3.1/thumb/v7e-m+fp/hard/crti.o
LOAD C:/ST/STM32CubeIDE_1.12.0/STM32CubeIDE/plugins/com.st.stm32cube.ide.mcu.externaltools.gnu-tools-for-stm32.12.3.rel1.win32_1.0.100.202403111256/tools/bin/../lib/gcc/arm-none-eabi/12.3.1/thumb/v7e-m+fp/hard/crtbegin.o
LOAD C:/ST/STM32CubeIDE_1.12.0/STM32CubeIDE/plugins/com.st.stm32cube.ide.mcu.externaltools.gnu-tools-for-stm32.12.3.rel1.win32_1.0.100.202403111256/tools/bin/../lib/gcc/arm-none-eabi/12.3.1/../../../../arm-none-eabi/lib/thumb/v7e-m+fp/hard/crt0.o
LOAD ./Core/Src/Global/Task_schedule.o
LOAD ./Core/Src/Peripheral/BMP280.o
LOAD ./Core/Src/Peripheral/NRF24.o
LOAD ./Core/Src/dma.o
LOAD ./Core/Src/freertos.o
LOAD ./Core/Src/gpio.o
LOAD ./Core/Src/main.o
LOAD ./Core/Src/spi.o
LOAD ./Core/Src/stm32f4xx_hal_msp.o
LOAD ./Core/Src/stm32f4xx_hal_timebase_tim.o
LOAD ./Core/Src/stm32f4xx_it.o
LOAD ./Core/Src/syscalls.o
LOAD ./Core/Src/sysmem.o
LOAD ./Core/Src/system_stm32f4xx.o
LOAD ./Core/Startup/startup_stm32f411retx.o
LOAD ./Drivers/STM32F4xx_HAL_Driver/Src/stm32f4xx_hal.o
LOAD ./Drivers/STM32F4xx_HAL_Driver/Src/stm32f4xx_hal_cortex.o
LOAD ./Drivers/STM32F4xx_HAL_Driver/Src/stm32f4xx_hal_dma.o
LOAD ./Drivers/STM32F4xx_HAL_Driver/Src/stm32f4xx_hal_dma_ex.o
LOAD ./Drivers/STM32F4xx_HAL_Driver/Src/stm32f4xx_hal_exti.o
LOAD ./Drivers/STM32F4xx_HAL_Driver/Src/stm32f4xx_hal_flash.o
LOAD ./Drivers/STM32F4xx_HAL_Driver/Src/stm32f4xx_hal_flash_ex.o
LOAD ./Drivers/STM32F4xx_HAL_Driver/Src/stm32f4xx_hal_flash_ramfunc.o
LOAD ./Drivers/STM32F4xx_HAL_Driver/Src/stm32f4xx_hal_gpio.o
LOAD ./Drivers/STM32F4xx_HAL_Driver/Src/stm32f4xx_hal_pwr.o
LOAD ./Drivers/STM32F4xx_HAL_Driver/Src/stm32f4xx_hal_pwr_ex.o
LOAD ./Drivers/STM32F4xx_HAL_Driver/Src/stm32f4xx_hal_rcc.o
LOAD ./Drivers/STM32F4xx_HAL_Driver/Src/stm32f4xx_hal_rcc_ex.o
LOAD ./Drivers/STM32F4xx_HAL_Driver/Src/stm32f4xx_hal_spi.o
LOAD ./Drivers/STM32F4xx_HAL_Driver/Src/stm32f4xx_hal_tim.o
LOAD ./Drivers/STM32F4xx_HAL_Driver/Src/stm32f4xx_hal_tim_ex.o
LOAD ./Middlewares/Third_Party/FreeRTOS/Source/CMSIS_RTOS/cmsis_os.o
LOAD ./Middlewares/Third_Party/FreeRTOS/Source/croutine.o
LOAD ./Middlewares/Third_Party/FreeRTOS/Source/event_groups.o
LOAD ./Middlewares/Third_Party/FreeRTOS/Source/list.o
LOAD ./Middlewares/Third_Party/FreeRTOS/Source/queue.o
LOAD ./Middlewares/Third_Party/FreeRTOS/Source/stream_buffer.o
LOAD ./Middlewares/Third_Party/FreeRTOS/Source/tasks.o
LOAD ./Middlewares/Third_Party/FreeRTOS/Source/timers.o
LOAD ./Middlewares/Third_Party/FreeRTOS/Source/portable/GCC/ARM_CM4F/port.o
LOAD ./Middlewares/Third_Party/FreeRTOS/Source/portable/MemMang/heap_4.o
START GROUP
LOAD C:/ST/STM32CubeIDE_1.12.0/STM32CubeIDE/plugins/com.st.stm32cube.ide.mcu.externaltools.gnu-tools-for-stm32.12.3.rel1.win32_1.0.100.202403111256/tools/bin/../lib/gcc/arm-none-eabi/12.3.1/../../../../arm-none-eabi/lib/thumb/v7e-m+fp/hard\libc_nano.a
LOAD C:/ST/STM32CubeIDE_1.12.0/STM32CubeIDE/plugins/com.st.stm32cube.ide.mcu.externaltools.gnu-tools-for-stm32.12.3.rel1.win32_1.0.100.202403111256/tools/bin/../lib/gcc/arm-none-eabi/12.3.1/../../../../arm-none-eabi/lib/thumb/v7e-m+fp/hard\libm.a
END GROUP
START GROUP
LOAD C:/ST/STM32CubeIDE_1.12.0/STM32CubeIDE/plugins/com.st.stm32cube.ide.mcu.externaltools.gnu-tools-for-stm32.12.3.rel1.win32_1.0.100.202403111256/tools/bin/../lib/gcc/arm-none-eabi/12.3.1/thumb/v7e-m+fp/hard\libgcc.a
LOAD C:/ST/STM32CubeIDE_1.12.0/STM32CubeIDE/plugins/com.st.stm32cube.ide.mcu.externaltools.gnu-tools-for-stm32.12.3.rel1.win32_1.0.100.202403111256/tools/bin/../lib/gcc/arm-none-eabi/12.3.1/../../../../arm-none-eabi/lib/thumb/v7e-m+fp/hard\libc_nano.a
END GROUP
START GROUP
LOAD C:/ST/STM32CubeIDE_1.12.0/STM32CubeIDE/plugins/com.st.stm32cube.ide.mcu.externaltools.gnu-tools-for-stm32.12.3.rel1.win32_1.0.100.202403111256/tools/bin/../lib/gcc/arm-none-eabi/12.3.1/thumb/v7e-m+fp/hard\libgcc.a
LOAD C:/ST/STM32CubeIDE_1.12.0/STM32CubeIDE/plugins/com.st.stm32cube.ide.mcu.externaltools.gnu-tools-for-stm32.12.3.rel1.win32_1.0.100.202403111256/tools/bin/../lib/gcc/arm-none-eabi/12.3.1/../../../../arm-none-eabi/lib/thumb/v7e-m+fp/hard\libc_nano.a
LOAD C:/ST/STM32CubeIDE_1.12.0/STM32CubeIDE/plugins/com.st.stm32cube.ide.mcu.externaltools.gnu-tools-for-stm32.12.3.rel1.win32_1.0.100.202403111256/tools/bin/../lib/gcc/arm-none-eabi/12.3.1/../../../../arm-none-eabi/lib/thumb/v7e-m+fp/hard\libnosys.a
END GROUP
START GROUP
LOAD C:/ST/STM32CubeIDE_1.12.0/STM32CubeIDE/plugins/com.st.stm32cube.ide.mcu.externaltools.gnu-tools-for-stm32.12.3.rel1.win32_1.0.100.202403111256/tools/bin/../lib/gcc/arm-none-eabi/12.3.1/thumb/v7e-m+fp/hard\libgcc.a
LOAD C:/ST/STM32CubeIDE_1.12.0/STM32CubeIDE/plugins/com.st.stm32cube.ide.mcu.externaltools.gnu-tools-for-stm32.12.3.rel1.win32_1.0.100.202403111256/tools/bin/../lib/gcc/arm-none-eabi/12.3.1/../../../../arm-none-eabi/lib/thumb/v7e-m+fp/hard\libc_nano.a
LOAD C:/ST/STM32CubeIDE_1.12.0/STM32CubeIDE/plugins/com.st.stm32cube.ide.mcu.externaltools.gnu-tools-for-stm32.12.3.rel1.win32_1.0.100.202403111256/tools/bin/../lib/gcc/arm-none-eabi/12.3.1/../../../../arm-none-eabi/lib/thumb/v7e-m+fp/hard\libnosys.a
END GROUP
LOAD C:/ST/STM32CubeIDE_1.12.0/STM32CubeIDE/plugins/com.st.stm32cube.ide.mcu.externaltools.gnu-tools-for-stm32.12.3.rel1.win32_1.0.100.202403111256/tools/bin/../lib/gcc/arm-none-eabi/12.3.1/thumb/v7e-m+fp/hard/crtend.o
LOAD C:/ST/STM32CubeIDE_1.12.0/STM32CubeIDE/plugins/com.st.stm32cube.ide.mcu.externaltools.gnu-tools-for-stm32.12.3.rel1.win32_1.0.100.202403111256/tools/bin/../lib/gcc/arm-none-eabi/12.3.1/thumb/v7e-m+fp/hard/crtn.o
                0x20020000                        _estack = (ORIGIN (RAM) + LENGTH (RAM))
                0x00000200                        _Min_Heap_Size = 0x200
                0x00000400                        _Min_Stack_Size = 0x400

.isr_vector     0x08000000      0x198
                0x08000000                        . = ALIGN (0x4)
 *(.isr_vector)
 .isr_vector    0x08000000      0x198 ./Core/Startup/startup_stm32f411retx.o
                0x08000000                g_pfnVectors
                0x08000198                        . = ALIGN (0x4)

.text           0x080001a0     0x68b4
                0x080001a0                        . = ALIGN (0x4)
 *(.text)
 .text          0x080001a0       0x40 C:/ST/STM32CubeIDE_1.12.0/STM32CubeIDE/plugins/com.st.stm32cube.ide.mcu.externaltools.gnu-tools-for-stm32.12.3.rel1.win32_1.0.100.202403111256/tools/bin/../lib/gcc/arm-none-eabi/12.3.1/thumb/v7e-m+fp/hard/crtbegin.o
 .text          0x080001e0       0xa0 C:/ST/STM32CubeIDE_1.12.0/STM32CubeIDE/plugins/com.st.stm32cube.ide.mcu.externaltools.gnu-tools-for-stm32.12.3.rel1.win32_1.0.100.202403111256/tools/bin/../lib/gcc/arm-none-eabi/12.3.1/thumb/v7e-m+fp/hard\libgcc.a(_aeabi_ldivmod.o)
                0x080001e0                __aeabi_ldivmod
 .text          0x08000280       0x30 C:/ST/STM32CubeIDE_1.12.0/STM32CubeIDE/plugins/com.st.stm32cube.ide.mcu.externaltools.gnu-tools-for-stm32.12.3.rel1.win32_1.0.100.202403111256/tools/bin/../lib/gcc/arm-none-eabi/12.3.1/thumb/v7e-m+fp/hard\libgcc.a(_aeabi_uldivmod.o)
                0x08000280                __aeabi_uldivmod
 .text          0x080002b0      0x2bc C:/ST/STM32CubeIDE_1.12.0/STM32CubeIDE/plugins/com.st.stm32cube.ide.mcu.externaltools.gnu-tools-for-stm32.12.3.rel1.win32_1.0.100.202403111256/tools/bin/../lib/gcc/arm-none-eabi/12.3.1/thumb/v7e-m+fp/hard\libgcc.a(_udivmoddi4.o)
                0x080002b0                __udivmoddi4
 .text          0x0800056c        0x4 C:/ST/STM32CubeIDE_1.12.0/STM32CubeIDE/plugins/com.st.stm32cube.ide.mcu.externaltools.gnu-tools-for-stm32.12.3.rel1.win32_1.0.100.202403111256/tools/bin/../lib/gcc/arm-none-eabi/12.3.1/thumb/v7e-m+fp/hard\libgcc.a(_dvmd_tls.o)
                0x0800056c                __aeabi_idiv0
                0x0800056c                __aeabi_ldiv0
 *(.text*)
 .text.task_init_1ms
                0x08000570        0xe ./Core/Src/Global/Task_schedule.o
                0x08000570                task_init_1ms
 .text.task_1ms
                0x0800057e       0x10 ./Core/Src/Global/Task_schedule.o
                0x0800057e                task_1ms
 .text.task_init_10ms
                0x0800058e        0xe ./Core/Src/Global/Task_schedule.o
                0x0800058e                task_init_10ms
 .text.task_10ms
                0x0800059c        0xe ./Core/Src/Global/Task_schedule.o
                0x0800059c                task_10ms
 .text.task_init_100ms
                0x080005aa        0xe ./Core/Src/Global/Task_schedule.o
                0x080005aa                task_init_100ms
 .text.task_100ms
                0x080005b8        0xe ./Core/Src/Global/Task_schedule.o
                0x080005b8                task_100ms
 .text.task_init_1000ms
                0x080005c6        0xe ./Core/Src/Global/Task_schedule.o
                0x080005c6                task_init_1000ms
 .text.task_1000ms
                0x080005d4        0xe ./Core/Src/Global/Task_schedule.o
                0x080005d4                task_1000ms
 *fill*         0x080005e2        0x2 
 .text.BMP280_write
                0x080005e4       0x5c ./Core/Src/Peripheral/BMP280.o
                0x080005e4                BMP280_write
 .text.BMP280_read
                0x08000640       0x5c ./Core/Src/Peripheral/BMP280.o
                0x08000640                BMP280_read
 .text.BMP280_config
                0x0800069c       0x18 ./Core/Src/Peripheral/BMP280.o
                0x0800069c                BMP280_config
 .text.BMP280_calibrationData
                0x080006b4      0x16c ./Core/Src/Peripheral/BMP280.o
                0x080006b4                BMP280_calibrationData
 .text.BMP280_readRawValues
                0x08000820       0x88 ./Core/Src/Peripheral/BMP280.o
                0x08000820                BMP280_readRawValues
 .text.BMP280_measureT
                0x080008a8       0x88 ./Core/Src/Peripheral/BMP280.o
                0x080008a8                BMP280_measureT
 .text.BMP280_measureP
                0x08000930      0x58c ./Core/Src/Peripheral/BMP280.o
                0x08000930                BMP280_measureP
 .text.BMP280_init
                0x08000ebc       0x34 ./Core/Src/Peripheral/BMP280.o
                0x08000ebc                BMP280_init
 .text.BMP280_calculate
                0x08000ef0       0x44 ./Core/Src/Peripheral/BMP280.o
                0x08000ef0                BMP280_calculate
 .text.NRF24_write
                0x08000f34       0x5c ./Core/Src/Peripheral/NRF24.o
                0x08000f34                NRF24_write
 .text.NRF24_Addr_write
                0x08000f90       0x8c ./Core/Src/Peripheral/NRF24.o
                0x08000f90                NRF24_Addr_write
 .text.NRF24_read
                0x0800101c       0x50 ./Core/Src/Peripheral/NRF24.o
                0x0800101c                NRF24_read
 .text.NRF24_Addr_read
                0x0800106c       0xf8 ./Core/Src/Peripheral/NRF24.o
                0x0800106c                NRF24_Addr_read
 .text.NRF24_FlushTxFIFO
                0x08001164       0x40 ./Core/Src/Peripheral/NRF24.o
                0x08001164                NRF24_FlushTxFIFO
 .text.NRF24_FlushRxFIFO
                0x080011a4       0x40 ./Core/Src/Peripheral/NRF24.o
                0x080011a4                NRF24_FlushRxFIFO
 .text.NRF24_PowerUp
                0x080011e4       0x3a ./Core/Src/Peripheral/NRF24.o
                0x080011e4                NRF24_PowerUp
 *fill*         0x0800121e        0x2 
 .text.NRF24_ActualConfiguration
                0x08001220      0x190 ./Core/Src/Peripheral/NRF24.o
                0x08001220                NRF24_ActualConfiguration
 .text.NRF24_config
                0x080013b0      0x136 ./Core/Src/Peripheral/NRF24.o
                0x080013b0                NRF24_config
 *fill*         0x080014e6        0x2 
 .text.NRF24_DefaultConfiguration
                0x080014e8      0x138 ./Core/Src/Peripheral/NRF24.o
                0x080014e8                NRF24_DefaultConfiguration
 .text.NRF24_RxConfiguration
                0x08001620      0x180 ./Core/Src/Peripheral/NRF24.o
                0x08001620                NRF24_RxConfiguration
 .text.NRF24_CheckFlags
                0x080017a0       0xe0 ./Core/Src/Peripheral/NRF24.o
                0x080017a0                NRF24_CheckFlags
 .text.NRF24_FIFO_write
                0x08001880       0x68 ./Core/Src/Peripheral/NRF24.o
                0x08001880                NRF24_FIFO_write
 .text.NRF24_FIFO_read
                0x080018e8       0x64 ./Core/Src/Peripheral/NRF24.o
                0x080018e8                NRF24_FIFO_read
 .text.NRF24_init
                0x0800194c       0x34 ./Core/Src/Peripheral/NRF24.o
                0x0800194c                NRF24_init
 .text.NRF24_Transmit
                0x08001980       0x98 ./Core/Src/Peripheral/NRF24.o
                0x08001980                NRF24_Transmit
 .text.NRF24_Receive
                0x08001a18       0x24 ./Core/Src/Peripheral/NRF24.o
                0x08001a18                NRF24_Receive
 .text.NRF24_TxBuffer
                0x08001a3c       0x60 ./Core/Src/Peripheral/NRF24.o
                0x08001a3c                NRF24_TxBuffer
 .text.NRF24_StateMachine
                0x08001a9c       0x54 ./Core/Src/Peripheral/NRF24.o
                0x08001a9c                NRF24_StateMachine
 .text.MX_DMA_Init
                0x08001af0       0x7c ./Core/Src/dma.o
                0x08001af0                MX_DMA_Init
 .text.vApplicationGetIdleTaskMemory
                0x08001b6c       0x34 ./Core/Src/freertos.o
                0x08001b6c                vApplicationGetIdleTaskMemory
 .text.MX_FREERTOS_Init
                0x08001ba0       0xc4 ./Core/Src/freertos.o
                0x08001ba0                MX_FREERTOS_Init
 .text.Task_10ms
                0x08001c64       0x1a ./Core/Src/freertos.o
                0x08001c64                Task_10ms
 .text.Task_100ms
                0x08001c7e       0x1a ./Core/Src/freertos.o
                0x08001c7e                Task_100ms
 .text.Task_1000ms
                0x08001c98       0x1c ./Core/Src/freertos.o
                0x08001c98                Task_1000ms
 .text.Task_1ms
                0x08001cb4       0x1a ./Core/Src/freertos.o
                0x08001cb4                Task_1ms
 *fill*         0x08001cce        0x2 
 .text.MX_GPIO_Init
                0x08001cd0       0xf0 ./Core/Src/gpio.o
                0x08001cd0                MX_GPIO_Init
 .text.main     0x08001dc0       0x30 ./Core/Src/main.o
                0x08001dc0                main
 .text.SystemClock_Config
                0x08001df0       0xd0 ./Core/Src/main.o
                0x08001df0                SystemClock_Config
 .text.HAL_TIM_PeriodElapsedCallback
                0x08001ec0       0x24 ./Core/Src/main.o
                0x08001ec0                HAL_TIM_PeriodElapsedCallback
 .text.Error_Handler
                0x08001ee4        0xc ./Core/Src/main.o
                0x08001ee4                Error_Handler
 .text.MX_SPI1_Init
                0x08001ef0       0x6c ./Core/Src/spi.o
                0x08001ef0                MX_SPI1_Init
 .text.MX_SPI2_Init
                0x08001f5c       0x6c ./Core/Src/spi.o
                0x08001f5c                MX_SPI2_Init
 .text.HAL_SPI_MspInit
                0x08001fc8      0x278 ./Core/Src/spi.o
                0x08001fc8                HAL_SPI_MspInit
 .text.HAL_MspInit
                0x08002240       0x58 ./Core/Src/stm32f4xx_hal_msp.o
                0x08002240                HAL_MspInit
 .text.HAL_InitTick
                0x08002298       0xe4 ./Core/Src/stm32f4xx_hal_timebase_tim.o
                0x08002298                HAL_InitTick
 .text.NMI_Handler
                0x0800237c        0x8 ./Core/Src/stm32f4xx_it.o
                0x0800237c                NMI_Handler
 .text.HardFault_Handler
                0x08002384        0x8 ./Core/Src/stm32f4xx_it.o
                0x08002384                HardFault_Handler
 .text.MemManage_Handler
                0x0800238c        0x8 ./Core/Src/stm32f4xx_it.o
                0x0800238c                MemManage_Handler
 .text.BusFault_Handler
                0x08002394        0x8 ./Core/Src/stm32f4xx_it.o
                0x08002394                BusFault_Handler
 .text.UsageFault_Handler
                0x0800239c        0x8 ./Core/Src/stm32f4xx_it.o
                0x0800239c                UsageFault_Handler
 .text.DebugMon_Handler
                0x080023a4        0xe ./Core/Src/stm32f4xx_it.o
                0x080023a4                DebugMon_Handler
 *fill*         0x080023b2        0x2 
 .text.DMA1_Stream3_IRQHandler
                0x080023b4       0x14 ./Core/Src/stm32f4xx_it.o
                0x080023b4                DMA1_Stream3_IRQHandler
 .text.TIM1_TRG_COM_TIM11_IRQHandler
                0x080023c8       0x14 ./Core/Src/stm32f4xx_it.o
                0x080023c8                TIM1_TRG_COM_TIM11_IRQHandler
 .text.SPI2_IRQHandler
                0x080023dc       0x14 ./Core/Src/stm32f4xx_it.o
                0x080023dc                SPI2_IRQHandler
 .text.DMA2_Stream0_IRQHandler
                0x080023f0       0x14 ./Core/Src/stm32f4xx_it.o
                0x080023f0                DMA2_Stream0_IRQHandler
 .text.DMA2_Stream2_IRQHandler
                0x08002404       0x14 ./Core/Src/stm32f4xx_it.o
                0x08002404                DMA2_Stream2_IRQHandler
 .text.SystemInit
                0x08002418       0x24 ./Core/Src/system_stm32f4xx.o
                0x08002418                SystemInit
 .text.Reset_Handler
                0x0800243c       0x50 ./Core/Startup/startup_stm32f411retx.o
                0x0800243c                Reset_Handler
 .text.Default_Handler
                0x0800248c        0x2 ./Core/Startup/startup_stm32f411retx.o
                0x0800248c                RTC_Alarm_IRQHandler
                0x0800248c                EXTI2_IRQHandler
                0x0800248c                SPI4_IRQHandler
                0x0800248c                TIM1_CC_IRQHandler
                0x0800248c                DMA2_Stream5_IRQHandler
                0x0800248c                DMA1_Stream5_IRQHandler
                0x0800248c                PVD_IRQHandler
                0x0800248c                SDIO_IRQHandler
                0x0800248c                TAMP_STAMP_IRQHandler
                0x0800248c                EXTI3_IRQHandler
                0x0800248c                TIM1_UP_TIM10_IRQHandler
                0x0800248c                I2C3_ER_IRQHandler
                0x0800248c                EXTI0_IRQHandler
                0x0800248c                I2C2_EV_IRQHandler
                0x0800248c                DMA1_Stream2_IRQHandler
                0x0800248c                FPU_IRQHandler
                0x0800248c                SPI1_IRQHandler
                0x0800248c                TIM1_BRK_TIM9_IRQHandler
                0x0800248c                DMA2_Stream3_IRQHandler
                0x0800248c                USART6_IRQHandler
                0x0800248c                TIM4_IRQHandler
                0x0800248c                I2C1_EV_IRQHandler
                0x0800248c                DMA1_Stream6_IRQHandler
                0x0800248c                DMA1_Stream1_IRQHandler
                0x0800248c                TIM3_IRQHandler
                0x0800248c                RCC_IRQHandler
                0x0800248c                Default_Handler
                0x0800248c                EXTI15_10_IRQHandler
                0x0800248c                ADC_IRQHandler
                0x0800248c                DMA1_Stream7_IRQHandler
                0x0800248c                SPI5_IRQHandler
                0x0800248c                TIM5_IRQHandler
                0x0800248c                DMA2_Stream7_IRQHandler
                0x0800248c                I2C3_EV_IRQHandler
                0x0800248c                EXTI9_5_IRQHandler
                0x0800248c                RTC_WKUP_IRQHandler
                0x0800248c                DMA1_Stream0_IRQHandler
                0x0800248c                EXTI4_IRQHandler
                0x0800248c                WWDG_IRQHandler
                0x0800248c                TIM2_IRQHandler
                0x0800248c                OTG_FS_WKUP_IRQHandler
                0x0800248c                EXTI1_IRQHandler
                0x0800248c                USART2_IRQHandler
                0x0800248c                I2C2_ER_IRQHandler
                0x0800248c                DMA2_Stream1_IRQHandler
                0x0800248c                FLASH_IRQHandler
                0x0800248c                DMA2_Stream4_IRQHandler
                0x0800248c                USART1_IRQHandler
                0x0800248c                OTG_FS_IRQHandler
                0x0800248c                SPI3_IRQHandler
                0x0800248c                DMA1_Stream4_IRQHandler
                0x0800248c                I2C1_ER_IRQHandler
                0x0800248c                DMA2_Stream6_IRQHandler
 *fill*         0x0800248e        0x2 
 .text.HAL_Init
                0x08002490       0x44 ./Drivers/STM32F4xx_HAL_Driver/Src/stm32f4xx_hal.o
                0x08002490                HAL_Init
 .text.HAL_IncTick
                0x080024d4       0x28 ./Drivers/STM32F4xx_HAL_Driver/Src/stm32f4xx_hal.o
                0x080024d4                HAL_IncTick
 .text.HAL_GetTick
                0x080024fc       0x18 ./Drivers/STM32F4xx_HAL_Driver/Src/stm32f4xx_hal.o
                0x080024fc                HAL_GetTick
 .text.__NVIC_SetPriorityGrouping
                0x08002514       0x48 ./Drivers/STM32F4xx_HAL_Driver/Src/stm32f4xx_hal_cortex.o
 .text.__NVIC_GetPriorityGrouping
                0x0800255c       0x1c ./Drivers/STM32F4xx_HAL_Driver/Src/stm32f4xx_hal_cortex.o
 .text.__NVIC_EnableIRQ
                0x08002578       0x3c ./Drivers/STM32F4xx_HAL_Driver/Src/stm32f4xx_hal_cortex.o
 .text.__NVIC_SetPriority
                0x080025b4       0x54 ./Drivers/STM32F4xx_HAL_Driver/Src/stm32f4xx_hal_cortex.o
 .text.NVIC_EncodePriority
                0x08002608       0x66 ./Drivers/STM32F4xx_HAL_Driver/Src/stm32f4xx_hal_cortex.o
 .text.HAL_NVIC_SetPriorityGrouping
                0x0800266e       0x16 ./Drivers/STM32F4xx_HAL_Driver/Src/stm32f4xx_hal_cortex.o
                0x0800266e                HAL_NVIC_SetPriorityGrouping
 .text.HAL_NVIC_SetPriority
                0x08002684       0x38 ./Drivers/STM32F4xx_HAL_Driver/Src/stm32f4xx_hal_cortex.o
                0x08002684                HAL_NVIC_SetPriority
 .text.HAL_NVIC_EnableIRQ
                0x080026bc       0x1c ./Drivers/STM32F4xx_HAL_Driver/Src/stm32f4xx_hal_cortex.o
                0x080026bc                HAL_NVIC_EnableIRQ
 .text.HAL_DMA_Init
                0x080026d8      0x15c ./Drivers/STM32F4xx_HAL_Driver/Src/stm32f4xx_hal_dma.o
                0x080026d8                HAL_DMA_Init
 .text.HAL_DMA_Start_IT
                0x08002834       0xb0 ./Drivers/STM32F4xx_HAL_Driver/Src/stm32f4xx_hal_dma.o
                0x08002834                HAL_DMA_Start_IT
 .text.HAL_DMA_Abort_IT
                0x080028e4       0x44 ./Drivers/STM32F4xx_HAL_Driver/Src/stm32f4xx_hal_dma.o
                0x080028e4                HAL_DMA_Abort_IT
 .text.HAL_DMA_IRQHandler
                0x08002928      0x314 ./Drivers/STM32F4xx_HAL_Driver/Src/stm32f4xx_hal_dma.o
                0x08002928                HAL_DMA_IRQHandler
 .text.DMA_SetConfig
                0x08002c3c       0x5c ./Drivers/STM32F4xx_HAL_Driver/Src/stm32f4xx_hal_dma.o
 .text.DMA_CalcBaseAndBitshift
                0x08002c98       0x6c ./Drivers/STM32F4xx_HAL_Driver/Src/stm32f4xx_hal_dma.o
 .text.DMA_CheckFifoParam
                0x08002d04       0xf8 ./Drivers/STM32F4xx_HAL_Driver/Src/stm32f4xx_hal_dma.o
 .text.HAL_GPIO_Init
                0x08002dfc      0x308 ./Drivers/STM32F4xx_HAL_Driver/Src/stm32f4xx_hal_gpio.o
                0x08002dfc                HAL_GPIO_Init
 .text.HAL_GPIO_WritePin
                0x08003104       0x32 ./Drivers/STM32F4xx_HAL_Driver/Src/stm32f4xx_hal_gpio.o
                0x08003104                HAL_GPIO_WritePin
 *fill*         0x08003136        0x2 
 .text.HAL_RCC_OscConfig
                0x08003138      0x4f0 ./Drivers/STM32F4xx_HAL_Driver/Src/stm32f4xx_hal_rcc.o
                0x08003138                HAL_RCC_OscConfig
 .text.HAL_RCC_ClockConfig
                0x08003628      0x1cc ./Drivers/STM32F4xx_HAL_Driver/Src/stm32f4xx_hal_rcc.o
                0x08003628                HAL_RCC_ClockConfig
 .text.HAL_RCC_GetSysClockFreq
                0x080037f4      0x20c ./Drivers/STM32F4xx_HAL_Driver/Src/stm32f4xx_hal_rcc.o
                0x080037f4                HAL_RCC_GetSysClockFreq
 .text.HAL_RCC_GetHCLKFreq
                0x08003a00       0x18 ./Drivers/STM32F4xx_HAL_Driver/Src/stm32f4xx_hal_rcc.o
                0x08003a00                HAL_RCC_GetHCLKFreq
 .text.HAL_RCC_GetPCLK2Freq
                0x08003a18       0x28 ./Drivers/STM32F4xx_HAL_Driver/Src/stm32f4xx_hal_rcc.o
                0x08003a18                HAL_RCC_GetPCLK2Freq
 .text.HAL_RCC_GetClockConfig
                0x08003a40       0x64 ./Drivers/STM32F4xx_HAL_Driver/Src/stm32f4xx_hal_rcc.o
                0x08003a40                HAL_RCC_GetClockConfig
 .text.HAL_SPI_Init
                0x08003aa4      0x112 ./Drivers/STM32F4xx_HAL_Driver/Src/stm32f4xx_hal_spi.o
                0x08003aa4                HAL_SPI_Init
 .text.HAL_SPI_Transmit
                0x08003bb6      0x286 ./Drivers/STM32F4xx_HAL_Driver/Src/stm32f4xx_hal_spi.o
                0x08003bb6                HAL_SPI_Transmit
 .text.HAL_SPI_Receive
                0x08003e3c      0x230 ./Drivers/STM32F4xx_HAL_Driver/Src/stm32f4xx_hal_spi.o
                0x08003e3c                HAL_SPI_Receive
 .text.HAL_SPI_TransmitReceive
                0x0800406c      0x360 ./Drivers/STM32F4xx_HAL_Driver/Src/stm32f4xx_hal_spi.o
                0x0800406c                HAL_SPI_TransmitReceive
 .text.HAL_SPI_Transmit_DMA
                0x080043cc      0x164 ./Drivers/STM32F4xx_HAL_Driver/Src/stm32f4xx_hal_spi.o
                0x080043cc                HAL_SPI_Transmit_DMA
 .text.HAL_SPI_Receive_DMA
                0x08004530      0x188 ./Drivers/STM32F4xx_HAL_Driver/Src/stm32f4xx_hal_spi.o
                0x08004530                HAL_SPI_Receive_DMA
 .text.HAL_SPI_TransmitReceive_DMA
                0x080046b8      0x1f4 ./Drivers/STM32F4xx_HAL_Driver/Src/stm32f4xx_hal_spi.o
                0x080046b8                HAL_SPI_TransmitReceive_DMA
 .text.HAL_SPI_IRQHandler
                0x080048ac      0x1e8 ./Drivers/STM32F4xx_HAL_Driver/Src/stm32f4xx_hal_spi.o
                0x080048ac                HAL_SPI_IRQHandler
 .text.HAL_SPI_TxCpltCallback
                0x08004a94       0x14 ./Drivers/STM32F4xx_HAL_Driver/Src/stm32f4xx_hal_spi.o
                0x08004a94                HAL_SPI_TxCpltCallback
 .text.HAL_SPI_RxCpltCallback
                0x08004aa8       0x14 ./Drivers/STM32F4xx_HAL_Driver/Src/stm32f4xx_hal_spi.o
                0x08004aa8                HAL_SPI_RxCpltCallback
 .text.HAL_SPI_TxRxCpltCallback
                0x08004abc       0x14 ./Drivers/STM32F4xx_HAL_Driver/Src/stm32f4xx_hal_spi.o
                0x08004abc                HAL_SPI_TxRxCpltCallback
 .text.HAL_SPI_TxHalfCpltCallback
                0x08004ad0       0x14 ./Drivers/STM32F4xx_HAL_Driver/Src/stm32f4xx_hal_spi.o
                0x08004ad0                HAL_SPI_TxHalfCpltCallback
 .text.HAL_SPI_RxHalfCpltCallback
                0x08004ae4       0x14 ./Drivers/STM32F4xx_HAL_Driver/Src/stm32f4xx_hal_spi.o
                0x08004ae4                HAL_SPI_RxHalfCpltCallback
 .text.HAL_SPI_TxRxHalfCpltCallback
                0x08004af8       0x14 ./Drivers/STM32F4xx_HAL_Driver/Src/stm32f4xx_hal_spi.o
                0x08004af8                HAL_SPI_TxRxHalfCpltCallback
 .text.HAL_SPI_ErrorCallback
                0x08004b0c       0x14 ./Drivers/STM32F4xx_HAL_Driver/Src/stm32f4xx_hal_spi.o
                0x08004b0c                HAL_SPI_ErrorCallback
 .text.SPI_DMATransmitCplt
                0x08004b20       0xa8 ./Drivers/STM32F4xx_HAL_Driver/Src/stm32f4xx_hal_spi.o
 .text.SPI_DMAReceiveCplt
                0x08004bc8       0xa8 ./Drivers/STM32F4xx_HAL_Driver/Src/stm32f4xx_hal_spi.o
 .text.SPI_DMATransmitReceiveCplt
                0x08004c70       0x90 ./Drivers/STM32F4xx_HAL_Driver/Src/stm32f4xx_hal_spi.o
 .text.SPI_DMAHalfTransmitCplt
                0x08004d00       0x1c ./Drivers/STM32F4xx_HAL_Driver/Src/stm32f4xx_hal_spi.o
 .text.SPI_DMAHalfReceiveCplt
                0x08004d1c       0x1c ./Drivers/STM32F4xx_HAL_Driver/Src/stm32f4xx_hal_spi.o
 .text.SPI_DMAHalfTransmitReceiveCplt
                0x08004d38       0x1c ./Drivers/STM32F4xx_HAL_Driver/Src/stm32f4xx_hal_spi.o
 .text.SPI_DMAError
                0x08004d54       0x40 ./Drivers/STM32F4xx_HAL_Driver/Src/stm32f4xx_hal_spi.o
 .text.SPI_DMAAbortOnError
                0x08004d94       0x28 ./Drivers/STM32F4xx_HAL_Driver/Src/stm32f4xx_hal_spi.o
 .text.SPI_WaitFlagStateUntilTimeout
                0x08004dbc      0x110 ./Drivers/STM32F4xx_HAL_Driver/Src/stm32f4xx_hal_spi.o
 .text.SPI_EndRxTransaction
                0x08004ecc       0xca ./Drivers/STM32F4xx_HAL_Driver/Src/stm32f4xx_hal_spi.o
 *fill*         0x08004f96        0x2 
 .text.SPI_EndRxTxTransaction
                0x08004f98       0xa8 ./Drivers/STM32F4xx_HAL_Driver/Src/stm32f4xx_hal_spi.o
 .text.HAL_TIM_Base_Init
                0x08005040       0x9e ./Drivers/STM32F4xx_HAL_Driver/Src/stm32f4xx_hal_tim.o
                0x08005040                HAL_TIM_Base_Init
 .text.HAL_TIM_Base_MspInit
                0x080050de       0x14 ./Drivers/STM32F4xx_HAL_Driver/Src/stm32f4xx_hal_tim.o
                0x080050de                HAL_TIM_Base_MspInit
 *fill*         0x080050f2        0x2 
 .text.HAL_TIM_Base_Start_IT
                0x080050f4       0xc4 ./Drivers/STM32F4xx_HAL_Driver/Src/stm32f4xx_hal_tim.o
                0x080050f4                HAL_TIM_Base_Start_IT
 .text.HAL_TIM_IRQHandler
                0x080051b8      0x1e0 ./Drivers/STM32F4xx_HAL_Driver/Src/stm32f4xx_hal_tim.o
                0x080051b8                HAL_TIM_IRQHandler
 .text.HAL_TIM_OC_DelayElapsedCallback
                0x08005398       0x14 ./Drivers/STM32F4xx_HAL_Driver/Src/stm32f4xx_hal_tim.o
                0x08005398                HAL_TIM_OC_DelayElapsedCallback
 .text.HAL_TIM_IC_CaptureCallback
                0x080053ac       0x14 ./Drivers/STM32F4xx_HAL_Driver/Src/stm32f4xx_hal_tim.o
                0x080053ac                HAL_TIM_IC_CaptureCallback
 .text.HAL_TIM_PWM_PulseFinishedCallback
                0x080053c0       0x14 ./Drivers/STM32F4xx_HAL_Driver/Src/stm32f4xx_hal_tim.o
                0x080053c0                HAL_TIM_PWM_PulseFinishedCallback
 .text.HAL_TIM_TriggerCallback
                0x080053d4       0x14 ./Drivers/STM32F4xx_HAL_Driver/Src/stm32f4xx_hal_tim.o
                0x080053d4                HAL_TIM_TriggerCallback
 .text.TIM_Base_SetConfig
                0x080053e8      0x118 ./Drivers/STM32F4xx_HAL_Driver/Src/stm32f4xx_hal_tim.o
                0x080053e8                TIM_Base_SetConfig
 .text.HAL_TIMEx_CommutCallback
                0x08005500       0x14 ./Drivers/STM32F4xx_HAL_Driver/Src/stm32f4xx_hal_tim_ex.o
                0x08005500                HAL_TIMEx_CommutCallback
 .text.HAL_TIMEx_BreakCallback
                0x08005514       0x14 ./Drivers/STM32F4xx_HAL_Driver/Src/stm32f4xx_hal_tim_ex.o
                0x08005514                HAL_TIMEx_BreakCallback
 .text.makeFreeRtosPriority
                0x08005528       0x30 ./Middlewares/Third_Party/FreeRTOS/Source/CMSIS_RTOS/cmsis_os.o
 .text.osKernelStart
                0x08005558        0xe ./Middlewares/Third_Party/FreeRTOS/Source/CMSIS_RTOS/cmsis_os.o
                0x08005558                osKernelStart
 .text.osThreadCreate
                0x08005566       0x98 ./Middlewares/Third_Party/FreeRTOS/Source/CMSIS_RTOS/cmsis_os.o
                0x08005566                osThreadCreate
 .text.osDelay  0x080055fe       0x28 ./Middlewares/Third_Party/FreeRTOS/Source/CMSIS_RTOS/cmsis_os.o
                0x080055fe                osDelay
 .text.vListInitialise
                0x08005626       0x40 ./Middlewares/Third_Party/FreeRTOS/Source/list.o
                0x08005626                vListInitialise
 .text.vListInitialiseItem
                0x08005666       0x1a ./Middlewares/Third_Party/FreeRTOS/Source/list.o
                0x08005666                vListInitialiseItem
 .text.vListInsertEnd
                0x08005680       0x48 ./Middlewares/Third_Party/FreeRTOS/Source/list.o
                0x08005680                vListInsertEnd
 .text.vListInsert
                0x080056c8       0x72 ./Middlewares/Third_Party/FreeRTOS/Source/list.o
                0x080056c8                vListInsert
 .text.uxListRemove
                0x0800573a       0x54 ./Middlewares/Third_Party/FreeRTOS/Source/list.o
                0x0800573a                uxListRemove
 .text.xTaskCreateStatic
                0x0800578e       0xc0 ./Middlewares/Third_Party/FreeRTOS/Source/tasks.o
                0x0800578e                xTaskCreateStatic
 .text.xTaskCreate
                0x0800584e       0x8a ./Middlewares/Third_Party/FreeRTOS/Source/tasks.o
                0x0800584e                xTaskCreate
 .text.prvInitialiseNewTask
                0x080058d8      0x110 ./Middlewares/Third_Party/FreeRTOS/Source/tasks.o
 .text.prvAddNewTaskToReadyList
                0x080059e8       0xd4 ./Middlewares/Third_Party/FreeRTOS/Source/tasks.o
 .text.vTaskDelay
                0x08005abc       0x6c ./Middlewares/Third_Party/FreeRTOS/Source/tasks.o
                0x08005abc                vTaskDelay
 .text.vTaskStartScheduler
                0x08005b28       0xc4 ./Middlewares/Third_Party/FreeRTOS/Source/tasks.o
                0x08005b28                vTaskStartScheduler
 .text.vTaskSuspendAll
                0x08005bec       0x1c ./Middlewares/Third_Party/FreeRTOS/Source/tasks.o
                0x08005bec                vTaskSuspendAll
 .text.xTaskResumeAll
                0x08005c08      0x13c ./Middlewares/Third_Party/FreeRTOS/Source/tasks.o
                0x08005c08                xTaskResumeAll
 .text.xTaskIncrementTick
                0x08005d44      0x174 ./Middlewares/Third_Party/FreeRTOS/Source/tasks.o
                0x08005d44                xTaskIncrementTick
 .text.vTaskSwitchContext
                0x08005eb8       0xb8 ./Middlewares/Third_Party/FreeRTOS/Source/tasks.o
                0x08005eb8                vTaskSwitchContext
 .text.prvIdleTask
                0x08005f70       0x30 ./Middlewares/Third_Party/FreeRTOS/Source/tasks.o
 .text.prvInitialiseTaskLists
                0x08005fa0       0x80 ./Middlewares/Third_Party/FreeRTOS/Source/tasks.o
 .text.prvCheckTasksWaitingTermination
                0x08006020       0x5c ./Middlewares/Third_Party/FreeRTOS/Source/tasks.o
 .text.prvDeleteTCB
                0x0800607c       0x60 ./Middlewares/Third_Party/FreeRTOS/Source/tasks.o
 .text.prvResetNextTaskUnblockTime
                0x080060dc       0x40 ./Middlewares/Third_Party/FreeRTOS/Source/tasks.o
 .text.prvAddCurrentTaskToDelayedList
                0x0800611c       0xcc ./Middlewares/Third_Party/FreeRTOS/Source/tasks.o
 .text.pxPortInitialiseStack
                0x080061e8       0x68 ./Middlewares/Third_Party/FreeRTOS/Source/portable/GCC/ARM_CM4F/port.o
                0x080061e8                pxPortInitialiseStack
 .text.prvTaskExitError
                0x08006250       0x5c ./Middlewares/Third_Party/FreeRTOS/Source/portable/GCC/ARM_CM4F/port.o
 *fill*         0x080062ac        0x4 
 .text.SVC_Handler
                0x080062b0       0x28 ./Middlewares/Third_Party/FreeRTOS/Source/portable/GCC/ARM_CM4F/port.o
                0x080062b0                SVC_Handler
 .text.prvPortStartFirstTask
                0x080062d8       0x28 ./Middlewares/Third_Party/FreeRTOS/Source/portable/GCC/ARM_CM4F/port.o
 .text.xPortStartScheduler
                0x08006300      0x148 ./Middlewares/Third_Party/FreeRTOS/Source/portable/GCC/ARM_CM4F/port.o
                0x08006300                xPortStartScheduler
 .text.vPortEnterCritical
                0x08006448       0x64 ./Middlewares/Third_Party/FreeRTOS/Source/portable/GCC/ARM_CM4F/port.o
                0x08006448                vPortEnterCritical
 .text.vPortExitCritical
                0x080064ac       0x54 ./Middlewares/Third_Party/FreeRTOS/Source/portable/GCC/ARM_CM4F/port.o
                0x080064ac                vPortExitCritical
 .text.PendSV_Handler
                0x08006500       0x68 ./Middlewares/Third_Party/FreeRTOS/Source/portable/GCC/ARM_CM4F/port.o
                0x08006500                PendSV_Handler
 .text.SysTick_Handler
                0x08006568       0x44 ./Middlewares/Third_Party/FreeRTOS/Source/portable/GCC/ARM_CM4F/port.o
                0x08006568                SysTick_Handler
 .text.vPortSetupTimerInterrupt
                0x080065ac       0x48 ./Middlewares/Third_Party/FreeRTOS/Source/portable/GCC/ARM_CM4F/port.o
                0x080065ac                vPortSetupTimerInterrupt
 .text.vPortEnableVFP
                0x080065f4       0x14 ./Middlewares/Third_Party/FreeRTOS/Source/portable/GCC/ARM_CM4F/port.o
 .text.pvPortMalloc
                0x08006608      0x19c ./Middlewares/Third_Party/FreeRTOS/Source/portable/MemMang/heap_4.o
                0x08006608                pvPortMalloc
 .text.vPortFree
                0x080067a4       0xc8 ./Middlewares/Third_Party/FreeRTOS/Source/portable/MemMang/heap_4.o
                0x080067a4                vPortFree
 .text.prvHeapInit
                0x0800686c       0xc4 ./Middlewares/Third_Party/FreeRTOS/Source/portable/MemMang/heap_4.o
 .text.prvInsertBlockIntoFreeList
                0x08006930       0xb4 ./Middlewares/Third_Party/FreeRTOS/Source/portable/MemMang/heap_4.o
 .text.memset   0x080069e4       0x10 C:/ST/STM32CubeIDE_1.12.0/STM32CubeIDE/plugins/com.st.stm32cube.ide.mcu.externaltools.gnu-tools-for-stm32.12.3.rel1.win32_1.0.100.202403111256/tools/bin/../lib/gcc/arm-none-eabi/12.3.1/../../../../arm-none-eabi/lib/thumb/v7e-m+fp/hard\libc_nano.a(libc_a-memset.o)
                0x080069e4                memset
 .text.__libc_init_array
                0x080069f4       0x48 C:/ST/STM32CubeIDE_1.12.0/STM32CubeIDE/plugins/com.st.stm32cube.ide.mcu.externaltools.gnu-tools-for-stm32.12.3.rel1.win32_1.0.100.202403111256/tools/bin/../lib/gcc/arm-none-eabi/12.3.1/../../../../arm-none-eabi/lib/thumb/v7e-m+fp/hard\libc_nano.a(libc_a-init.o)
                0x080069f4                __libc_init_array
 *(.glue_7)
 .glue_7        0x08006a3c        0x0 linker stubs
 *(.glue_7t)
 .glue_7t       0x08006a3c        0x0 linker stubs
 *(.eh_frame)
 .eh_frame      0x08006a3c        0x0 C:/ST/STM32CubeIDE_1.12.0/STM32CubeIDE/plugins/com.st.stm32cube.ide.mcu.externaltools.gnu-tools-for-stm32.12.3.rel1.win32_1.0.100.202403111256/tools/bin/../lib/gcc/arm-none-eabi/12.3.1/thumb/v7e-m+fp/hard/crtbegin.o
 *(.init)
 .init          0x08006a3c        0x4 C:/ST/STM32CubeIDE_1.12.0/STM32CubeIDE/plugins/com.st.stm32cube.ide.mcu.externaltools.gnu-tools-for-stm32.12.3.rel1.win32_1.0.100.202403111256/tools/bin/../lib/gcc/arm-none-eabi/12.3.1/thumb/v7e-m+fp/hard/crti.o
                0x08006a3c                _init
 .init          0x08006a40        0x8 C:/ST/STM32CubeIDE_1.12.0/STM32CubeIDE/plugins/com.st.stm32cube.ide.mcu.externaltools.gnu-tools-for-stm32.12.3.rel1.win32_1.0.100.202403111256/tools/bin/../lib/gcc/arm-none-eabi/12.3.1/thumb/v7e-m+fp/hard/crtn.o
 *(.fini)
 .fini          0x08006a48        0x4 C:/ST/STM32CubeIDE_1.12.0/STM32CubeIDE/plugins/com.st.stm32cube.ide.mcu.externaltools.gnu-tools-for-stm32.12.3.rel1.win32_1.0.100.202403111256/tools/bin/../lib/gcc/arm-none-eabi/12.3.1/thumb/v7e-m+fp/hard/crti.o
                0x08006a48                _fini
 .fini          0x08006a4c        0x8 C:/ST/STM32CubeIDE_1.12.0/STM32CubeIDE/plugins/com.st.stm32cube.ide.mcu.externaltools.gnu-tools-for-stm32.12.3.rel1.win32_1.0.100.202403111256/tools/bin/../lib/gcc/arm-none-eabi/12.3.1/thumb/v7e-m+fp/hard/crtn.o
                0x08006a54                        . = ALIGN (0x4)
                0x08006a54                        _etext = .

.vfp11_veneer   0x08006a54        0x0
 .vfp11_veneer  0x08006a54        0x0 linker stubs

.v4_bx          0x08006a54        0x0
 .v4_bx         0x08006a54        0x0 linker stubs

.iplt           0x08006a54        0x0
 .iplt          0x08006a54        0x0 C:/ST/STM32CubeIDE_1.12.0/STM32CubeIDE/plugins/com.st.stm32cube.ide.mcu.externaltools.gnu-tools-for-stm32.12.3.rel1.win32_1.0.100.202403111256/tools/bin/../lib/gcc/arm-none-eabi/12.3.1/thumb/v7e-m+fp/hard/crtbegin.o

.rodata         0x08006a54       0xc4
                0x08006a54                        . = ALIGN (0x4)
 *(.rodata)
 .rodata        0x08006a54       0x9c ./Core/Src/freertos.o
 .rodata        0x08006af0        0x5 ./Middlewares/Third_Party/FreeRTOS/Source/tasks.o
 *(.rodata*)
 *fill*         0x08006af5        0x3 
 .rodata.AHBPrescTable
                0x08006af8       0x10 ./Core/Src/system_stm32f4xx.o
                0x08006af8                AHBPrescTable
 .rodata.APBPrescTable
                0x08006b08        0x8 ./Core/Src/system_stm32f4xx.o
                0x08006b08                APBPrescTable
 .rodata.flagBitshiftOffset.0
                0x08006b10        0x8 ./Drivers/STM32F4xx_HAL_Driver/Src/stm32f4xx_hal_dma.o
                0x08006b18                        . = ALIGN (0x4)

.ARM.extab      0x08006b18        0x0
                0x08006b18                        . = ALIGN (0x4)
 *(.ARM.extab* .gnu.linkonce.armextab.*)
                0x08006b18                        . = ALIGN (0x4)

.ARM            0x08006b18        0x8
                0x08006b18                        . = ALIGN (0x4)
                0x08006b18                        __exidx_start = .
 *(.ARM.exidx*)
 .ARM.exidx     0x08006b18        0x8 C:/ST/STM32CubeIDE_1.12.0/STM32CubeIDE/plugins/com.st.stm32cube.ide.mcu.externaltools.gnu-tools-for-stm32.12.3.rel1.win32_1.0.100.202403111256/tools/bin/../lib/gcc/arm-none-eabi/12.3.1/thumb/v7e-m+fp/hard\libgcc.a(_udivmoddi4.o)
                0x08006b20                        __exidx_end = .
                0x08006b20                        . = ALIGN (0x4)

.rel.dyn        0x08006b20        0x0
 .rel.iplt      0x08006b20        0x0 C:/ST/STM32CubeIDE_1.12.0/STM32CubeIDE/plugins/com.st.stm32cube.ide.mcu.externaltools.gnu-tools-for-stm32.12.3.rel1.win32_1.0.100.202403111256/tools/bin/../lib/gcc/arm-none-eabi/12.3.1/thumb/v7e-m+fp/hard/crtbegin.o

.preinit_array  0x08006b20        0x0
                0x08006b20                        . = ALIGN (0x4)
                0x08006b20                        PROVIDE (__preinit_array_start = .)
 *(.preinit_array*)
                0x08006b20                        PROVIDE (__preinit_array_end = .)
                0x08006b20                        . = ALIGN (0x4)

.init_array     0x08006b20        0x4
                0x08006b20                        . = ALIGN (0x4)
                0x08006b20                        PROVIDE (__init_array_start = .)
 *(SORT_BY_NAME(.init_array.*))
 *(.init_array*)
 .init_array    0x08006b20        0x4 C:/ST/STM32CubeIDE_1.12.0/STM32CubeIDE/plugins/com.st.stm32cube.ide.mcu.externaltools.gnu-tools-for-stm32.12.3.rel1.win32_1.0.100.202403111256/tools/bin/../lib/gcc/arm-none-eabi/12.3.1/thumb/v7e-m+fp/hard/crtbegin.o
                0x08006b24                        PROVIDE (__init_array_end = .)
                0x08006b24                        . = ALIGN (0x4)

.fini_array     0x08006b24        0x4
                0x08006b24                        . = ALIGN (0x4)
                [!provide]                        PROVIDE (__fini_array_start = .)
 *(SORT_BY_NAME(.fini_array.*))
 *(.fini_array*)
 .fini_array    0x08006b24        0x4 C:/ST/STM32CubeIDE_1.12.0/STM32CubeIDE/plugins/com.st.stm32cube.ide.mcu.externaltools.gnu-tools-for-stm32.12.3.rel1.win32_1.0.100.202403111256/tools/bin/../lib/gcc/arm-none-eabi/12.3.1/thumb/v7e-m+fp/hard/crtbegin.o
                [!provide]                        PROVIDE (__fini_array_end = .)
                0x08006b28                        . = ALIGN (0x4)
                0x08006b28                        _sidata = LOADADDR (.data)

.data           0x20000000       0x10 load address 0x08006b28
                0x20000000                        . = ALIGN (0x4)
                0x20000000                        _sdata = .
 *(.data)
 *(.data*)
 .data.SystemCoreClock
                0x20000000        0x4 ./Core/Src/system_stm32f4xx.o
                0x20000000                SystemCoreClock
 .data.uwTickPrio
                0x20000004        0x4 ./Drivers/STM32F4xx_HAL_Driver/Src/stm32f4xx_hal.o
                0x20000004                uwTickPrio
 .data.uwTickFreq
                0x20000008        0x1 ./Drivers/STM32F4xx_HAL_Driver/Src/stm32f4xx_hal.o
                0x20000008                uwTickFreq
 *fill*         0x20000009        0x3 
 .data.uxCriticalNesting
                0x2000000c        0x4 ./Middlewares/Third_Party/FreeRTOS/Source/portable/GCC/ARM_CM4F/port.o
 *(.RamFunc)
 *(.RamFunc*)
                0x20000010                        . = ALIGN (0x4)
                0x20000010                        _edata = .

.igot.plt       0x20000010        0x0 load address 0x08006b38
 .igot.plt      0x20000010        0x0 C:/ST/STM32CubeIDE_1.12.0/STM32CubeIDE/plugins/com.st.stm32cube.ide.mcu.externaltools.gnu-tools-for-stm32.12.3.rel1.win32_1.0.100.202403111256/tools/bin/../lib/gcc/arm-none-eabi/12.3.1/thumb/v7e-m+fp/hard/crtbegin.o
                0x20000010                        . = ALIGN (0x4)

.bss            0x20000010     0x4304 load address 0x08006b38
                0x20000010                        _sbss = .
                0x20000010                        __bss_start__ = _sbss
 *(.bss)
 .bss           0x20000010       0x1c C:/ST/STM32CubeIDE_1.12.0/STM32CubeIDE/plugins/com.st.stm32cube.ide.mcu.externaltools.gnu-tools-for-stm32.12.3.rel1.win32_1.0.100.202403111256/tools/bin/../lib/gcc/arm-none-eabi/12.3.1/thumb/v7e-m+fp/hard/crtbegin.o
 *(.bss*)
 .bss.BMP280_ID
                0x2000002c        0x1 ./Core/Src/Peripheral/BMP280.o
                0x2000002c                BMP280_ID
 *fill*         0x2000002d        0x1 
 .bss.dig_T1    0x2000002e        0x2 ./Core/Src/Peripheral/BMP280.o
                0x2000002e                dig_T1
 .bss.dig_P1    0x20000030        0x2 ./Core/Src/Peripheral/BMP280.o
                0x20000030                dig_P1
 .bss.dig_T2    0x20000032        0x2 ./Core/Src/Peripheral/BMP280.o
                0x20000032                dig_T2
 .bss.dig_T3    0x20000034        0x2 ./Core/Src/Peripheral/BMP280.o
                0x20000034                dig_T3
 .bss.dig_P2    0x20000036        0x2 ./Core/Src/Peripheral/BMP280.o
                0x20000036                dig_P2
 .bss.dig_P3    0x20000038        0x2 ./Core/Src/Peripheral/BMP280.o
                0x20000038                dig_P3
 .bss.dig_P4    0x2000003a        0x2 ./Core/Src/Peripheral/BMP280.o
                0x2000003a                dig_P4
 .bss.dig_P5    0x2000003c        0x2 ./Core/Src/Peripheral/BMP280.o
                0x2000003c                dig_P5
 .bss.dig_P6    0x2000003e        0x2 ./Core/Src/Peripheral/BMP280.o
                0x2000003e                dig_P6
 .bss.dig_P7    0x20000040        0x2 ./Core/Src/Peripheral/BMP280.o
                0x20000040                dig_P7
 .bss.dig_P8    0x20000042        0x2 ./Core/Src/Peripheral/BMP280.o
                0x20000042                dig_P8
 .bss.dig_P9    0x20000044        0x2 ./Core/Src/Peripheral/BMP280.o
                0x20000044                dig_P9
 *fill*         0x20000046        0x2 
 .bss.T_raw     0x20000048        0x4 ./Core/Src/Peripheral/BMP280.o
                0x20000048                T_raw
 .bss.P_raw     0x2000004c        0x4 ./Core/Src/Peripheral/BMP280.o
                0x2000004c                P_raw
 .bss.t_fine    0x20000050        0x4 ./Core/Src/Peripheral/BMP280.o
                0x20000050                t_fine
 .bss.Temperature
                0x20000054        0x4 ./Core/Src/Peripheral/BMP280.o
                0x20000054                Temperature
 .bss.Presure   0x20000058        0x4 ./Core/Src/Peripheral/BMP280.o
                0x20000058                Presure
 .bss.NRF24_Configurations_Struct
                0x2000005c       0x98 ./Core/Src/Peripheral/NRF24.o
                0x2000005c                NRF24_Configurations_Struct
 .bss.Transmision_Flag
                0x200000f4        0x1 ./Core/Src/Peripheral/NRF24.o
                0x200000f4                Transmision_Flag
 .bss.TX_FULL   0x200000f5        0x1 ./Core/Src/Peripheral/NRF24.o
                0x200000f5                TX_FULL
 .bss.RX_P_NO   0x200000f6        0x1 ./Core/Src/Peripheral/NRF24.o
                0x200000f6                RX_P_NO
 .bss.MAX_RT    0x200000f7        0x1 ./Core/Src/Peripheral/NRF24.o
                0x200000f7                MAX_RT
 .bss.TX_DS     0x200000f8        0x1 ./Core/Src/Peripheral/NRF24.o
                0x200000f8                TX_DS
 .bss.RX_DR     0x200000f9        0x1 ./Core/Src/Peripheral/NRF24.o
                0x200000f9                RX_DR
 .bss.RX_EMPTY  0x200000fa        0x1 ./Core/Src/Peripheral/NRF24.o
                0x200000fa                RX_EMPTY
 .bss.RX_FULL   0x200000fb        0x1 ./Core/Src/Peripheral/NRF24.o
                0x200000fb                RX_FULL
 .bss.TX_EMPTY  0x200000fc        0x1 ./Core/Src/Peripheral/NRF24.o
                0x200000fc                TX_EMPTY
 .bss.TX_REUSE  0x200000fd        0x1 ./Core/Src/Peripheral/NRF24.o
                0x200000fd                TX_REUSE
 .bss.Cont_TX   0x200000fe        0x1 ./Core/Src/Peripheral/NRF24.o
                0x200000fe                Cont_TX
 .bss.NRF24_mode
                0x200000ff        0x1 ./Core/Src/Peripheral/NRF24.o
                0x200000ff                NRF24_mode
 .bss.TxBuffer  0x20000100       0x20 ./Core/Src/Peripheral/NRF24.o
                0x20000100                TxBuffer
 .bss.RxBuffer  0x20000120       0x20 ./Core/Src/Peripheral/NRF24.o
                0x20000120                RxBuffer
 .bss.Task10msHandle
                0x20000140        0x4 ./Core/Src/freertos.o
                0x20000140                Task10msHandle
 .bss.Task100msHandle
                0x20000144        0x4 ./Core/Src/freertos.o
                0x20000144                Task100msHandle
 .bss.Task1000msHandle
                0x20000148        0x4 ./Core/Src/freertos.o
                0x20000148                Task1000msHandle
 .bss.Task1msHandle
                0x2000014c        0x4 ./Core/Src/freertos.o
                0x2000014c                Task1msHandle
 .bss.xIdleTaskTCBBuffer
                0x20000150       0x54 ./Core/Src/freertos.o
 .bss.xIdleStack
                0x200001a4      0x200 ./Core/Src/freertos.o
 .bss.hspi1     0x200003a4       0x58 ./Core/Src/spi.o
                0x200003a4                hspi1
 .bss.hspi2     0x200003fc       0x58 ./Core/Src/spi.o
                0x200003fc                hspi2
 .bss.hdma_spi1_rx
                0x20000454       0x60 ./Core/Src/spi.o
                0x20000454                hdma_spi1_rx
 .bss.hdma_spi1_tx
                0x200004b4       0x60 ./Core/Src/spi.o
                0x200004b4                hdma_spi1_tx
 .bss.hdma_spi2_rx
                0x20000514       0x60 ./Core/Src/spi.o
                0x20000514                hdma_spi2_rx
 .bss.htim11    0x20000574       0x48 ./Core/Src/stm32f4xx_hal_timebase_tim.o
                0x20000574                htim11
 .bss.uwTick    0x200005bc        0x4 ./Drivers/STM32F4xx_HAL_Driver/Src/stm32f4xx_hal.o
                0x200005bc                uwTick
 .bss.pxCurrentTCB
                0x200005c0        0x4 ./Middlewares/Third_Party/FreeRTOS/Source/tasks.o
                0x200005c0                pxCurrentTCB
 .bss.pxReadyTasksLists
                0x200005c4       0x8c ./Middlewares/Third_Party/FreeRTOS/Source/tasks.o
 .bss.xDelayedTaskList1
                0x20000650       0x14 ./Middlewares/Third_Party/FreeRTOS/Source/tasks.o
 .bss.xDelayedTaskList2
                0x20000664       0x14 ./Middlewares/Third_Party/FreeRTOS/Source/tasks.o
 .bss.pxDelayedTaskList
                0x20000678        0x4 ./Middlewares/Third_Party/FreeRTOS/Source/tasks.o
 .bss.pxOverflowDelayedTaskList
                0x2000067c        0x4 ./Middlewares/Third_Party/FreeRTOS/Source/tasks.o
 .bss.xPendingReadyList
                0x20000680       0x14 ./Middlewares/Third_Party/FreeRTOS/Source/tasks.o
 .bss.xTasksWaitingTermination
                0x20000694       0x14 ./Middlewares/Third_Party/FreeRTOS/Source/tasks.o
 .bss.uxDeletedTasksWaitingCleanUp
                0x200006a8        0x4 ./Middlewares/Third_Party/FreeRTOS/Source/tasks.o
 .bss.xSuspendedTaskList
                0x200006ac       0x14 ./Middlewares/Third_Party/FreeRTOS/Source/tasks.o
 .bss.uxCurrentNumberOfTasks
                0x200006c0        0x4 ./Middlewares/Third_Party/FreeRTOS/Source/tasks.o
 .bss.xTickCount
                0x200006c4        0x4 ./Middlewares/Third_Party/FreeRTOS/Source/tasks.o
 .bss.uxTopReadyPriority
                0x200006c8        0x4 ./Middlewares/Third_Party/FreeRTOS/Source/tasks.o
 .bss.xSchedulerRunning
                0x200006cc        0x4 ./Middlewares/Third_Party/FreeRTOS/Source/tasks.o
 .bss.xPendedTicks
                0x200006d0        0x4 ./Middlewares/Third_Party/FreeRTOS/Source/tasks.o
 .bss.xYieldPending
                0x200006d4        0x4 ./Middlewares/Third_Party/FreeRTOS/Source/tasks.o
 .bss.xNumOfOverflows
                0x200006d8        0x4 ./Middlewares/Third_Party/FreeRTOS/Source/tasks.o
 .bss.uxTaskNumber
                0x200006dc        0x4 ./Middlewares/Third_Party/FreeRTOS/Source/tasks.o
 .bss.xNextTaskUnblockTime
                0x200006e0        0x4 ./Middlewares/Third_Party/FreeRTOS/Source/tasks.o
 .bss.xIdleTaskHandle
                0x200006e4        0x4 ./Middlewares/Third_Party/FreeRTOS/Source/tasks.o
 .bss.uxSchedulerSuspended
                0x200006e8        0x4 ./Middlewares/Third_Party/FreeRTOS/Source/tasks.o
 .bss.ucMaxSysCallPriority
                0x200006ec        0x1 ./Middlewares/Third_Party/FreeRTOS/Source/portable/GCC/ARM_CM4F/port.o
 *fill*         0x200006ed        0x3 
 .bss.ulMaxPRIGROUPValue
                0x200006f0        0x4 ./Middlewares/Third_Party/FreeRTOS/Source/portable/GCC/ARM_CM4F/port.o
 .bss.ucHeap    0x200006f4     0x3c00 ./Middlewares/Third_Party/FreeRTOS/Source/portable/MemMang/heap_4.o
 .bss.xStart    0x200042f4        0x8 ./Middlewares/Third_Party/FreeRTOS/Source/portable/MemMang/heap_4.o
 .bss.pxEnd     0x200042fc        0x4 ./Middlewares/Third_Party/FreeRTOS/Source/portable/MemMang/heap_4.o
 .bss.xFreeBytesRemaining
                0x20004300        0x4 ./Middlewares/Third_Party/FreeRTOS/Source/portable/MemMang/heap_4.o
 .bss.xMinimumEverFreeBytesRemaining
                0x20004304        0x4 ./Middlewares/Third_Party/FreeRTOS/Source/portable/MemMang/heap_4.o
 .bss.xNumberOfSuccessfulAllocations
                0x20004308        0x4 ./Middlewares/Third_Party/FreeRTOS/Source/portable/MemMang/heap_4.o
 .bss.xNumberOfSuccessfulFrees
                0x2000430c        0x4 ./Middlewares/Third_Party/FreeRTOS/Source/portable/MemMang/heap_4.o
 .bss.xBlockAllocatedBit
                0x20004310        0x4 ./Middlewares/Third_Party/FreeRTOS/Source/portable/MemMang/heap_4.o
 *(COMMON)
                0x20004314                        . = ALIGN (0x4)
                0x20004314                        _ebss = .
                0x20004314                        __bss_end__ = _ebss

._user_heap_stack
                0x20004314      0x604 load address 0x08006b38
                0x20004318                        . = ALIGN (0x8)
 *fill*         0x20004314        0x4 
                [!provide]                        PROVIDE (end = .)
                0x20004318                        PROVIDE (_end = .)
                0x20004518                        . = (. + _Min_Heap_Size)
 *fill*         0x20004318      0x200 
                0x20004918                        . = (. + _Min_Stack_Size)
 *fill*         0x20004518      0x400 
                0x20004918                        . = ALIGN (0x8)

/DISCARD/
 libc.a(*)
 libm.a(*)
 libgcc.a(*)

.ARM.attributes
                0x00000000       0x30
 *(.ARM.attributes)
 .ARM.attributes
                0x00000000       0x22 C:/ST/STM32CubeIDE_1.12.0/STM32CubeIDE/plugins/com.st.stm32cube.ide.mcu.externaltools.gnu-tools-for-stm32.12.3.rel1.win32_1.0.100.202403111256/tools/bin/../lib/gcc/arm-none-eabi/12.3.1/thumb/v7e-m+fp/hard/crti.o
 .ARM.attributes
                0x00000022       0x34 C:/ST/STM32CubeIDE_1.12.0/STM32CubeIDE/plugins/com.st.stm32cube.ide.mcu.externaltools.gnu-tools-for-stm32.12.3.rel1.win32_1.0.100.202403111256/tools/bin/../lib/gcc/arm-none-eabi/12.3.1/thumb/v7e-m+fp/hard/crtbegin.o
 .ARM.attributes
                0x00000056       0x34 ./Core/Src/Global/Task_schedule.o
 .ARM.attributes
                0x0000008a       0x34 ./Core/Src/Peripheral/BMP280.o
 .ARM.attributes
                0x000000be       0x34 ./Core/Src/Peripheral/NRF24.o
 .ARM.attributes
                0x000000f2       0x34 ./Core/Src/dma.o
 .ARM.attributes
                0x00000126       0x34 ./Core/Src/freertos.o
 .ARM.attributes
                0x0000015a       0x34 ./Core/Src/gpio.o
 .ARM.attributes
                0x0000018e       0x34 ./Core/Src/main.o
 .ARM.attributes
                0x000001c2       0x34 ./Core/Src/spi.o
 .ARM.attributes
                0x000001f6       0x34 ./Core/Src/stm32f4xx_hal_msp.o
 .ARM.attributes
                0x0000022a       0x34 ./Core/Src/stm32f4xx_hal_timebase_tim.o
 .ARM.attributes
                0x0000025e       0x34 ./Core/Src/stm32f4xx_it.o
 .ARM.attributes
                0x00000292       0x34 ./Core/Src/system_stm32f4xx.o
 .ARM.attributes
                0x000002c6       0x21 ./Core/Startup/startup_stm32f411retx.o
 .ARM.attributes
                0x000002e7       0x34 ./Drivers/STM32F4xx_HAL_Driver/Src/stm32f4xx_hal.o
 .ARM.attributes
                0x0000031b       0x34 ./Drivers/STM32F4xx_HAL_Driver/Src/stm32f4xx_hal_cortex.o
 .ARM.attributes
                0x0000034f       0x34 ./Drivers/STM32F4xx_HAL_Driver/Src/stm32f4xx_hal_dma.o
 .ARM.attributes
                0x00000383       0x34 ./Drivers/STM32F4xx_HAL_Driver/Src/stm32f4xx_hal_gpio.o
 .ARM.attributes
                0x000003b7       0x34 ./Drivers/STM32F4xx_HAL_Driver/Src/stm32f4xx_hal_rcc.o
 .ARM.attributes
                0x000003eb       0x34 ./Drivers/STM32F4xx_HAL_Driver/Src/stm32f4xx_hal_spi.o
 .ARM.attributes
                0x0000041f       0x34 ./Drivers/STM32F4xx_HAL_Driver/Src/stm32f4xx_hal_tim.o
 .ARM.attributes
                0x00000453       0x34 ./Drivers/STM32F4xx_HAL_Driver/Src/stm32f4xx_hal_tim_ex.o
 .ARM.attributes
                0x00000487       0x34 ./Middlewares/Third_Party/FreeRTOS/Source/CMSIS_RTOS/cmsis_os.o
 .ARM.attributes
                0x000004bb       0x34 ./Middlewares/Third_Party/FreeRTOS/Source/list.o
 .ARM.attributes
                0x000004ef       0x34 ./Middlewares/Third_Party/FreeRTOS/Source/tasks.o
 .ARM.attributes
                0x00000523       0x34 ./Middlewares/Third_Party/FreeRTOS/Source/portable/GCC/ARM_CM4F/port.o
 .ARM.attributes
                0x00000557       0x34 ./Middlewares/Third_Party/FreeRTOS/Source/portable/MemMang/heap_4.o
 .ARM.attributes
                0x0000058b       0x34 C:/ST/STM32CubeIDE_1.12.0/STM32CubeIDE/plugins/com.st.stm32cube.ide.mcu.externaltools.gnu-tools-for-stm32.12.3.rel1.win32_1.0.100.202403111256/tools/bin/../lib/gcc/arm-none-eabi/12.3.1/../../../../arm-none-eabi/lib/thumb/v7e-m+fp/hard\libc_nano.a(libc_a-memset.o)
 .ARM.attributes
                0x000005bf       0x34 C:/ST/STM32CubeIDE_1.12.0/STM32CubeIDE/plugins/com.st.stm32cube.ide.mcu.externaltools.gnu-tools-for-stm32.12.3.rel1.win32_1.0.100.202403111256/tools/bin/../lib/gcc/arm-none-eabi/12.3.1/../../../../arm-none-eabi/lib/thumb/v7e-m+fp/hard\libc_nano.a(libc_a-init.o)
 .ARM.attributes
                0x000005f3       0x22 C:/ST/STM32CubeIDE_1.12.0/STM32CubeIDE/plugins/com.st.stm32cube.ide.mcu.externaltools.gnu-tools-for-stm32.12.3.rel1.win32_1.0.100.202403111256/tools/bin/../lib/gcc/arm-none-eabi/12.3.1/thumb/v7e-m+fp/hard\libgcc.a(_aeabi_ldivmod.o)
 .ARM.attributes
                0x00000615       0x22 C:/ST/STM32CubeIDE_1.12.0/STM32CubeIDE/plugins/com.st.stm32cube.ide.mcu.externaltools.gnu-tools-for-stm32.12.3.rel1.win32_1.0.100.202403111256/tools/bin/../lib/gcc/arm-none-eabi/12.3.1/thumb/v7e-m+fp/hard\libgcc.a(_aeabi_uldivmod.o)
 .ARM.attributes
                0x00000637       0x34 C:/ST/STM32CubeIDE_1.12.0/STM32CubeIDE/plugins/com.st.stm32cube.ide.mcu.externaltools.gnu-tools-for-stm32.12.3.rel1.win32_1.0.100.202403111256/tools/bin/../lib/gcc/arm-none-eabi/12.3.1/thumb/v7e-m+fp/hard\libgcc.a(_udivmoddi4.o)
 .ARM.attributes
                0x0000066b       0x22 C:/ST/STM32CubeIDE_1.12.0/STM32CubeIDE/plugins/com.st.stm32cube.ide.mcu.externaltools.gnu-tools-for-stm32.12.3.rel1.win32_1.0.100.202403111256/tools/bin/../lib/gcc/arm-none-eabi/12.3.1/thumb/v7e-m+fp/hard\libgcc.a(_dvmd_tls.o)
 .ARM.attributes
                0x0000068d       0x22 C:/ST/STM32CubeIDE_1.12.0/STM32CubeIDE/plugins/com.st.stm32cube.ide.mcu.externaltools.gnu-tools-for-stm32.12.3.rel1.win32_1.0.100.202403111256/tools/bin/../lib/gcc/arm-none-eabi/12.3.1/thumb/v7e-m+fp/hard/crtn.o
OUTPUT(CanSat.elf elf32-littlearm)
LOAD linker stubs
LOAD C:/ST/STM32CubeIDE_1.12.0/STM32CubeIDE/plugins/com.st.stm32cube.ide.mcu.externaltools.gnu-tools-for-stm32.12.3.rel1.win32_1.0.100.202403111256/tools/bin/../lib/gcc/arm-none-eabi/12.3.1/../../../../arm-none-eabi/lib/thumb/v7e-m+fp/hard\libc.a
LOAD C:/ST/STM32CubeIDE_1.12.0/STM32CubeIDE/plugins/com.st.stm32cube.ide.mcu.externaltools.gnu-tools-for-stm32.12.3.rel1.win32_1.0.100.202403111256/tools/bin/../lib/gcc/arm-none-eabi/12.3.1/../../../../arm-none-eabi/lib/thumb/v7e-m+fp/hard\libm.a
LOAD C:/ST/STM32CubeIDE_1.12.0/STM32CubeIDE/plugins/com.st.stm32cube.ide.mcu.externaltools.gnu-tools-for-stm32.12.3.rel1.win32_1.0.100.202403111256/tools/bin/../lib/gcc/arm-none-eabi/12.3.1/thumb/v7e-m+fp/hard\libgcc.a

.debug_info     0x00000000    0x126a2
 .debug_info    0x00000000      0x11d ./Core/Src/Global/Task_schedule.o
 .debug_info    0x0000011d      0xafe ./Core/Src/Peripheral/BMP280.o
 .debug_info    0x00000c1b      0xe3a ./Core/Src/Peripheral/NRF24.o
 .debug_info    0x00001a55      0x45e ./Core/Src/dma.o
 .debug_info    0x00001eb3      0x5b8 ./Core/Src/freertos.o
 .debug_info    0x0000246b      0x433 ./Core/Src/gpio.o
 .debug_info    0x0000289e      0xb95 ./Core/Src/main.o
 .debug_info    0x00003433      0xc25 ./Core/Src/spi.o
 .debug_info    0x00004058      0x44f ./Core/Src/stm32f4xx_hal_msp.o
 .debug_info    0x000044a7      0xb75 ./Core/Src/stm32f4xx_hal_timebase_tim.o
 .debug_info    0x0000501c      0x9e3 ./Core/Src/stm32f4xx_it.o
 .debug_info    0x000059ff      0x53e ./Core/Src/system_stm32f4xx.o
 .debug_info    0x00005f3d       0x30 ./Core/Startup/startup_stm32f411retx.o
 .debug_info    0x00005f6d      0x8c4 ./Drivers/STM32F4xx_HAL_Driver/Src/stm32f4xx_hal.o
 .debug_info    0x00006831      0xcc7 ./Drivers/STM32F4xx_HAL_Driver/Src/stm32f4xx_hal_cortex.o
 .debug_info    0x000074f8      0x8e6 ./Drivers/STM32F4xx_HAL_Driver/Src/stm32f4xx_hal_dma.o
 .debug_info    0x00007dde      0x6f9 ./Drivers/STM32F4xx_HAL_Driver/Src/stm32f4xx_hal_gpio.o
 .debug_info    0x000084d7      0x8f2 ./Drivers/STM32F4xx_HAL_Driver/Src/stm32f4xx_hal_rcc.o
 .debug_info    0x00008dc9     0x1606 ./Drivers/STM32F4xx_HAL_Driver/Src/stm32f4xx_hal_spi.o
 .debug_info    0x0000a3cf     0x2996 ./Drivers/STM32F4xx_HAL_Driver/Src/stm32f4xx_hal_tim.o
 .debug_info    0x0000cd65     0x14d4 ./Drivers/STM32F4xx_HAL_Driver/Src/stm32f4xx_hal_tim_ex.o
 .debug_info    0x0000e239     0x1b60 ./Middlewares/Third_Party/FreeRTOS/Source/CMSIS_RTOS/cmsis_os.o
 .debug_info    0x0000fd99      0x2af ./Middlewares/Third_Party/FreeRTOS/Source/list.o
 .debug_info    0x00010048     0x1ca7 ./Middlewares/Third_Party/FreeRTOS/Source/tasks.o
 .debug_info    0x00011cef      0x4de ./Middlewares/Third_Party/FreeRTOS/Source/portable/GCC/ARM_CM4F/port.o
 .debug_info    0x000121cd      0x4d5 ./Middlewares/Third_Party/FreeRTOS/Source/portable/MemMang/heap_4.o

.debug_abbrev   0x00000000     0x343c
 .debug_abbrev  0x00000000       0x74 ./Core/Src/Global/Task_schedule.o
 .debug_abbrev  0x00000074      0x256 ./Core/Src/Peripheral/BMP280.o
 .debug_abbrev  0x000002ca      0x2f0 ./Core/Src/Peripheral/NRF24.o
 .debug_abbrev  0x000005ba      0x11b ./Core/Src/dma.o
 .debug_abbrev  0x000006d5      0x182 ./Core/Src/freertos.o
 .debug_abbrev  0x00000857      0x151 ./Core/Src/gpio.o
 .debug_abbrev  0x000009a8      0x23c ./Core/Src/main.o
 .debug_abbrev  0x00000be4      0x22c ./Core/Src/spi.o
 .debug_abbrev  0x00000e10      0x119 ./Core/Src/stm32f4xx_hal_msp.o
 .debug_abbrev  0x00000f29      0x207 ./Core/Src/stm32f4xx_hal_timebase_tim.o
 .debug_abbrev  0x00001130      0x193 ./Core/Src/stm32f4xx_it.o
 .debug_abbrev  0x000012c3      0x11a ./Core/Src/system_stm32f4xx.o
 .debug_abbrev  0x000013dd       0x24 ./Core/Startup/startup_stm32f411retx.o
 .debug_abbrev  0x00001401      0x24b ./Drivers/STM32F4xx_HAL_Driver/Src/stm32f4xx_hal.o
 .debug_abbrev  0x0000164c      0x328 ./Drivers/STM32F4xx_HAL_Driver/Src/stm32f4xx_hal_cortex.o
 .debug_abbrev  0x00001974      0x221 ./Drivers/STM32F4xx_HAL_Driver/Src/stm32f4xx_hal_dma.o
 .debug_abbrev  0x00001b95      0x1d3 ./Drivers/STM32F4xx_HAL_Driver/Src/stm32f4xx_hal_gpio.o
 .debug_abbrev  0x00001d68      0x2b5 ./Drivers/STM32F4xx_HAL_Driver/Src/stm32f4xx_hal_rcc.o
 .debug_abbrev  0x0000201d      0x280 ./Drivers/STM32F4xx_HAL_Driver/Src/stm32f4xx_hal_spi.o
 .debug_abbrev  0x0000229d      0x28b ./Drivers/STM32F4xx_HAL_Driver/Src/stm32f4xx_hal_tim.o
 .debug_abbrev  0x00002528      0x296 ./Drivers/STM32F4xx_HAL_Driver/Src/stm32f4xx_hal_tim_ex.o
 .debug_abbrev  0x000027be      0x3b7 ./Middlewares/Third_Party/FreeRTOS/Source/CMSIS_RTOS/cmsis_os.o
 .debug_abbrev  0x00002b75       0xf5 ./Middlewares/Third_Party/FreeRTOS/Source/list.o
 .debug_abbrev  0x00002c6a      0x359 ./Middlewares/Third_Party/FreeRTOS/Source/tasks.o
 .debug_abbrev  0x00002fc3      0x25c ./Middlewares/Third_Party/FreeRTOS/Source/portable/GCC/ARM_CM4F/port.o
 .debug_abbrev  0x0000321f      0x21d ./Middlewares/Third_Party/FreeRTOS/Source/portable/MemMang/heap_4.o

.debug_aranges  0x00000000     0x12b8
 .debug_aranges
                0x00000000       0x58 ./Core/Src/Global/Task_schedule.o
 .debug_aranges
                0x00000058       0x70 ./Core/Src/Peripheral/BMP280.o
 .debug_aranges
                0x000000c8       0xb8 ./Core/Src/Peripheral/NRF24.o
 .debug_aranges
                0x00000180       0x20 ./Core/Src/dma.o
 .debug_aranges
                0x000001a0       0x48 ./Core/Src/freertos.o
 .debug_aranges
                0x000001e8       0x20 ./Core/Src/gpio.o
 .debug_aranges
                0x00000208       0x38 ./Core/Src/main.o
 .debug_aranges
                0x00000240       0x38 ./Core/Src/spi.o
 .debug_aranges
                0x00000278       0x20 ./Core/Src/stm32f4xx_hal_msp.o
 .debug_aranges
                0x00000298       0x30 ./Core/Src/stm32f4xx_hal_timebase_tim.o
 .debug_aranges
                0x000002c8       0x70 ./Core/Src/stm32f4xx_it.o
 .debug_aranges
                0x00000338       0x28 ./Core/Src/system_stm32f4xx.o
 .debug_aranges
                0x00000360       0x28 ./Core/Startup/startup_stm32f411retx.o
 .debug_aranges
                0x00000388       0xf0 ./Drivers/STM32F4xx_HAL_Driver/Src/stm32f4xx_hal.o
 .debug_aranges
                0x00000478      0x120 ./Drivers/STM32F4xx_HAL_Driver/Src/stm32f4xx_hal_cortex.o
 .debug_aranges
                0x00000598       0x90 ./Drivers/STM32F4xx_HAL_Driver/Src/stm32f4xx_hal_dma.o
 .debug_aranges
                0x00000628       0x58 ./Drivers/STM32F4xx_HAL_Driver/Src/stm32f4xx_hal_gpio.o
 .debug_aranges
                0x00000680       0x88 ./Drivers/STM32F4xx_HAL_Driver/Src/stm32f4xx_hal_rcc.o
 .debug_aranges
                0x00000708      0x1d0 ./Drivers/STM32F4xx_HAL_Driver/Src/stm32f4xx_hal_spi.o
 .debug_aranges
                0x000008d8      0x3d0 ./Drivers/STM32F4xx_HAL_Driver/Src/stm32f4xx_hal_tim.o
 .debug_aranges
                0x00000ca8      0x168 ./Drivers/STM32F4xx_HAL_Driver/Src/stm32f4xx_hal_tim_ex.o
 .debug_aranges
                0x00000e10      0x1d8 ./Middlewares/Third_Party/FreeRTOS/Source/CMSIS_RTOS/cmsis_os.o
 .debug_aranges
                0x00000fe8       0x40 ./Middlewares/Third_Party/FreeRTOS/Source/list.o
 .debug_aranges
                0x00001028      0x1b8 ./Middlewares/Third_Party/FreeRTOS/Source/tasks.o
 .debug_aranges
                0x000011e0       0x80 ./Middlewares/Third_Party/FreeRTOS/Source/portable/GCC/ARM_CM4F/port.o
 .debug_aranges
                0x00001260       0x58 ./Middlewares/Third_Party/FreeRTOS/Source/portable/MemMang/heap_4.o

.debug_rnglists
                0x00000000      0xe52
 .debug_rnglists
                0x00000000       0x3d ./Core/Src/Global/Task_schedule.o
 .debug_rnglists
                0x0000003d       0x53 ./Core/Src/Peripheral/BMP280.o
 .debug_rnglists
                0x00000090       0x8e ./Core/Src/Peripheral/NRF24.o
 .debug_rnglists
                0x0000011e       0x13 ./Core/Src/dma.o
 .debug_rnglists
                0x00000131       0x32 ./Core/Src/freertos.o
 .debug_rnglists
                0x00000163       0x14 ./Core/Src/gpio.o
 .debug_rnglists
                0x00000177       0x26 ./Core/Src/main.o
 .debug_rnglists
                0x0000019d       0x27 ./Core/Src/spi.o
 .debug_rnglists
                0x000001c4       0x13 ./Core/Src/stm32f4xx_hal_msp.o
 .debug_rnglists
                0x000001d7       0x20 ./Core/Src/stm32f4xx_hal_timebase_tim.o
 .debug_rnglists
                0x000001f7       0x4f ./Core/Src/stm32f4xx_it.o
 .debug_rnglists
                0x00000246       0x1a ./Core/Src/system_stm32f4xx.o
 .debug_rnglists
                0x00000260       0x19 ./Core/Startup/startup_stm32f411retx.o
 .debug_rnglists
                0x00000279       0xaf ./Drivers/STM32F4xx_HAL_Driver/Src/stm32f4xx_hal.o
 .debug_rnglists
                0x00000328       0xd4 ./Drivers/STM32F4xx_HAL_Driver/Src/stm32f4xx_hal_cortex.o
 .debug_rnglists
                0x000003fc       0x70 ./Drivers/STM32F4xx_HAL_Driver/Src/stm32f4xx_hal_dma.o
 .debug_rnglists
                0x0000046c       0x3f ./Drivers/STM32F4xx_HAL_Driver/Src/stm32f4xx_hal_gpio.o
 .debug_rnglists
                0x000004ab       0x66 ./Drivers/STM32F4xx_HAL_Driver/Src/stm32f4xx_hal_rcc.o
 .debug_rnglists
                0x00000511      0x16f ./Drivers/STM32F4xx_HAL_Driver/Src/stm32f4xx_hal_spi.o
 .debug_rnglists
                0x00000680      0x31a ./Drivers/STM32F4xx_HAL_Driver/Src/stm32f4xx_hal_tim.o
 .debug_rnglists
                0x0000099a      0x125 ./Drivers/STM32F4xx_HAL_Driver/Src/stm32f4xx_hal_tim_ex.o
 .debug_rnglists
                0x00000abf      0x16a ./Middlewares/Third_Party/FreeRTOS/Source/CMSIS_RTOS/cmsis_os.o
 .debug_rnglists
                0x00000c29       0x2b ./Middlewares/Third_Party/FreeRTOS/Source/list.o
 .debug_rnglists
                0x00000c54      0x15f ./Middlewares/Third_Party/FreeRTOS/Source/tasks.o
 .debug_rnglists
                0x00000db3       0x5d ./Middlewares/Third_Party/FreeRTOS/Source/portable/GCC/ARM_CM4F/port.o
 .debug_rnglists
                0x00000e10       0x42 ./Middlewares/Third_Party/FreeRTOS/Source/portable/MemMang/heap_4.o

.debug_macro    0x00000000    0x18db0
 .debug_macro   0x00000000      0x2d2 ./Core/Src/Global/Task_schedule.o
 .debug_macro   0x000002d2      0xab4 ./Core/Src/Global/Task_schedule.o
 .debug_macro   0x00000d86       0x2e ./Core/Src/Global/Task_schedule.o
 .debug_macro   0x00000db4       0x28 ./Core/Src/Global/Task_schedule.o
 .debug_macro   0x00000ddc       0x22 ./Core/Src/Global/Task_schedule.o
 .debug_macro   0x00000dfe       0x8e ./Core/Src/Global/Task_schedule.o
 .debug_macro   0x00000e8c       0x51 ./Core/Src/Global/Task_schedule.o
 .debug_macro   0x00000edd      0x103 ./Core/Src/Global/Task_schedule.o
 .debug_macro   0x00000fe0       0x6a ./Core/Src/Global/Task_schedule.o
 .debug_macro   0x0000104a      0x1df ./Core/Src/Global/Task_schedule.o
 .debug_macro   0x00001229       0x1c ./Core/Src/Global/Task_schedule.o
 .debug_macro   0x00001245       0x22 ./Core/Src/Global/Task_schedule.o
 .debug_macro   0x00001267       0xfb ./Core/Src/Global/Task_schedule.o
 .debug_macro   0x00001362     0x1011 ./Core/Src/Global/Task_schedule.o
 .debug_macro   0x00002373      0x11f ./Core/Src/Global/Task_schedule.o
 .debug_macro   0x00002492     0xb953 ./Core/Src/Global/Task_schedule.o
 .debug_macro   0x0000dde5       0x6d ./Core/Src/Global/Task_schedule.o
 .debug_macro   0x0000de52      0x29b ./Core/Src/Global/Task_schedule.o
 .debug_macro   0x0000e0ed     0x368c ./Core/Src/Global/Task_schedule.o
 .debug_macro   0x00011779      0x189 ./Core/Src/Global/Task_schedule.o
 .debug_macro   0x00011902       0x5c ./Core/Src/Global/Task_schedule.o
 .debug_macro   0x0001195e      0x45c ./Core/Src/Global/Task_schedule.o
 .debug_macro   0x00011dba      0x9e9 ./Core/Src/Global/Task_schedule.o
 .debug_macro   0x000127a3      0x115 ./Core/Src/Global/Task_schedule.o
 .debug_macro   0x000128b8      0x11b ./Core/Src/Global/Task_schedule.o
 .debug_macro   0x000129d3       0xa5 ./Core/Src/Global/Task_schedule.o
 .debug_macro   0x00012a78      0x15f ./Core/Src/Global/Task_schedule.o
 .debug_macro   0x00012bd7      0x287 ./Core/Src/Global/Task_schedule.o
 .debug_macro   0x00012e5e       0x5f ./Core/Src/Global/Task_schedule.o
 .debug_macro   0x00012ebd      0x236 ./Core/Src/Global/Task_schedule.o
 .debug_macro   0x000130f3      0x132 ./Core/Src/Global/Task_schedule.o
 .debug_macro   0x00013225      0x264 ./Core/Src/Global/Task_schedule.o
 .debug_macro   0x00013489       0x2e ./Core/Src/Global/Task_schedule.o
 .debug_macro   0x000134b7      0x127 ./Core/Src/Global/Task_schedule.o
 .debug_macro   0x000135de       0x85 ./Core/Src/Global/Task_schedule.o
 .debug_macro   0x00013663       0x89 ./Core/Src/Global/Task_schedule.o
 .debug_macro   0x000136ec      0x225 ./Core/Src/Global/Task_schedule.o
 .debug_macro   0x00013911      0x8ed ./Core/Src/Global/Task_schedule.o
 .debug_macro   0x000141fe       0x47 ./Core/Src/Global/Task_schedule.o
 .debug_macro   0x00014245      0x126 ./Core/Src/Global/Task_schedule.o
 .debug_macro   0x0001436b       0x9a ./Core/Src/Global/Task_schedule.o
 .debug_macro   0x00014405       0x22 ./Core/Src/Global/Task_schedule.o
 .debug_macro   0x00014427       0x61 ./Core/Src/Global/Task_schedule.o
 .debug_macro   0x00014488       0x2a ./Core/Src/Global/Task_schedule.o
 .debug_macro   0x000144b2       0x43 ./Core/Src/Global/Task_schedule.o
 .debug_macro   0x000144f5       0x34 ./Core/Src/Global/Task_schedule.o
 .debug_macro   0x00014529       0x16 ./Core/Src/Global/Task_schedule.o
 .debug_macro   0x0001453f       0x43 ./Core/Src/Global/Task_schedule.o
 .debug_macro   0x00014582       0x34 ./Core/Src/Global/Task_schedule.o
 .debug_macro   0x000145b6       0x10 ./Core/Src/Global/Task_schedule.o
 .debug_macro   0x000145c6       0x58 ./Core/Src/Global/Task_schedule.o
 .debug_macro   0x0001461e       0x8e ./Core/Src/Global/Task_schedule.o
 .debug_macro   0x000146ac       0x1c ./Core/Src/Global/Task_schedule.o
 .debug_macro   0x000146c8      0x177 ./Core/Src/Global/Task_schedule.o
 .debug_macro   0x0001483f      0x369 ./Core/Src/Global/Task_schedule.o
 .debug_macro   0x00014ba8      0x19b ./Core/Src/Global/Task_schedule.o
 .debug_macro   0x00014d43       0x16 ./Core/Src/Global/Task_schedule.o
 .debug_macro   0x00014d59      0x2b9 ./Core/Src/Peripheral/BMP280.o
 .debug_macro   0x00015012      0x20e ./Core/Src/Peripheral/NRF24.o
 .debug_macro   0x00015220      0x1e7 ./Core/Src/dma.o
 .debug_macro   0x00015407       0x94 ./Core/Src/dma.o
 .debug_macro   0x0001549b      0x38f ./Core/Src/freertos.o
 .debug_macro   0x0001582a       0xea ./Core/Src/freertos.o
 .debug_macro   0x00015914      0x15a ./Core/Src/freertos.o
 .debug_macro   0x00015a6e       0xde ./Core/Src/freertos.o
 .debug_macro   0x00015b4c       0x1c ./Core/Src/freertos.o
 .debug_macro   0x00015b68       0x26 ./Core/Src/freertos.o
 .debug_macro   0x00015b8e      0x504 ./Core/Src/freertos.o
 .debug_macro   0x00016092       0xb5 ./Core/Src/freertos.o
 .debug_macro   0x00016147       0xaa ./Core/Src/freertos.o
 .debug_macro   0x000161f1       0x91 ./Core/Src/freertos.o
 .debug_macro   0x00016282       0x8d ./Core/Src/freertos.o
 .debug_macro   0x0001630f       0x7e ./Core/Src/freertos.o
 .debug_macro   0x0001638d       0x19 ./Core/Src/freertos.o
 .debug_macro   0x000163a6       0xf2 ./Core/Src/freertos.o
 .debug_macro   0x00016498      0x1e7 ./Core/Src/gpio.o
 .debug_macro   0x0001667f      0x385 ./Core/Src/main.o
 .debug_macro   0x00016a04       0xea ./Core/Src/main.o
 .debug_macro   0x00016aee      0x1e7 ./Core/Src/spi.o
 .debug_macro   0x00016cd5      0x1dd ./Core/Src/stm32f4xx_hal_msp.o
 .debug_macro   0x00016eb2      0x1ce ./Core/Src/stm32f4xx_hal_timebase_tim.o
 .debug_macro   0x00017080      0x1e7 ./Core/Src/stm32f4xx_it.o
 .debug_macro   0x00017267      0x1ce ./Core/Src/system_stm32f4xx.o
 .debug_macro   0x00017435      0x22e ./Drivers/STM32F4xx_HAL_Driver/Src/stm32f4xx_hal.o
 .debug_macro   0x00017663      0x1ce ./Drivers/STM32F4xx_HAL_Driver/Src/stm32f4xx_hal_cortex.o
 .debug_macro   0x00017831      0x1d4 ./Drivers/STM32F4xx_HAL_Driver/Src/stm32f4xx_hal_dma.o
 .debug_macro   0x00017a05      0x1d4 ./Drivers/STM32F4xx_HAL_Driver/Src/stm32f4xx_hal_gpio.o
 .debug_macro   0x00017bd9      0x1f2 ./Drivers/STM32F4xx_HAL_Driver/Src/stm32f4xx_hal_rcc.o
 .debug_macro   0x00017dcb      0x1dd ./Drivers/STM32F4xx_HAL_Driver/Src/stm32f4xx_hal_spi.o
 .debug_macro   0x00017fa8      0x1cf ./Drivers/STM32F4xx_HAL_Driver/Src/stm32f4xx_hal_tim.o
 .debug_macro   0x00018177      0x1ce ./Drivers/STM32F4xx_HAL_Driver/Src/stm32f4xx_hal_tim_ex.o
 .debug_macro   0x00018345      0x1fe ./Middlewares/Third_Party/FreeRTOS/Source/CMSIS_RTOS/cmsis_os.o
 .debug_macro   0x00018543       0x10 ./Middlewares/Third_Party/FreeRTOS/Source/CMSIS_RTOS/cmsis_os.o
 .debug_macro   0x00018553       0x20 ./Middlewares/Third_Party/FreeRTOS/Source/CMSIS_RTOS/cmsis_os.o
 .debug_macro   0x00018573       0xe9 ./Middlewares/Third_Party/FreeRTOS/Source/CMSIS_RTOS/cmsis_os.o
 .debug_macro   0x0001865c      0x187 ./Middlewares/Third_Party/FreeRTOS/Source/list.o
 .debug_macro   0x000187e3      0x279 ./Middlewares/Third_Party/FreeRTOS/Source/tasks.o
 .debug_macro   0x00018a5c       0x10 ./Middlewares/Third_Party/FreeRTOS/Source/tasks.o
 .debug_macro   0x00018a6c      0x196 ./Middlewares/Third_Party/FreeRTOS/Source/portable/GCC/ARM_CM4F/port.o
 .debug_macro   0x00018c02      0x1ae ./Middlewares/Third_Party/FreeRTOS/Source/portable/MemMang/heap_4.o

.debug_line     0x00000000    0x162b4
 .debug_line    0x00000000      0x9a0 ./Core/Src/Global/Task_schedule.o
 .debug_line    0x000009a0      0xc11 ./Core/Src/Peripheral/BMP280.o
 .debug_line    0x000015b1      0xcf5 ./Core/Src/Peripheral/NRF24.o
 .debug_line    0x000022a6      0x74e ./Core/Src/dma.o
 .debug_line    0x000029f4      0xb64 ./Core/Src/freertos.o
 .debug_line    0x00003558      0x76b ./Core/Src/gpio.o
 .debug_line    0x00003cc3      0xb11 ./Core/Src/main.o
 .debug_line    0x000047d4      0x8c0 ./Core/Src/spi.o
 .debug_line    0x00005094      0x74f ./Core/Src/stm32f4xx_hal_msp.o
 .debug_line    0x000057e3      0x7bb ./Core/Src/stm32f4xx_hal_timebase_tim.o
 .debug_line    0x00005f9e      0x84a ./Core/Src/stm32f4xx_it.o
 .debug_line    0x000067e8      0x7d2 ./Core/Src/system_stm32f4xx.o
 .debug_line    0x00006fba       0x7a ./Core/Startup/startup_stm32f411retx.o
 .debug_line    0x00007034      0xa3b ./Drivers/STM32F4xx_HAL_Driver/Src/stm32f4xx_hal.o
 .debug_line    0x00007a6f      0xd03 ./Drivers/STM32F4xx_HAL_Driver/Src/stm32f4xx_hal_cortex.o
 .debug_line    0x00008772      0xfab ./Drivers/STM32F4xx_HAL_Driver/Src/stm32f4xx_hal_dma.o
 .debug_line    0x0000971d      0xb8b ./Drivers/STM32F4xx_HAL_Driver/Src/stm32f4xx_hal_gpio.o
 .debug_line    0x0000a2a8      0xdae ./Drivers/STM32F4xx_HAL_Driver/Src/stm32f4xx_hal_rcc.o
 .debug_line    0x0000b056     0x1d36 ./Drivers/STM32F4xx_HAL_Driver/Src/stm32f4xx_hal_spi.o
 .debug_line    0x0000cd8c     0x35b9 ./Drivers/STM32F4xx_HAL_Driver/Src/stm32f4xx_hal_tim.o
 .debug_line    0x00010345     0x19cc ./Drivers/STM32F4xx_HAL_Driver/Src/stm32f4xx_hal_tim_ex.o
 .debug_line    0x00011d11     0x1266 ./Middlewares/Third_Party/FreeRTOS/Source/CMSIS_RTOS/cmsis_os.o
 .debug_line    0x00012f77      0x796 ./Middlewares/Third_Party/FreeRTOS/Source/list.o
 .debug_line    0x0001370d     0x19ad ./Middlewares/Third_Party/FreeRTOS/Source/tasks.o
 .debug_line    0x000150ba      0x839 ./Middlewares/Third_Party/FreeRTOS/Source/portable/GCC/ARM_CM4F/port.o
 .debug_line    0x000158f3      0x9c1 ./Middlewares/Third_Party/FreeRTOS/Source/portable/MemMang/heap_4.o

.debug_str      0x00000000    0x96de2
 .debug_str     0x00000000    0x8a112 ./Core/Src/Global/Task_schedule.o
                              0x8a39f (size before relaxing)
 .debug_str     0x0008a112      0x6a3 ./Core/Src/Peripheral/BMP280.o
                              0x8a90c (size before relaxing)
 .debug_str     0x0008a7b5      0x472 ./Core/Src/Peripheral/NRF24.o
                              0x872f0 (size before relaxing)
 .debug_str     0x0008ac27      0x4ec ./Core/Src/dma.o
                              0x86ccf (size before relaxing)
 .debug_str     0x0008b113     0x638e ./Core/Src/freertos.o
                              0x90772 (size before relaxing)
 .debug_str     0x000914a1       0x64 ./Core/Src/gpio.o
                              0x869d5 (size before relaxing)
 .debug_str     0x00091505      0x46c ./Core/Src/main.o
                              0x90bf2 (size before relaxing)
 .debug_str     0x00091971       0xb2 ./Core/Src/spi.o
                              0x87293 (size before relaxing)
 .debug_str     0x00091a23       0x2c ./Core/Src/stm32f4xx_hal_msp.o
                              0x86cbf (size before relaxing)
 .debug_str     0x00091a4f       0xf8 ./Core/Src/stm32f4xx_hal_timebase_tim.o
                              0x870f9 (size before relaxing)
 .debug_str     0x00091b47      0x141 ./Core/Src/stm32f4xx_it.o
                              0x87061 (size before relaxing)
 .debug_str     0x00091c88       0xdb ./Core/Src/system_stm32f4xx.o
                              0x86769 (size before relaxing)
 .debug_str     0x00091d63       0x44 ./Core/Startup/startup_stm32f411retx.o
                                 0x7e (size before relaxing)
 .debug_str     0x00091da7      0x5c9 ./Drivers/STM32F4xx_HAL_Driver/Src/stm32f4xx_hal.o
                              0x87195 (size before relaxing)
 .debug_str     0x00092370      0x320 ./Drivers/STM32F4xx_HAL_Driver/Src/stm32f4xx_hal_cortex.o
                              0x86ecd (size before relaxing)
 .debug_str     0x00092690      0x2e6 ./Drivers/STM32F4xx_HAL_Driver/Src/stm32f4xx_hal_dma.o
                              0x86b71 (size before relaxing)
 .debug_str     0x00092976      0x121 ./Drivers/STM32F4xx_HAL_Driver/Src/stm32f4xx_hal_gpio.o
                              0x868e4 (size before relaxing)
 .debug_str     0x00092a97      0x1fd ./Drivers/STM32F4xx_HAL_Driver/Src/stm32f4xx_hal_rcc.o
                              0x86b9d (size before relaxing)
 .debug_str     0x00092c94      0x50a ./Drivers/STM32F4xx_HAL_Driver/Src/stm32f4xx_hal_spi.o
                              0x8701b (size before relaxing)
 .debug_str     0x0009319e      0xe36 ./Drivers/STM32F4xx_HAL_Driver/Src/stm32f4xx_hal_tim.o
                              0x87ae1 (size before relaxing)
 .debug_str     0x00093fd4      0x503 ./Drivers/STM32F4xx_HAL_Driver/Src/stm32f4xx_hal_tim_ex.o
                              0x872ed (size before relaxing)
 .debug_str     0x000944d7      0xb26 ./Middlewares/Third_Party/FreeRTOS/Source/CMSIS_RTOS/cmsis_os.o
                               0xea27 (size before relaxing)
 .debug_str     0x00094ffd      0x20f ./Middlewares/Third_Party/FreeRTOS/Source/list.o
                               0xaafd (size before relaxing)
 .debug_str     0x0009520c     0x1126 ./Middlewares/Third_Party/FreeRTOS/Source/tasks.o
                               0xce68 (size before relaxing)
 .debug_str     0x00096332      0x783 ./Middlewares/Third_Party/FreeRTOS/Source/portable/GCC/ARM_CM4F/port.o
                               0x8742 (size before relaxing)
 .debug_str     0x00096ab5      0x32d ./Middlewares/Third_Party/FreeRTOS/Source/portable/MemMang/heap_4.o
                               0xb43f (size before relaxing)

.comment        0x00000000       0x43
 .comment       0x00000000       0x43 ./Core/Src/Global/Task_schedule.o
                                 0x44 (size before relaxing)
 .comment       0x00000043       0x44 ./Core/Src/Peripheral/BMP280.o
 .comment       0x00000043       0x44 ./Core/Src/Peripheral/NRF24.o
 .comment       0x00000043       0x44 ./Core/Src/dma.o
 .comment       0x00000043       0x44 ./Core/Src/freertos.o
 .comment       0x00000043       0x44 ./Core/Src/gpio.o
 .comment       0x00000043       0x44 ./Core/Src/main.o
 .comment       0x00000043       0x44 ./Core/Src/spi.o
 .comment       0x00000043       0x44 ./Core/Src/stm32f4xx_hal_msp.o
 .comment       0x00000043       0x44 ./Core/Src/stm32f4xx_hal_timebase_tim.o
 .comment       0x00000043       0x44 ./Core/Src/stm32f4xx_it.o
 .comment       0x00000043       0x44 ./Core/Src/system_stm32f4xx.o
 .comment       0x00000043       0x44 ./Drivers/STM32F4xx_HAL_Driver/Src/stm32f4xx_hal.o
 .comment       0x00000043       0x44 ./Drivers/STM32F4xx_HAL_Driver/Src/stm32f4xx_hal_cortex.o
 .comment       0x00000043       0x44 ./Drivers/STM32F4xx_HAL_Driver/Src/stm32f4xx_hal_dma.o
 .comment       0x00000043       0x44 ./Drivers/STM32F4xx_HAL_Driver/Src/stm32f4xx_hal_gpio.o
 .comment       0x00000043       0x44 ./Drivers/STM32F4xx_HAL_Driver/Src/stm32f4xx_hal_rcc.o
 .comment       0x00000043       0x44 ./Drivers/STM32F4xx_HAL_Driver/Src/stm32f4xx_hal_spi.o
 .comment       0x00000043       0x44 ./Drivers/STM32F4xx_HAL_Driver/Src/stm32f4xx_hal_tim.o
 .comment       0x00000043       0x44 ./Drivers/STM32F4xx_HAL_Driver/Src/stm32f4xx_hal_tim_ex.o
 .comment       0x00000043       0x44 ./Middlewares/Third_Party/FreeRTOS/Source/CMSIS_RTOS/cmsis_os.o
 .comment       0x00000043       0x44 ./Middlewares/Third_Party/FreeRTOS/Source/list.o
 .comment       0x00000043       0x44 ./Middlewares/Third_Party/FreeRTOS/Source/tasks.o
 .comment       0x00000043       0x44 ./Middlewares/Third_Party/FreeRTOS/Source/portable/GCC/ARM_CM4F/port.o
 .comment       0x00000043       0x44 ./Middlewares/Third_Party/FreeRTOS/Source/portable/MemMang/heap_4.o

.debug_frame    0x00000000     0x4c10
 .debug_frame   0x00000000      0x10c ./Core/Src/Global/Task_schedule.o
 .debug_frame   0x0000010c      0x190 ./Core/Src/Peripheral/BMP280.o
 .debug_frame   0x0000029c      0x2dc ./Core/Src/Peripheral/NRF24.o
 .debug_frame   0x00000578       0x34 ./Core/Src/dma.o
 .debug_frame   0x000005ac       0xe4 ./Core/Src/freertos.o
 .debug_frame   0x00000690       0x34 ./Core/Src/gpio.o
 .debug_frame   0x000006c4       0x8c ./Core/Src/main.o
 .debug_frame   0x00000750       0x94 ./Core/Src/spi.o
 .debug_frame   0x000007e4       0x34 ./Core/Src/stm32f4xx_hal_msp.o
 .debug_frame   0x00000818       0x74 ./Core/Src/stm32f4xx_hal_timebase_tim.o
 .debug_frame   0x0000088c      0x134 ./Core/Src/stm32f4xx_it.o
 .debug_frame   0x000009c0       0x58 ./Core/Src/system_stm32f4xx.o
 .debug_frame   0x00000a18      0x374 ./Drivers/STM32F4xx_HAL_Driver/Src/stm32f4xx_hal.o
 .debug_frame   0x00000d8c      0x4b8 ./Drivers/STM32F4xx_HAL_Driver/Src/stm32f4xx_hal_cortex.o
 .debug_frame   0x00001244      0x250 ./Drivers/STM32F4xx_HAL_Driver/Src/stm32f4xx_hal_dma.o
 .debug_frame   0x00001494      0x14c ./Drivers/STM32F4xx_HAL_Driver/Src/stm32f4xx_hal_gpio.o
 .debug_frame   0x000015e0      0x1f4 ./Drivers/STM32F4xx_HAL_Driver/Src/stm32f4xx_hal_rcc.o
 .debug_frame   0x000017d4      0x828 ./Drivers/STM32F4xx_HAL_Driver/Src/stm32f4xx_hal_spi.o
 .debug_frame   0x00001ffc     0x11b8 ./Drivers/STM32F4xx_HAL_Driver/Src/stm32f4xx_hal_tim.o
 .debug_frame   0x000031b4      0x638 ./Drivers/STM32F4xx_HAL_Driver/Src/stm32f4xx_hal_tim_ex.o
 .debug_frame   0x000037ec      0x80c ./Middlewares/Third_Party/FreeRTOS/Source/CMSIS_RTOS/cmsis_os.o
 .debug_frame   0x00003ff8       0xd8 ./Middlewares/Third_Party/FreeRTOS/Source/list.o
 .debug_frame   0x000040d0      0x77c ./Middlewares/Third_Party/FreeRTOS/Source/tasks.o
 .debug_frame   0x0000484c      0x1a8 ./Middlewares/Third_Party/FreeRTOS/Source/portable/GCC/ARM_CM4F/port.o
 .debug_frame   0x000049f4      0x12c ./Middlewares/Third_Party/FreeRTOS/Source/portable/MemMang/heap_4.o
 .debug_frame   0x00004b20       0x20 C:/ST/STM32CubeIDE_1.12.0/STM32CubeIDE/plugins/com.st.stm32cube.ide.mcu.externaltools.gnu-tools-for-stm32.12.3.rel1.win32_1.0.100.202403111256/tools/bin/../lib/gcc/arm-none-eabi/12.3.1/../../../../arm-none-eabi/lib/thumb/v7e-m+fp/hard\libc_nano.a(libc_a-memset.o)
 .debug_frame   0x00004b40       0x2c C:/ST/STM32CubeIDE_1.12.0/STM32CubeIDE/plugins/com.st.stm32cube.ide.mcu.externaltools.gnu-tools-for-stm32.12.3.rel1.win32_1.0.100.202403111256/tools/bin/../lib/gcc/arm-none-eabi/12.3.1/../../../../arm-none-eabi/lib/thumb/v7e-m+fp/hard\libc_nano.a(libc_a-init.o)
 .debug_frame   0x00004b6c       0x44 C:/ST/STM32CubeIDE_1.12.0/STM32CubeIDE/plugins/com.st.stm32cube.ide.mcu.externaltools.gnu-tools-for-stm32.12.3.rel1.win32_1.0.100.202403111256/tools/bin/../lib/gcc/arm-none-eabi/12.3.1/thumb/v7e-m+fp/hard\libgcc.a(_aeabi_ldivmod.o)
 .debug_frame   0x00004bb0       0x2c C:/ST/STM32CubeIDE_1.12.0/STM32CubeIDE/plugins/com.st.stm32cube.ide.mcu.externaltools.gnu-tools-for-stm32.12.3.rel1.win32_1.0.100.202403111256/tools/bin/../lib/gcc/arm-none-eabi/12.3.1/thumb/v7e-m+fp/hard\libgcc.a(_aeabi_uldivmod.o)
 .debug_frame   0x00004bdc       0x34 C:/ST/STM32CubeIDE_1.12.0/STM32CubeIDE/plugins/com.st.stm32cube.ide.mcu.externaltools.gnu-tools-for-stm32.12.3.rel1.win32_1.0.100.202403111256/tools/bin/../lib/gcc/arm-none-eabi/12.3.1/thumb/v7e-m+fp/hard\libgcc.a(_udivmoddi4.o)

.debug_line_str
                0x00000000       0x62
 .debug_line_str
                0x00000000       0x62 ./Core/Startup/startup_stm32f411retx.o
