Archive member included to satisfy reference by file (symbol)

C:/ST/STM32CubeIDE_1.12.0/STM32CubeIDE/plugins/com.st.stm32cube.ide.mcu.externaltools.gnu-tools-for-stm32.12.3.rel1.win32_1.0.100.202403111256/tools/bin/../lib/gcc/arm-none-eabi/12.3.1/../../../../arm-none-eabi/lib/thumb/v7e-m+fp/hard\libc_nano.a(libc_a-exit.o)
                              C:/ST/STM32CubeIDE_1.12.0/STM32CubeIDE/plugins/com.st.stm32cube.ide.mcu.externaltools.gnu-tools-for-stm32.12.3.rel1.win32_1.0.100.202403111256/tools/bin/../lib/gcc/arm-none-eabi/12.3.1/../../../../arm-none-eabi/lib/thumb/v7e-m+fp/hard/crt0.o (exit)
C:/ST/STM32CubeIDE_1.12.0/STM32CubeIDE/plugins/com.st.stm32cube.ide.mcu.externaltools.gnu-tools-for-stm32.12.3.rel1.win32_1.0.100.202403111256/tools/bin/../lib/gcc/arm-none-eabi/12.3.1/../../../../arm-none-eabi/lib/thumb/v7e-m+fp/hard\libc_nano.a(libc_a-findfp.o)
                              C:/ST/STM32CubeIDE_1.12.0/STM32CubeIDE/plugins/com.st.stm32cube.ide.mcu.externaltools.gnu-tools-for-stm32.12.3.rel1.win32_1.0.100.202403111256/tools/bin/../lib/gcc/arm-none-eabi/12.3.1/../../../../arm-none-eabi/lib/thumb/v7e-m+fp/hard\libc_nano.a(libc_a-exit.o) (__stdio_exit_handler)
C:/ST/STM32CubeIDE_1.12.0/STM32CubeIDE/plugins/com.st.stm32cube.ide.mcu.externaltools.gnu-tools-for-stm32.12.3.rel1.win32_1.0.100.202403111256/tools/bin/../lib/gcc/arm-none-eabi/12.3.1/../../../../arm-none-eabi/lib/thumb/v7e-m+fp/hard\libc_nano.a(libc_a-fwalk.o)
                              C:/ST/STM32CubeIDE_1.12.0/STM32CubeIDE/plugins/com.st.stm32cube.ide.mcu.externaltools.gnu-tools-for-stm32.12.3.rel1.win32_1.0.100.202403111256/tools/bin/../lib/gcc/arm-none-eabi/12.3.1/../../../../arm-none-eabi/lib/thumb/v7e-m+fp/hard\libc_nano.a(libc_a-findfp.o) (_fwalk_sglue)
C:/ST/STM32CubeIDE_1.12.0/STM32CubeIDE/plugins/com.st.stm32cube.ide.mcu.externaltools.gnu-tools-for-stm32.12.3.rel1.win32_1.0.100.202403111256/tools/bin/../lib/gcc/arm-none-eabi/12.3.1/../../../../arm-none-eabi/lib/thumb/v7e-m+fp/hard\libc_nano.a(libc_a-stdio.o)
                              C:/ST/STM32CubeIDE_1.12.0/STM32CubeIDE/plugins/com.st.stm32cube.ide.mcu.externaltools.gnu-tools-for-stm32.12.3.rel1.win32_1.0.100.202403111256/tools/bin/../lib/gcc/arm-none-eabi/12.3.1/../../../../arm-none-eabi/lib/thumb/v7e-m+fp/hard\libc_nano.a(libc_a-findfp.o) (__sread)
C:/ST/STM32CubeIDE_1.12.0/STM32CubeIDE/plugins/com.st.stm32cube.ide.mcu.externaltools.gnu-tools-for-stm32.12.3.rel1.win32_1.0.100.202403111256/tools/bin/../lib/gcc/arm-none-eabi/12.3.1/../../../../arm-none-eabi/lib/thumb/v7e-m+fp/hard\libc_nano.a(libc_a-memset.o)
                              C:/ST/STM32CubeIDE_1.12.0/STM32CubeIDE/plugins/com.st.stm32cube.ide.mcu.externaltools.gnu-tools-for-stm32.12.3.rel1.win32_1.0.100.202403111256/tools/bin/../lib/gcc/arm-none-eabi/12.3.1/../../../../arm-none-eabi/lib/thumb/v7e-m+fp/hard/crt0.o (memset)
C:/ST/STM32CubeIDE_1.12.0/STM32CubeIDE/plugins/com.st.stm32cube.ide.mcu.externaltools.gnu-tools-for-stm32.12.3.rel1.win32_1.0.100.202403111256/tools/bin/../lib/gcc/arm-none-eabi/12.3.1/../../../../arm-none-eabi/lib/thumb/v7e-m+fp/hard\libc_nano.a(libc_a-closer.o)
                              C:/ST/STM32CubeIDE_1.12.0/STM32CubeIDE/plugins/com.st.stm32cube.ide.mcu.externaltools.gnu-tools-for-stm32.12.3.rel1.win32_1.0.100.202403111256/tools/bin/../lib/gcc/arm-none-eabi/12.3.1/../../../../arm-none-eabi/lib/thumb/v7e-m+fp/hard\libc_nano.a(libc_a-stdio.o) (_close_r)
C:/ST/STM32CubeIDE_1.12.0/STM32CubeIDE/plugins/com.st.stm32cube.ide.mcu.externaltools.gnu-tools-for-stm32.12.3.rel1.win32_1.0.100.202403111256/tools/bin/../lib/gcc/arm-none-eabi/12.3.1/../../../../arm-none-eabi/lib/thumb/v7e-m+fp/hard\libc_nano.a(libc_a-reent.o)
                              C:/ST/STM32CubeIDE_1.12.0/STM32CubeIDE/plugins/com.st.stm32cube.ide.mcu.externaltools.gnu-tools-for-stm32.12.3.rel1.win32_1.0.100.202403111256/tools/bin/../lib/gcc/arm-none-eabi/12.3.1/../../../../arm-none-eabi/lib/thumb/v7e-m+fp/hard\libc_nano.a(libc_a-closer.o) (errno)
C:/ST/STM32CubeIDE_1.12.0/STM32CubeIDE/plugins/com.st.stm32cube.ide.mcu.externaltools.gnu-tools-for-stm32.12.3.rel1.win32_1.0.100.202403111256/tools/bin/../lib/gcc/arm-none-eabi/12.3.1/../../../../arm-none-eabi/lib/thumb/v7e-m+fp/hard\libc_nano.a(libc_a-impure.o)
                              C:/ST/STM32CubeIDE_1.12.0/STM32CubeIDE/plugins/com.st.stm32cube.ide.mcu.externaltools.gnu-tools-for-stm32.12.3.rel1.win32_1.0.100.202403111256/tools/bin/../lib/gcc/arm-none-eabi/12.3.1/../../../../arm-none-eabi/lib/thumb/v7e-m+fp/hard\libc_nano.a(libc_a-reent.o) (_impure_ptr)
C:/ST/STM32CubeIDE_1.12.0/STM32CubeIDE/plugins/com.st.stm32cube.ide.mcu.externaltools.gnu-tools-for-stm32.12.3.rel1.win32_1.0.100.202403111256/tools/bin/../lib/gcc/arm-none-eabi/12.3.1/../../../../arm-none-eabi/lib/thumb/v7e-m+fp/hard\libc_nano.a(libc_a-lseekr.o)
[...]
Memory Configuration

Name             Origin             Length             Attributes
RAM              0x20000000         0x00020000         xrw
FLASH            0x08000000         0x00080000         xr
*default*        0x00000000         0xffffffff

Linker script and memory map

LOAD C:/ST/STM32CubeIDE_1.12.0/STM32CubeIDE/plugins/com.st.stm32cube.ide.mcu.externaltools.gnu-tools-for-stm32.12.3.rel1.win32_1.0.100.202403111256/tools/bin/../lib/gcc/arm-none-eabi/12.3.1/thumb/v7e-m+fp/hard/crti.o
LOAD C:/ST/STM32CubeIDE_1.12.0/STM32CubeIDE/plugins/com.st.stm32cube.ide.mcu.externaltools.gnu-tools-for-stm32.12.3.rel1.win32_1.0.100.202403111256/tools/bin/../lib/gcc/arm-none-eabi/12.3.1/thumb/v7e-m+fp/hard/crtbegin.o
LOAD C:/ST/STM32CubeIDE_1.12.0/STM32CubeIDE/plugins/com.st.stm32cube.ide.mcu.externaltools.gnu-tools-for-stm32.12.3.rel1.win32_1.0.100.202403111256/tools/bin/../lib/gcc/arm-none-eabi/12.3.1/../../../../arm-none-eabi/lib/thumb/v7e-m+fp/hard/crt0.o
LOAD ./Core/Src/Global/Task_schedule.o
LOAD ./Core/Src/Peripheral/BMP280.o
LOAD ./Core/Src/Peripheral/NRF24.o
LOAD ./Core/Src/Peripheral/mpu6050.o
LOAD ./Core/Src/dma.o
LOAD ./Core/Src/freertos.o
LOAD ./Core/Src/gpio.o
LOAD ./Core/Src/i2c.o
LOAD ./Core/Src/main.o
LOAD ./Core/Src/spi.o
LOAD ./Core/Src/stm32f4xx_hal_msp.o
LOAD ./Core/Src/stm32f4xx_hal_timebase_tim.o
LOAD ./Core/Src/stm32f4xx_it.o
LOAD ./Core/Src/syscalls.o
LOAD ./Core/Src/sysmem.o
LOAD ./Core/Src/system_stm32f4xx.o
LOAD ./Core/Startup/startup_stm32f411retx.o
LOAD ./Drivers/STM32F4xx_HAL_Driver/Src/stm32f4xx_hal.o
LOAD ./Drivers/STM32F4xx_HAL_Driver/Src/stm32f4xx_hal_cortex.o
LOAD ./Drivers/STM32F4xx_HAL_Driver/Src/stm32f4xx_hal_dma.o
LOAD ./Drivers/STM32F4xx_HAL_Driver/Src/stm32f4xx_hal_dma_ex.o
LOAD ./Drivers/STM32F4xx_HAL_Driver/Src/stm32f4xx_hal_exti.o
LOAD ./Drivers/STM32F4xx_HAL_Driver/Src/stm32f4xx_hal_flash.o
LOAD ./Drivers/STM32F4xx_HAL_Driver/Src/stm32f4xx_hal_flash_ex.o
LOAD ./Drivers/STM32F4xx_HAL_Driver/Src/stm32f4xx_hal_flash_ramfunc.o
LOAD ./Drivers/STM32F4xx_HAL_Driver/Src/stm32f4xx_hal_gpio.o
LOAD ./Drivers/STM32F4xx_HAL_Driver/Src/stm32f4xx_hal_i2c.o
LOAD ./Drivers/STM32F4xx_HAL_Driver/Src/stm32f4xx_hal_i2c_ex.o
LOAD ./Drivers/STM32F4xx_HAL_Driver/Src/stm32f4xx_hal_pwr.o
LOAD ./Drivers/STM32F4xx_HAL_Driver/Src/stm32f4xx_hal_pwr_ex.o
LOAD ./Drivers/STM32F4xx_HAL_Driver/Src/stm32f4xx_hal_rcc.o
LOAD ./Drivers/STM32F4xx_HAL_Driver/Src/stm32f4xx_hal_rcc_ex.o
LOAD ./Drivers/STM32F4xx_HAL_Driver/Src/stm32f4xx_hal_spi.o
LOAD ./Drivers/STM32F4xx_HAL_Driver/Src/stm32f4xx_hal_tim.o
LOAD ./Drivers/STM32F4xx_HAL_Driver/Src/stm32f4xx_hal_tim_ex.o
LOAD ./Middlewares/Third_Party/FreeRTOS/Source/CMSIS_RTOS/cmsis_os.o
LOAD ./Middlewares/Third_Party/FreeRTOS/Source/croutine.o
LOAD ./Middlewares/Third_Party/FreeRTOS/Source/event_groups.o
LOAD ./Middlewares/Third_Party/FreeRTOS/Source/list.o
LOAD ./Middlewares/Third_Party/FreeRTOS/Source/queue.o
LOAD ./Middlewares/Third_Party/FreeRTOS/Source/stream_buffer.o
LOAD ./Middlewares/Third_Party/FreeRTOS/Source/tasks.o
LOAD ./Middlewares/Third_Party/FreeRTOS/Source/timers.o
LOAD ./Middlewares/Third_Party/FreeRTOS/Source/portable/GCC/ARM_CM4F/port.o
LOAD ./Middlewares/Third_Party/FreeRTOS/Source/portable/MemMang/heap_4.o
START GROUP
LOAD C:/ST/STM32CubeIDE_1.12.0/STM32CubeIDE/plugins/com.st.stm32cube.ide.mcu.externaltools.gnu-tools-for-stm32.12.3.rel1.win32_1.0.100.202403111256/tools/bin/../lib/gcc/arm-none-eabi/12.3.1/../../../../arm-none-eabi/lib/thumb/v7e-m+fp/hard\libc_nano.a
LOAD C:/ST/STM32CubeIDE_1.12.0/STM32CubeIDE/plugins/com.st.stm32cube.ide.mcu.externaltools.gnu-tools-for-stm32.12.3.rel1.win32_1.0.100.202403111256/tools/bin/../lib/gcc/arm-none-eabi/12.3.1/../../../../arm-none-eabi/lib/thumb/v7e-m+fp/hard\libm.a
END GROUP
START GROUP
LOAD C:/ST/STM32CubeIDE_1.12.0/STM32CubeIDE/plugins/com.st.stm32cube.ide.mcu.externaltools.gnu-tools-for-stm32.12.3.rel1.win32_1.0.100.202403111256/tools/bin/../lib/gcc/arm-none-eabi/12.3.1/thumb/v7e-m+fp/hard\libgcc.a
LOAD C:/ST/STM32CubeIDE_1.12.0/STM32CubeIDE/plugins/com.st.stm32cube.ide.mcu.externaltools.gnu-tools-for-stm32.12.3.rel1.win32_1.0.100.202403111256/tools/bin/../lib/gcc/arm-none-eabi/12.3.1/../../../../arm-none-eabi/lib/thumb/v7e-m+fp/hard\libc_nano.a
END GROUP
START GROUP
LOAD C:/ST/STM32CubeIDE_1.12.0/STM32CubeIDE/plugins/com.st.stm32cube.ide.mcu.externaltools.gnu-tools-for-stm32.12.3.rel1.win32_1.0.100.202403111256/tools/bin/../lib/gcc/arm-none-eabi/12.3.1/thumb/v7e-m+fp/hard\libgcc.a
LOAD C:/ST/STM32CubeIDE_1.12.0/STM32CubeIDE/plugins/com.st.stm32cube.ide.mcu.externaltools.gnu-tools-for-stm32.12.3.rel1.win32_1.0.100.202403111256/tools/bin/../lib/gcc/arm-none-eabi/12.3.1/../../../../arm-none-eabi/lib/thumb/v7e-m+fp/hard\libc_nano.a
LOAD C:/ST/STM32CubeIDE_1.12.0/STM32CubeIDE/plugins/com.st.stm32cube.ide.mcu.externaltools.gnu-tools-for-stm32.12.3.rel1.win32_1.0.100.202403111256/tools/bin/../lib/gcc/arm-none-eabi/12.3.1/../../../../arm-none-eabi/lib/thumb/v7e-m+fp/hard\libnosys.a
END GROUP
START GROUP
LOAD C:/ST/STM32CubeIDE_1.12.0/STM32CubeIDE/plugins/com.st.stm32cube.ide.mcu.externaltools.gnu-tools-for-stm32.12.3.rel1.win32_1.0.100.202403111256/tools/bin/../lib/gcc/arm-none-eabi/12.3.1/thumb/v7e-m+fp/hard\libgcc.a
LOAD C:/ST/STM32CubeIDE_1.12.0/STM32CubeIDE/plugins/com.st.stm32cube.ide.mcu.externaltools.gnu-tools-for-stm32.12.3.rel1.win32_1.0.100.202403111256/tools/bin/../lib/gcc/arm-none-eabi/12.3.1/../../../../arm-none-eabi/lib/thumb/v7e-m+fp/hard\libc_nano.a
LOAD C:/ST/STM32CubeIDE_1.12.0/STM32CubeIDE/plugins/com.st.stm32cube.ide.mcu.externaltools.gnu-tools-for-stm32.12.3.rel1.win32_1.0.100.202403111256/tools/bin/../lib/gcc/arm-none-eabi/12.3.1/../../../../arm-none-eabi/lib/thumb/v7e-m+fp/hard\libnosys.a
END GROUP
LOAD C:/ST/STM32CubeIDE_1.12.0/STM32CubeIDE/plugins/com.st.stm32cube.ide.mcu.externaltools.gnu-tools-for-stm32.12.3.rel1.win32_1.0.100.202403111256/tools/bin/../lib/gcc/arm-none-eabi/12.3.1/thumb/v7e-m+fp/hard/crtend.o
LOAD C:/ST/STM32CubeIDE_1.12.0/STM32CubeIDE/plugins/com.st.stm32cube.ide.mcu.externaltools.gnu-tools-for-stm32.12.3.rel1.win32_1.0.100.202403111256/tools/bin/../lib/gcc/arm-none-eabi/12.3.1/thumb/v7e-m+fp/hard/crtn.o
                0x20020000                        _estack = (ORIGIN (RAM) + LENGTH (RAM))
                0x00000200                        _Min_Heap_Size = 0x200
                0x00000400                        _Min_Stack_Size = 0x400

.isr_vector     0x08000000      0x198
                0x08000000                        . = ALIGN (0x4)
 *(.isr_vector)
 .isr_vector    0x08000000      0x198 ./Core/Startup/startup_stm32f411retx.o
                0x08000000                g_pfnVectors
                0x08000198                        . = ALIGN (0x4)

.text           0x080001a0     0x96b4
                0x080001a0                        . = ALIGN (0x4)
 *(.text)
 .text          0x080001a0       0x40 C:/ST/STM32CubeIDE_1.12.0/STM32CubeIDE/plugins/com.st.stm32cube.ide.mcu.externaltools.gnu-tools-for-stm32.12.3.rel1.win32_1.0.100.202403111256/tools/bin/../lib/gcc/arm-none-eabi/12.3.1/thumb/v7e-m+fp/hard/crtbegin.o
 .text          0x080001e0      0x378 C:/ST/STM32CubeIDE_1.12.0/STM32CubeIDE/plugins/com.st.stm32cube.ide.mcu.externaltools.gnu-tools-for-stm32.12.3.rel1.win32_1.0.100.202403111256/tools/bin/../lib/gcc/arm-none-eabi/12.3.1/thumb/v7e-m+fp/hard\libgcc.a(_arm_addsubdf3.o)
                0x080001e0                __aeabi_drsub
                0x080001e8                __aeabi_dsub
                0x080001e8                __subdf3
                0x080001ec                __aeabi_dadd
                0x080001ec                __adddf3
                0x08000464                __floatunsidf
                0x08000464                __aeabi_ui2d
                0x08000484                __floatsidf
                0x08000484                __aeabi_i2d
                0x080004a8                __aeabi_f2d
                0x080004a8                __extendsfdf2
                0x080004ec                __floatundidf
                0x080004ec                __aeabi_ul2d
                0x080004fc                __floatdidf
                0x080004fc                __aeabi_l2d
 .text          0x08000558      0x424 C:/ST/STM32CubeIDE_1.12.0/STM32CubeIDE/plugins/com.st.stm32cube.ide.mcu.externaltools.gnu-tools-for-stm32.12.3.rel1.win32_1.0.100.202403111256/tools/bin/../lib/gcc/arm-none-eabi/12.3.1/thumb/v7e-m+fp/hard\libgcc.a(_arm_muldivdf3.o)
                0x08000558                __aeabi_dmul
                0x08000558                __muldf3
                0x080007ac                __divdf3
                0x080007ac                __aeabi_ddiv
 .text          0x0800097c      0x110 C:/ST/STM32CubeIDE_1.12.0/STM32CubeIDE/plugins/com.st.stm32cube.ide.mcu.externaltools.gnu-tools-for-stm32.12.3.rel1.win32_1.0.100.202403111256/tools/bin/../lib/gcc/arm-none-eabi/12.3.1/thumb/v7e-m+fp/hard\libgcc.a(_arm_cmpdf2.o)
                0x0800097c                __gtdf2
                0x0800097c                __gedf2
                0x08000984                __ltdf2
                0x08000984                __ledf2
                0x0800098c                __nedf2
                0x0800098c                __eqdf2
                0x0800098c                __cmpdf2
                0x08000a08                __aeabi_cdrcmple
                0x08000a18                __aeabi_cdcmpeq
                0x08000a18                __aeabi_cdcmple
                0x08000a28                __aeabi_dcmpeq
                0x08000a3c                __aeabi_dcmplt
                0x08000a50                __aeabi_dcmple
                0x08000a64                __aeabi_dcmpge
                0x08000a78                __aeabi_dcmpgt
 .text          0x08000a8c       0x2c C:/ST/STM32CubeIDE_1.12.0/STM32CubeIDE/plugins/com.st.stm32cube.ide.mcu.externaltools.gnu-tools-for-stm32.12.3.rel1.win32_1.0.100.202403111256/tools/bin/../lib/gcc/arm-none-eabi/12.3.1/thumb/v7e-m+fp/hard\libgcc.a(_arm_unorddf2.o)
                0x08000a8c                __unorddf2
                0x08000a8c                __aeabi_dcmpun
 .text          0x08000ab8       0x50 C:/ST/STM32CubeIDE_1.12.0/STM32CubeIDE/plugins/com.st.stm32cube.ide.mcu.externaltools.gnu-tools-for-stm32.12.3.rel1.win32_1.0.100.202403111256/tools/bin/../lib/gcc/arm-none-eabi/12.3.1/thumb/v7e-m+fp/hard\libgcc.a(_arm_fixdfsi.o)
                0x08000ab8                __aeabi_d2iz
                0x08000ab8                __fixdfsi
 .text          0x08000b08       0xa0 C:/ST/STM32CubeIDE_1.12.0/STM32CubeIDE/plugins/com.st.stm32cube.ide.mcu.externaltools.gnu-tools-for-stm32.12.3.rel1.win32_1.0.100.202403111256/tools/bin/../lib/gcc/arm-none-eabi/12.3.1/thumb/v7e-m+fp/hard\libgcc.a(_aeabi_ldivmod.o)
                0x08000b08                __aeabi_ldivmod
 .text          0x08000ba8       0x30 C:/ST/STM32CubeIDE_1.12.0/STM32CubeIDE/plugins/com.st.stm32cube.ide.mcu.externaltools.gnu-tools-for-stm32.12.3.rel1.win32_1.0.100.202403111256/tools/bin/../lib/gcc/arm-none-eabi/12.3.1/thumb/v7e-m+fp/hard\libgcc.a(_aeabi_uldivmod.o)
                0x08000ba8                __aeabi_uldivmod
 .text          0x08000bd8      0x2bc C:/ST/STM32CubeIDE_1.12.0/STM32CubeIDE/plugins/com.st.stm32cube.ide.mcu.externaltools.gnu-tools-for-stm32.12.3.rel1.win32_1.0.100.202403111256/tools/bin/../lib/gcc/arm-none-eabi/12.3.1/thumb/v7e-m+fp/hard\libgcc.a(_udivmoddi4.o)
                0x08000bd8                __udivmoddi4
 .text          0x08000e94        0x4 C:/ST/STM32CubeIDE_1.12.0/STM32CubeIDE/plugins/com.st.stm32cube.ide.mcu.externaltools.gnu-tools-for-stm32.12.3.rel1.win32_1.0.100.202403111256/tools/bin/../lib/gcc/arm-none-eabi/12.3.1/thumb/v7e-m+fp/hard\libgcc.a(_dvmd_tls.o)
                0x08000e94                __aeabi_idiv0
                0x08000e94                __aeabi_ldiv0
 *(.text*)
 .text.task_init_1ms
                0x08000e98        0xe ./Core/Src/Global/Task_schedule.o
                0x08000e98                task_init_1ms
 .text.task_1ms
                0x08000ea6        0xc ./Core/Src/Global/Task_schedule.o
                0x08000ea6                task_1ms
 .text.task_init_10ms
                0x08000eb2        0xe ./Core/Src/Global/Task_schedule.o
                0x08000eb2                task_init_10ms
 .text.task_10ms
                0x08000ec0        0xc ./Core/Src/Global/Task_schedule.o
                0x08000ec0                task_10ms
 .text.task_init_100ms
                0x08000ecc        0xe ./Core/Src/Global/Task_schedule.o
                0x08000ecc                task_init_100ms
 .text.task_100ms
                0x08000eda        0xc ./Core/Src/Global/Task_schedule.o
                0x08000eda                task_100ms
 .text.task_init_1000ms
                0x08000ee6        0xe ./Core/Src/Global/Task_schedule.o
                0x08000ee6                task_init_1000ms
 .text.task_1000ms
                0x08000ef4        0xe ./Core/Src/Global/Task_schedule.o
                0x08000ef4                task_1000ms
 *fill*         0x08000f02        0x2 
 .text.BMP280_write
                0x08000f04       0x5c ./Core/Src/Peripheral/BMP280.o
                0x08000f04                BMP280_write
 .text.BMP280_read
                0x08000f60       0x5c ./Core/Src/Peripheral/BMP280.o
                0x08000f60                BMP280_read
 .text.BMP280_config
                0x08000fbc       0x18 ./Core/Src/Peripheral/BMP280.o
                0x08000fbc                BMP280_config
 .text.BMP280_calibrationData
                0x08000fd4      0x16c ./Core/Src/Peripheral/BMP280.o
                0x08000fd4                BMP280_calibrationData
 .text.BMP280_readRawValues
                0x08001140       0x88 ./Core/Src/Peripheral/BMP280.o
                0x08001140                BMP280_readRawValues
 .text.BMP280_measureT
                0x080011c8       0x88 ./Core/Src/Peripheral/BMP280.o
                0x080011c8                BMP280_measureT
 .text.BMP280_measureP
                0x08001250      0x58c ./Core/Src/Peripheral/BMP280.o
                0x08001250                BMP280_measureP
 *fill*         0x080017dc        0x4 
 .text.BMP280_measureH
                0x080017e0      0x104 ./Core/Src/Peripheral/BMP280.o
                0x080017e0                BMP280_measureH
 .text.BMP280_init
                0x080018e4       0x34 ./Core/Src/Peripheral/BMP280.o
                0x080018e4                BMP280_init
 .text.BMP280_calculate
                0x08001918       0x60 ./Core/Src/Peripheral/BMP280.o
                0x08001918                BMP280_calculate
 .text.NRF24_write
                0x08001978       0x5c ./Core/Src/Peripheral/NRF24.o
                0x08001978                NRF24_write
 .text.NRF24_Addr_write
                0x080019d4       0x8c ./Core/Src/Peripheral/NRF24.o
                0x080019d4                NRF24_Addr_write
 .text.NRF24_read
                0x08001a60       0x50 ./Core/Src/Peripheral/NRF24.o
                0x08001a60                NRF24_read
 .text.NRF24_Addr_read
                0x08001ab0       0xf8 ./Core/Src/Peripheral/NRF24.o
                0x08001ab0                NRF24_Addr_read
 .text.NRF24_FlushTxFIFO
                0x08001ba8       0x40 ./Core/Src/Peripheral/NRF24.o
                0x08001ba8                NRF24_FlushTxFIFO
 .text.NRF24_FlushRxFIFO
                0x08001be8       0x40 ./Core/Src/Peripheral/NRF24.o
                0x08001be8                NRF24_FlushRxFIFO
 .text.NRF24_PowerUp
                0x08001c28       0x3a ./Core/Src/Peripheral/NRF24.o
                0x08001c28                NRF24_PowerUp
 *fill*         0x08001c62        0x2 
 .text.NRF24_ActualConfiguration
                0x08001c64      0x190 ./Core/Src/Peripheral/NRF24.o
                0x08001c64                NRF24_ActualConfiguration
 .text.NRF24_config
                0x08001df4      0x136 ./Core/Src/Peripheral/NRF24.o
                0x08001df4                NRF24_config
 *fill*         0x08001f2a        0x2 
 .text.NRF24_DefaultConfiguration
                0x08001f2c      0x138 ./Core/Src/Peripheral/NRF24.o
                0x08001f2c                NRF24_DefaultConfiguration
 .text.NRF24_RxConfiguration
                0x08002064      0x180 ./Core/Src/Peripheral/NRF24.o
                0x08002064                NRF24_RxConfiguration
 .text.NRF24_CheckFlags
                0x080021e4       0xe0 ./Core/Src/Peripheral/NRF24.o
                0x080021e4                NRF24_CheckFlags
 .text.NRF24_FIFO_write
                0x080022c4       0x68 ./Core/Src/Peripheral/NRF24.o
                0x080022c4                NRF24_FIFO_write
 .text.NRF24_FIFO_read
                0x0800232c       0x64 ./Core/Src/Peripheral/NRF24.o
                0x0800232c                NRF24_FIFO_read
 .text.NRF24_init
                0x08002390       0x34 ./Core/Src/Peripheral/NRF24.o
                0x08002390                NRF24_init
 .text.NRF24_Transmit
                0x080023c4       0x98 ./Core/Src/Peripheral/NRF24.o
                0x080023c4                NRF24_Transmit
 .text.NRF24_Receive
                0x0800245c       0x24 ./Core/Src/Peripheral/NRF24.o
                0x0800245c                NRF24_Receive
 .text.NRF24_TxBuffer
                0x08002480       0x60 ./Core/Src/Peripheral/NRF24.o
                0x08002480                NRF24_TxBuffer
 .text.NRF24_StateMachine
                0x080024e0       0x54 ./Core/Src/Peripheral/NRF24.o
                0x080024e0                NRF24_StateMachine
 .text.MPU6050_Init
                0x08002534       0xae ./Core/Src/Peripheral/mpu6050.o
                0x08002534                MPU6050_Init
 *fill*         0x080025e2        0x6 
 .text.MPU6050_Read_All
                0x080025e8      0x3cc ./Core/Src/Peripheral/mpu6050.o
                0x080025e8                MPU6050_Read_All
 .text.Kalman_getAngle
                0x080029b4      0x2b6 ./Core/Src/Peripheral/mpu6050.o
                0x080029b4                Kalman_getAngle
 *fill*         0x08002c6a        0x2 
 .text.MPU6050_calculate
                0x08002c6c       0x18 ./Core/Src/Peripheral/mpu6050.o
                0x08002c6c                MPU6050_calculate
 .text.MX_DMA_Init
                0x08002c84       0x7c ./Core/Src/dma.o
                0x08002c84                MX_DMA_Init
 .text.vApplicationGetIdleTaskMemory
                0x08002d00       0x34 ./Core/Src/freertos.o
                0x08002d00                vApplicationGetIdleTaskMemory
 .text.MX_FREERTOS_Init
                0x08002d34       0xc4 ./Core/Src/freertos.o
                0x08002d34                MX_FREERTOS_Init
 .text.Task_10ms
                0x08002df8       0x1a ./Core/Src/freertos.o
                0x08002df8                Task_10ms
 .text.Task_100ms
                0x08002e12       0x1a ./Core/Src/freertos.o
                0x08002e12                Task_100ms
 .text.Task_1000ms
                0x08002e2c       0x1c ./Core/Src/freertos.o
                0x08002e2c                Task_1000ms
 .text.Task_1ms
                0x08002e48       0x1a ./Core/Src/freertos.o
                0x08002e48                Task_1ms
 *fill*         0x08002e62        0x2 
 .text.MX_GPIO_Init
                0x08002e64       0xf0 ./Core/Src/gpio.o
                0x08002e64                MX_GPIO_Init
 .text.MX_I2C1_Init
                0x08002f54       0x5c ./Core/Src/i2c.o
                0x08002f54                MX_I2C1_Init
 .text.HAL_I2C_MspInit
                0x08002fb0       0x90 ./Core/Src/i2c.o
                0x08002fb0                HAL_I2C_MspInit
 .text.main     0x08003040       0x48 ./Core/Src/main.o
                0x08003040                main
 .text.SystemClock_Config
                0x08003088       0xd0 ./Core/Src/main.o
                0x08003088                SystemClock_Config
 .text.HAL_TIM_PeriodElapsedCallback
                0x08003158       0x24 ./Core/Src/main.o
                0x08003158                HAL_TIM_PeriodElapsedCallback
 .text.Error_Handler
                0x0800317c        0xc ./Core/Src/main.o
                0x0800317c                Error_Handler
 .text.MX_SPI1_Init
                0x08003188       0x6c ./Core/Src/spi.o
                0x08003188                MX_SPI1_Init
 .text.MX_SPI2_Init
                0x080031f4       0x6c ./Core/Src/spi.o
                0x080031f4                MX_SPI2_Init
 .text.HAL_SPI_MspInit
                0x08003260      0x278 ./Core/Src/spi.o
                0x08003260                HAL_SPI_MspInit
 .text.HAL_MspInit
                0x080034d8       0x58 ./Core/Src/stm32f4xx_hal_msp.o
                0x080034d8                HAL_MspInit
 .text.HAL_InitTick
                0x08003530       0xe4 ./Core/Src/stm32f4xx_hal_timebase_tim.o
                0x08003530                HAL_InitTick
 .text.NMI_Handler
                0x08003614        0x8 ./Core/Src/stm32f4xx_it.o
                0x08003614                NMI_Handler
 .text.HardFault_Handler
                0x0800361c        0x8 ./Core/Src/stm32f4xx_it.o
                0x0800361c                HardFault_Handler
 .text.MemManage_Handler
                0x08003624        0x8 ./Core/Src/stm32f4xx_it.o
                0x08003624                MemManage_Handler
 .text.BusFault_Handler
                0x0800362c        0x8 ./Core/Src/stm32f4xx_it.o
                0x0800362c                BusFault_Handler
 .text.UsageFault_Handler
                0x08003634        0x8 ./Core/Src/stm32f4xx_it.o
                0x08003634                UsageFault_Handler
 .text.DebugMon_Handler
                0x0800363c        0xe ./Core/Src/stm32f4xx_it.o
                0x0800363c                DebugMon_Handler
 *fill*         0x0800364a        0x2 
 .text.DMA1_Stream3_IRQHandler
                0x0800364c       0x14 ./Core/Src/stm32f4xx_it.o
                0x0800364c                DMA1_Stream3_IRQHandler
 .text.TIM1_TRG_COM_TIM11_IRQHandler
                0x08003660       0x14 ./Core/Src/stm32f4xx_it.o
                0x08003660                TIM1_TRG_COM_TIM11_IRQHandler
 .text.SPI2_IRQHandler
                0x08003674       0x14 ./Core/Src/stm32f4xx_it.o
                0x08003674                SPI2_IRQHandler
 .text.DMA2_Stream0_IRQHandler
                0x08003688       0x14 ./Core/Src/stm32f4xx_it.o
                0x08003688                DMA2_Stream0_IRQHandler
 .text.DMA2_Stream2_IRQHandler
                0x0800369c       0x14 ./Core/Src/stm32f4xx_it.o
                0x0800369c                DMA2_Stream2_IRQHandler
 .text.SystemInit
                0x080036b0       0x24 ./Core/Src/system_stm32f4xx.o
                0x080036b0                SystemInit
 .text.Reset_Handler
                0x080036d4       0x50 ./Core/Startup/startup_stm32f411retx.o
                0x080036d4                Reset_Handler
 .text.Default_Handler
                0x08003724        0x2 ./Core/Startup/startup_stm32f411retx.o
                0x08003724                RTC_Alarm_IRQHandler
                0x08003724                EXTI2_IRQHandler
                0x08003724                SPI4_IRQHandler
                0x08003724                TIM1_CC_IRQHandler
                0x08003724                DMA2_Stream5_IRQHandler
                0x08003724                DMA1_Stream5_IRQHandler
                0x08003724                PVD_IRQHandler
                0x08003724                SDIO_IRQHandler
                0x08003724                TAMP_STAMP_IRQHandler
                0x08003724                EXTI3_IRQHandler
                0x08003724                TIM1_UP_TIM10_IRQHandler
                0x08003724                I2C3_ER_IRQHandler
                0x08003724                EXTI0_IRQHandler
                0x08003724                I2C2_EV_IRQHandler
                0x08003724                DMA1_Stream2_IRQHandler
                0x08003724                FPU_IRQHandler
                0x08003724                SPI1_IRQHandler
                0x08003724                TIM1_BRK_TIM9_IRQHandler
                0x08003724                DMA2_Stream3_IRQHandler
                0x08003724                USART6_IRQHandler
                0x08003724                TIM4_IRQHandler
                0x08003724                I2C1_EV_IRQHandler
                0x08003724                DMA1_Stream6_IRQHandler
                0x08003724                DMA1_Stream1_IRQHandler
                0x08003724                TIM3_IRQHandler
                0x08003724                RCC_IRQHandler
                0x08003724                Default_Handler
                0x08003724                EXTI15_10_IRQHandler
                0x08003724                ADC_IRQHandler
                0x08003724                DMA1_Stream7_IRQHandler
                0x08003724                SPI5_IRQHandler
                0x08003724                TIM5_IRQHandler
                0x08003724                DMA2_Stream7_IRQHandler
                0x08003724                I2C3_EV_IRQHandler
                0x08003724                EXTI9_5_IRQHandler
                0x08003724                RTC_WKUP_IRQHandler
                0x08003724                DMA1_Stream0_IRQHandler
                0x08003724                EXTI4_IRQHandler
                0x08003724                WWDG_IRQHandler
                0x08003724                TIM2_IRQHandler
                0x08003724                OTG_FS_WKUP_IRQHandler
                0x08003724                EXTI1_IRQHandler
                0x08003724                USART2_IRQHandler
                0x08003724                I2C2_ER_IRQHandler
                0x08003724                DMA2_Stream1_IRQHandler
                0x08003724                FLASH_IRQHandler
                0x08003724                DMA2_Stream4_IRQHandler
                0x08003724                USART1_IRQHandler
                0x08003724                OTG_FS_IRQHandler
                0x08003724                SPI3_IRQHandler
                0x08003724                DMA1_Stream4_IRQHandler
                0x08003724                I2C1_ER_IRQHandler
                0x08003724                DMA2_Stream6_IRQHandler
 *fill*         0x08003726        0x2 
 .text.HAL_Init
                0x08003728       0x44 ./Drivers/STM32F4xx_HAL_Driver/Src/stm32f4xx_hal.o
                0x08003728                HAL_Init
 .text.HAL_IncTick
                0x0800376c       0x28 ./Drivers/STM32F4xx_HAL_Driver/Src/stm32f4xx_hal.o
                0x0800376c                HAL_IncTick
 .text.HAL_GetTick
                0x08003794       0x18 ./Drivers/STM32F4xx_HAL_Driver/Src/stm32f4xx_hal.o
                0x08003794                HAL_GetTick
 .text.__NVIC_SetPriorityGrouping
                0x080037ac       0x48 ./Drivers/STM32F4xx_HAL_Driver/Src/stm32f4xx_hal_cortex.o
 .text.__NVIC_GetPriorityGrouping
                0x080037f4       0x1c ./Drivers/STM32F4xx_HAL_Driver/Src/stm32f4xx_hal_cortex.o
 .text.__NVIC_EnableIRQ
                0x08003810       0x3c ./Drivers/STM32F4xx_HAL_Driver/Src/stm32f4xx_hal_cortex.o
 .text.__NVIC_SetPriority
                0x0800384c       0x54 ./Drivers/STM32F4xx_HAL_Driver/Src/stm32f4xx_hal_cortex.o
 .text.NVIC_EncodePriority
                0x080038a0       0x66 ./Drivers/STM32F4xx_HAL_Driver/Src/stm32f4xx_hal_cortex.o
 .text.HAL_NVIC_SetPriorityGrouping
                0x08003906       0x16 ./Drivers/STM32F4xx_HAL_Driver/Src/stm32f4xx_hal_cortex.o
                0x08003906                HAL_NVIC_SetPriorityGrouping
 .text.HAL_NVIC_SetPriority
                0x0800391c       0x38 ./Drivers/STM32F4xx_HAL_Driver/Src/stm32f4xx_hal_cortex.o
                0x0800391c                HAL_NVIC_SetPriority
 .text.HAL_NVIC_EnableIRQ
                0x08003954       0x1c ./Drivers/STM32F4xx_HAL_Driver/Src/stm32f4xx_hal_cortex.o
                0x08003954                HAL_NVIC_EnableIRQ
 .text.HAL_DMA_Init
                0x08003970      0x15c ./Drivers/STM32F4xx_HAL_Driver/Src/stm32f4xx_hal_dma.o
                0x08003970                HAL_DMA_Init
 .text.HAL_DMA_Start_IT
                0x08003acc       0xb0 ./Drivers/STM32F4xx_HAL_Driver/Src/stm32f4xx_hal_dma.o
                0x08003acc                HAL_DMA_Start_IT
 .text.HAL_DMA_Abort_IT
                0x08003b7c       0x44 ./Drivers/STM32F4xx_HAL_Driver/Src/stm32f4xx_hal_dma.o
                0x08003b7c                HAL_DMA_Abort_IT
 .text.HAL_DMA_IRQHandler
                0x08003bc0      0x314 ./Drivers/STM32F4xx_HAL_Driver/Src/stm32f4xx_hal_dma.o
                0x08003bc0                HAL_DMA_IRQHandler
 .text.DMA_SetConfig
                0x08003ed4       0x5c ./Drivers/STM32F4xx_HAL_Driver/Src/stm32f4xx_hal_dma.o
 .text.DMA_CalcBaseAndBitshift
                0x08003f30       0x6c ./Drivers/STM32F4xx_HAL_Driver/Src/stm32f4xx_hal_dma.o
 .text.DMA_CheckFifoParam
                0x08003f9c       0xf8 ./Drivers/STM32F4xx_HAL_Driver/Src/stm32f4xx_hal_dma.o
 .text.HAL_GPIO_Init
                0x08004094      0x308 ./Drivers/STM32F4xx_HAL_Driver/Src/stm32f4xx_hal_gpio.o
                0x08004094                HAL_GPIO_Init
 .text.HAL_GPIO_WritePin
                0x0800439c       0x32 ./Drivers/STM32F4xx_HAL_Driver/Src/stm32f4xx_hal_gpio.o
                0x0800439c                HAL_GPIO_WritePin
 *fill*         0x080043ce        0x2 
 .text.HAL_I2C_Init
                0x080043d0      0x288 ./Drivers/STM32F4xx_HAL_Driver/Src/stm32f4xx_hal_i2c.o
                0x080043d0                HAL_I2C_Init
 .text.HAL_I2C_Mem_Write
                0x08004658      0x1f4 ./Drivers/STM32F4xx_HAL_Driver/Src/stm32f4xx_hal_i2c.o
                0x08004658                HAL_I2C_Mem_Write
 .text.HAL_I2C_Mem_Read
                0x0800484c      0x464 ./Drivers/STM32F4xx_HAL_Driver/Src/stm32f4xx_hal_i2c.o
                0x0800484c                HAL_I2C_Mem_Read
 .text.I2C_RequestMemoryWrite
                0x08004cb0      0x12c ./Drivers/STM32F4xx_HAL_Driver/Src/stm32f4xx_hal_i2c.o
 .text.I2C_RequestMemoryRead
                0x08004ddc      0x1d0 ./Drivers/STM32F4xx_HAL_Driver/Src/stm32f4xx_hal_i2c.o
 .text.I2C_WaitOnFlagUntilTimeout
                0x08004fac       0xf4 ./Drivers/STM32F4xx_HAL_Driver/Src/stm32f4xx_hal_i2c.o
 .text.I2C_WaitOnMasterAddressFlagUntilTimeout
                0x080050a0      0x140 ./Drivers/STM32F4xx_HAL_Driver/Src/stm32f4xx_hal_i2c.o
 .text.I2C_WaitOnTXEFlagUntilTimeout
                0x080051e0       0x90 ./Drivers/STM32F4xx_HAL_Driver/Src/stm32f4xx_hal_i2c.o
 .text.I2C_WaitOnBTFFlagUntilTimeout
                0x08005270       0x90 ./Drivers/STM32F4xx_HAL_Driver/Src/stm32f4xx_hal_i2c.o
 .text.I2C_WaitOnRXNEFlagUntilTimeout
                0x08005300       0xba ./Drivers/STM32F4xx_HAL_Driver/Src/stm32f4xx_hal_i2c.o
 .text.I2C_IsAcknowledgeFailed
                0x080053ba       0x5e ./Drivers/STM32F4xx_HAL_Driver/Src/stm32f4xx_hal_i2c.o
 .text.HAL_RCC_OscConfig
                0x08005418      0x4f0 ./Drivers/STM32F4xx_HAL_Driver/Src/stm32f4xx_hal_rcc.o
                0x08005418                HAL_RCC_OscConfig
 .text.HAL_RCC_ClockConfig
                0x08005908      0x1cc ./Drivers/STM32F4xx_HAL_Driver/Src/stm32f4xx_hal_rcc.o
                0x08005908                HAL_RCC_ClockConfig
 .text.HAL_RCC_GetSysClockFreq
                0x08005ad4      0x20c ./Drivers/STM32F4xx_HAL_Driver/Src/stm32f4xx_hal_rcc.o
                0x08005ad4                HAL_RCC_GetSysClockFreq
 .text.HAL_RCC_GetHCLKFreq
                0x08005ce0       0x18 ./Drivers/STM32F4xx_HAL_Driver/Src/stm32f4xx_hal_rcc.o
                0x08005ce0                HAL_RCC_GetHCLKFreq
 .text.HAL_RCC_GetPCLK1Freq
                0x08005cf8       0x28 ./Drivers/STM32F4xx_HAL_Driver/Src/stm32f4xx_hal_rcc.o
                0x08005cf8                HAL_RCC_GetPCLK1Freq
 .text.HAL_RCC_GetPCLK2Freq
                0x08005d20       0x28 ./Drivers/STM32F4xx_HAL_Driver/Src/stm32f4xx_hal_rcc.o
                0x08005d20                HAL_RCC_GetPCLK2Freq
 .text.HAL_RCC_GetClockConfig
                0x08005d48       0x64 ./Drivers/STM32F4xx_HAL_Driver/Src/stm32f4xx_hal_rcc.o
                0x08005d48                HAL_RCC_GetClockConfig
 .text.HAL_SPI_Init
                0x08005dac      0x112 ./Drivers/STM32F4xx_HAL_Driver/Src/stm32f4xx_hal_spi.o
                0x08005dac                HAL_SPI_Init
 .text.HAL_SPI_Transmit
                0x08005ebe      0x286 ./Drivers/STM32F4xx_HAL_Driver/Src/stm32f4xx_hal_spi.o
                0x08005ebe                HAL_SPI_Transmit
 .text.HAL_SPI_Receive
                0x08006144      0x230 ./Drivers/STM32F4xx_HAL_Driver/Src/stm32f4xx_hal_spi.o
                0x08006144                HAL_SPI_Receive
 .text.HAL_SPI_TransmitReceive
                0x08006374      0x360 ./Drivers/STM32F4xx_HAL_Driver/Src/stm32f4xx_hal_spi.o
                0x08006374                HAL_SPI_TransmitReceive
 .text.HAL_SPI_Transmit_DMA
                0x080066d4      0x164 ./Drivers/STM32F4xx_HAL_Driver/Src/stm32f4xx_hal_spi.o
                0x080066d4                HAL_SPI_Transmit_DMA
 .text.HAL_SPI_Receive_DMA
                0x08006838      0x188 ./Drivers/STM32F4xx_HAL_Driver/Src/stm32f4xx_hal_spi.o
                0x08006838                HAL_SPI_Receive_DMA
 .text.HAL_SPI_TransmitReceive_DMA
                0x080069c0      0x1f4 ./Drivers/STM32F4xx_HAL_Driver/Src/stm32f4xx_hal_spi.o
                0x080069c0                HAL_SPI_TransmitReceive_DMA
 .text.HAL_SPI_IRQHandler
                0x08006bb4      0x1e8 ./Drivers/STM32F4xx_HAL_Driver/Src/stm32f4xx_hal_spi.o
                0x08006bb4                HAL_SPI_IRQHandler
 .text.HAL_SPI_TxCpltCallback
                0x08006d9c       0x14 ./Drivers/STM32F4xx_HAL_Driver/Src/stm32f4xx_hal_spi.o
                0x08006d9c                HAL_SPI_TxCpltCallback
 .text.HAL_SPI_RxCpltCallback
                0x08006db0       0x14 ./Drivers/STM32F4xx_HAL_Driver/Src/stm32f4xx_hal_spi.o
                0x08006db0                HAL_SPI_RxCpltCallback
 .text.HAL_SPI_TxRxCpltCallback
                0x08006dc4       0x14 ./Drivers/STM32F4xx_HAL_Driver/Src/stm32f4xx_hal_spi.o
                0x08006dc4                HAL_SPI_TxRxCpltCallback
 .text.HAL_SPI_TxHalfCpltCallback
                0x08006dd8       0x14 ./Drivers/STM32F4xx_HAL_Driver/Src/stm32f4xx_hal_spi.o
                0x08006dd8                HAL_SPI_TxHalfCpltCallback
 .text.HAL_SPI_RxHalfCpltCallback
                0x08006dec       0x14 ./Drivers/STM32F4xx_HAL_Driver/Src/stm32f4xx_hal_spi.o
                0x08006dec                HAL_SPI_RxHalfCpltCallback
 .text.HAL_SPI_TxRxHalfCpltCallback
                0x08006e00       0x14 ./Drivers/STM32F4xx_HAL_Driver/Src/stm32f4xx_hal_spi.o
                0x08006e00                HAL_SPI_TxRxHalfCpltCallback
 .text.HAL_SPI_ErrorCallback
                0x08006e14       0x14 ./Drivers/STM32F4xx_HAL_Driver/Src/stm32f4xx_hal_spi.o
                0x08006e14                HAL_SPI_ErrorCallback
 .text.SPI_DMATransmitCplt
                0x08006e28       0xa8 ./Drivers/STM32F4xx_HAL_Driver/Src/stm32f4xx_hal_spi.o
 .text.SPI_DMAReceiveCplt
                0x08006ed0       0xa8 ./Drivers/STM32F4xx_HAL_Driver/Src/stm32f4xx_hal_spi.o
 .text.SPI_DMATransmitReceiveCplt
                0x08006f78       0x90 ./Drivers/STM32F4xx_HAL_Driver/Src/stm32f4xx_hal_spi.o
 .text.SPI_DMAHalfTransmitCplt
                0x08007008       0x1c ./Drivers/STM32F4xx_HAL_Driver/Src/stm32f4xx_hal_spi.o
 .text.SPI_DMAHalfReceiveCplt
                0x08007024       0x1c ./Drivers/STM32F4xx_HAL_Driver/Src/stm32f4xx_hal_spi.o
 .text.SPI_DMAHalfTransmitReceiveCplt
                0x08007040       0x1c ./Drivers/STM32F4xx_HAL_Driver/Src/stm32f4xx_hal_spi.o
 .text.SPI_DMAError
                0x0800705c       0x40 ./Drivers/STM32F4xx_HAL_Driver/Src/stm32f4xx_hal_spi.o
 .text.SPI_DMAAbortOnError
                0x0800709c       0x28 ./Drivers/STM32F4xx_HAL_Driver/Src/stm32f4xx_hal_spi.o
 .text.SPI_WaitFlagStateUntilTimeout
                0x080070c4      0x110 ./Drivers/STM32F4xx_HAL_Driver/Src/stm32f4xx_hal_spi.o
 .text.SPI_EndRxTransaction
                0x080071d4       0xca ./Drivers/STM32F4xx_HAL_Driver/Src/stm32f4xx_hal_spi.o
 *fill*         0x0800729e        0x2 
 .text.SPI_EndRxTxTransaction
                0x080072a0       0xa8 ./Drivers/STM32F4xx_HAL_Driver/Src/stm32f4xx_hal_spi.o
 .text.HAL_TIM_Base_Init
                0x08007348       0x9e ./Drivers/STM32F4xx_HAL_Driver/Src/stm32f4xx_hal_tim.o
                0x08007348                HAL_TIM_Base_Init
 .text.HAL_TIM_Base_MspInit
                0x080073e6       0x14 ./Drivers/STM32F4xx_HAL_Driver/Src/stm32f4xx_hal_tim.o
                0x080073e6                HAL_TIM_Base_MspInit
 *fill*         0x080073fa        0x2 
 .text.HAL_TIM_Base_Start_IT
                0x080073fc       0xc4 ./Drivers/STM32F4xx_HAL_Driver/Src/stm32f4xx_hal_tim.o
                0x080073fc                HAL_TIM_Base_Start_IT
 .text.HAL_TIM_IRQHandler
                0x080074c0      0x1e0 ./Drivers/STM32F4xx_HAL_Driver/Src/stm32f4xx_hal_tim.o
                0x080074c0                HAL_TIM_IRQHandler
 .text.HAL_TIM_OC_DelayElapsedCallback
                0x080076a0       0x14 ./Drivers/STM32F4xx_HAL_Driver/Src/stm32f4xx_hal_tim.o
                0x080076a0                HAL_TIM_OC_DelayElapsedCallback
 .text.HAL_TIM_IC_CaptureCallback
                0x080076b4       0x14 ./Drivers/STM32F4xx_HAL_Driver/Src/stm32f4xx_hal_tim.o
                0x080076b4                HAL_TIM_IC_CaptureCallback
 .text.HAL_TIM_PWM_PulseFinishedCallback
                0x080076c8       0x14 ./Drivers/STM32F4xx_HAL_Driver/Src/stm32f4xx_hal_tim.o
                0x080076c8                HAL_TIM_PWM_PulseFinishedCallback
 .text.HAL_TIM_TriggerCallback
                0x080076dc       0x14 ./Drivers/STM32F4xx_HAL_Driver/Src/stm32f4xx_hal_tim.o
                0x080076dc                HAL_TIM_TriggerCallback
 .text.TIM_Base_SetConfig
                0x080076f0      0x118 ./Drivers/STM32F4xx_HAL_Driver/Src/stm32f4xx_hal_tim.o
                0x080076f0                TIM_Base_SetConfig
 .text.HAL_TIMEx_CommutCallback
                0x08007808       0x14 ./Drivers/STM32F4xx_HAL_Driver/Src/stm32f4xx_hal_tim_ex.o
                0x08007808                HAL_TIMEx_CommutCallback
 .text.HAL_TIMEx_BreakCallback
                0x0800781c       0x14 ./Drivers/STM32F4xx_HAL_Driver/Src/stm32f4xx_hal_tim_ex.o
                0x0800781c                HAL_TIMEx_BreakCallback
 .text.makeFreeRtosPriority
                0x08007830       0x30 ./Middlewares/Third_Party/FreeRTOS/Source/CMSIS_RTOS/cmsis_os.o
 .text.osKernelStart
                0x08007860        0xe ./Middlewares/Third_Party/FreeRTOS/Source/CMSIS_RTOS/cmsis_os.o
                0x08007860                osKernelStart
 .text.osThreadCreate
                0x0800786e       0x98 ./Middlewares/Third_Party/FreeRTOS/Source/CMSIS_RTOS/cmsis_os.o
                0x0800786e                osThreadCreate
 .text.osDelay  0x08007906       0x28 ./Middlewares/Third_Party/FreeRTOS/Source/CMSIS_RTOS/cmsis_os.o
                0x08007906                osDelay
 .text.vListInitialise
                0x0800792e       0x40 ./Middlewares/Third_Party/FreeRTOS/Source/list.o
                0x0800792e                vListInitialise
 .text.vListInitialiseItem
                0x0800796e       0x1a ./Middlewares/Third_Party/FreeRTOS/Source/list.o
                0x0800796e                vListInitialiseItem
 .text.vListInsertEnd
                0x08007988       0x48 ./Middlewares/Third_Party/FreeRTOS/Source/list.o
                0x08007988                vListInsertEnd
 .text.vListInsert
                0x080079d0       0x72 ./Middlewares/Third_Party/FreeRTOS/Source/list.o
                0x080079d0                vListInsert
 .text.uxListRemove
                0x08007a42       0x54 ./Middlewares/Third_Party/FreeRTOS/Source/list.o
                0x08007a42                uxListRemove
 .text.xTaskCreateStatic
                0x08007a96       0xc0 ./Middlewares/Third_Party/FreeRTOS/Source/tasks.o
                0x08007a96                xTaskCreateStatic
 .text.xTaskCreate
                0x08007b56       0x8a ./Middlewares/Third_Party/FreeRTOS/Source/tasks.o
                0x08007b56                xTaskCreate
 .text.prvInitialiseNewTask
                0x08007be0      0x110 ./Middlewares/Third_Party/FreeRTOS/Source/tasks.o
 .text.prvAddNewTaskToReadyList
                0x08007cf0       0xd4 ./Middlewares/Third_Party/FreeRTOS/Source/tasks.o
 .text.vTaskDelay
                0x08007dc4       0x6c ./Middlewares/Third_Party/FreeRTOS/Source/tasks.o
                0x08007dc4                vTaskDelay
 .text.vTaskStartScheduler
                0x08007e30       0xc4 ./Middlewares/Third_Party/FreeRTOS/Source/tasks.o
                0x08007e30                vTaskStartScheduler
 .text.vTaskSuspendAll
                0x08007ef4       0x1c ./Middlewares/Third_Party/FreeRTOS/Source/tasks.o
                0x08007ef4                vTaskSuspendAll
 .text.xTaskResumeAll
                0x08007f10      0x13c ./Middlewares/Third_Party/FreeRTOS/Source/tasks.o
                0x08007f10                xTaskResumeAll
 .text.xTaskIncrementTick
                0x0800804c      0x174 ./Middlewares/Third_Party/FreeRTOS/Source/tasks.o
                0x0800804c                xTaskIncrementTick
 .text.vTaskSwitchContext
                0x080081c0       0xb8 ./Middlewares/Third_Party/FreeRTOS/Source/tasks.o
                0x080081c0                vTaskSwitchContext
 .text.prvIdleTask
                0x08008278       0x30 ./Middlewares/Third_Party/FreeRTOS/Source/tasks.o
 .text.prvInitialiseTaskLists
                0x080082a8       0x80 ./Middlewares/Third_Party/FreeRTOS/Source/tasks.o
 .text.prvCheckTasksWaitingTermination
                0x08008328       0x5c ./Middlewares/Third_Party/FreeRTOS/Source/tasks.o
 .text.prvDeleteTCB
                0x08008384       0x60 ./Middlewares/Third_Party/FreeRTOS/Source/tasks.o
 .text.prvResetNextTaskUnblockTime
                0x080083e4       0x40 ./Middlewares/Third_Party/FreeRTOS/Source/tasks.o
 .text.prvAddCurrentTaskToDelayedList
                0x08008424       0xcc ./Middlewares/Third_Party/FreeRTOS/Source/tasks.o
 .text.pxPortInitialiseStack
                0x080084f0       0x68 ./Middlewares/Third_Party/FreeRTOS/Source/portable/GCC/ARM_CM4F/port.o
                0x080084f0                pxPortInitialiseStack
 .text.prvTaskExitError
                0x08008558       0x5c ./Middlewares/Third_Party/FreeRTOS/Source/portable/GCC/ARM_CM4F/port.o
 *fill*         0x080085b4        0xc 
 .text.SVC_Handler
                0x080085c0       0x28 ./Middlewares/Third_Party/FreeRTOS/Source/portable/GCC/ARM_CM4F/port.o
                0x080085c0                SVC_Handler
 .text.prvPortStartFirstTask
                0x080085e8       0x28 ./Middlewares/Third_Party/FreeRTOS/Source/portable/GCC/ARM_CM4F/port.o
 .text.xPortStartScheduler
                0x08008610      0x148 ./Middlewares/Third_Party/FreeRTOS/Source/portable/GCC/ARM_CM4F/port.o
                0x08008610                xPortStartScheduler
 .text.vPortEnterCritical
                0x08008758       0x64 ./Middlewares/Third_Party/FreeRTOS/Source/portable/GCC/ARM_CM4F/port.o
                0x08008758                vPortEnterCritical
 .text.vPortExitCritical
                0x080087bc       0x54 ./Middlewares/Third_Party/FreeRTOS/Source/portable/GCC/ARM_CM4F/port.o
                0x080087bc                vPortExitCritical
 .text.PendSV_Handler
                0x08008810       0x68 ./Middlewares/Third_Party/FreeRTOS/Source/portable/GCC/ARM_CM4F/port.o
                0x08008810                PendSV_Handler
 .text.SysTick_Handler
                0x08008878       0x44 ./Middlewares/Third_Party/FreeRTOS/Source/portable/GCC/ARM_CM4F/port.o
                0x08008878                SysTick_Handler
 .text.vPortSetupTimerInterrupt
                0x080088bc       0x48 ./Middlewares/Third_Party/FreeRTOS/Source/portable/GCC/ARM_CM4F/port.o
                0x080088bc                vPortSetupTimerInterrupt
 .text.vPortEnableVFP
                0x08008904       0x14 ./Middlewares/Third_Party/FreeRTOS/Source/portable/GCC/ARM_CM4F/port.o
 .text.pvPortMalloc
                0x08008918      0x19c ./Middlewares/Third_Party/FreeRTOS/Source/portable/MemMang/heap_4.o
                0x08008918                pvPortMalloc
 .text.vPortFree
                0x08008ab4       0xc8 ./Middlewares/Third_Party/FreeRTOS/Source/portable/MemMang/heap_4.o
                0x08008ab4                vPortFree
 .text.prvHeapInit
                0x08008b7c       0xc4 ./Middlewares/Third_Party/FreeRTOS/Source/portable/MemMang/heap_4.o
 .text.prvInsertBlockIntoFreeList
                0x08008c40       0xb4 ./Middlewares/Third_Party/FreeRTOS/Source/portable/MemMang/heap_4.o
 .text.memset   0x08008cf4       0x10 C:/ST/STM32CubeIDE_1.12.0/STM32CubeIDE/plugins/com.st.stm32cube.ide.mcu.externaltools.gnu-tools-for-stm32.12.3.rel1.win32_1.0.100.202403111256/tools/bin/../lib/gcc/arm-none-eabi/12.3.1/../../../../arm-none-eabi/lib/thumb/v7e-m+fp/hard\libc_nano.a(libc_a-memset.o)
                0x08008cf4                memset
 .text.__errno  0x08008d04        0xc C:/ST/STM32CubeIDE_1.12.0/STM32CubeIDE/plugins/com.st.stm32cube.ide.mcu.externaltools.gnu-tools-for-stm32.12.3.rel1.win32_1.0.100.202403111256/tools/bin/../lib/gcc/arm-none-eabi/12.3.1/../../../../arm-none-eabi/lib/thumb/v7e-m+fp/hard\libc_nano.a(libc_a-errno.o)
                0x08008d04                __errno
 .text.__libc_init_array
                0x08008d10       0x48 C:/ST/STM32CubeIDE_1.12.0/STM32CubeIDE/plugins/com.st.stm32cube.ide.mcu.externaltools.gnu-tools-for-stm32.12.3.rel1.win32_1.0.100.202403111256/tools/bin/../lib/gcc/arm-none-eabi/12.3.1/../../../../arm-none-eabi/lib/thumb/v7e-m+fp/hard\libc_nano.a(libc_a-init.o)
                0x08008d10                __libc_init_array
 .text.atan2    0x08008d58        0x4 C:/ST/STM32CubeIDE_1.12.0/STM32CubeIDE/plugins/com.st.stm32cube.ide.mcu.externaltools.gnu-tools-for-stm32.12.3.rel1.win32_1.0.100.202403111256/tools/bin/../lib/gcc/arm-none-eabi/12.3.1/../../../../arm-none-eabi/lib/thumb/v7e-m+fp/hard\libm.a(libm_a-w_atan2.o)
                0x08008d58                atan2
 *fill*         0x08008d5c        0x4 
 .text.log      0x08008d60       0x7c C:/ST/STM32CubeIDE_1.12.0/STM32CubeIDE/plugins/com.st.stm32cube.ide.mcu.externaltools.gnu-tools-for-stm32.12.3.rel1.win32_1.0.100.202403111256/tools/bin/../lib/gcc/arm-none-eabi/12.3.1/../../../../arm-none-eabi/lib/thumb/v7e-m+fp/hard\libm.a(libm_a-w_log.o)
                0x08008d60                log
 .text.sqrt     0x08008ddc       0x58 C:/ST/STM32CubeIDE_1.12.0/STM32CubeIDE/plugins/com.st.stm32cube.ide.mcu.externaltools.gnu-tools-for-stm32.12.3.rel1.win32_1.0.100.202403111256/tools/bin/../lib/gcc/arm-none-eabi/12.3.1/../../../../arm-none-eabi/lib/thumb/v7e-m+fp/hard\libm.a(libm_a-w_sqrt.o)
                0x08008ddc                sqrt
 *fill*         0x08008e34        0x4 
 .text.atan     0x08008e38      0x330 C:/ST/STM32CubeIDE_1.12.0/STM32CubeIDE/plugins/com.st.stm32cube.ide.mcu.externaltools.gnu-tools-for-stm32.12.3.rel1.win32_1.0.100.202403111256/tools/bin/../lib/gcc/arm-none-eabi/12.3.1/../../../../arm-none-eabi/lib/thumb/v7e-m+fp/hard\libm.a(libm_a-s_atan.o)
                0x08008e38                atan
 .text.fabs     0x08009168       0x10 C:/ST/STM32CubeIDE_1.12.0/STM32CubeIDE/plugins/com.st.stm32cube.ide.mcu.externaltools.gnu-tools-for-stm32.12.3.rel1.win32_1.0.100.202403111256/tools/bin/../lib/gcc/arm-none-eabi/12.3.1/../../../../arm-none-eabi/lib/thumb/v7e-m+fp/hard\libm.a(libm_a-s_fabs.o)
                0x08009168                fabs
 .text.nan      0x08009178       0x10 C:/ST/STM32CubeIDE_1.12.0/STM32CubeIDE/plugins/com.st.stm32cube.ide.mcu.externaltools.gnu-tools-for-stm32.12.3.rel1.win32_1.0.100.202403111256/tools/bin/../lib/gcc/arm-none-eabi/12.3.1/../../../../arm-none-eabi/lib/thumb/v7e-m+fp/hard\libm.a(libm_a-s_nan.o)
                0x08009178                nan
 .text.__ieee754_sqrt
                0x08009188      0x1b4 C:/ST/STM32CubeIDE_1.12.0/STM32CubeIDE/plugins/com.st.stm32cube.ide.mcu.externaltools.gnu-tools-for-stm32.12.3.rel1.win32_1.0.100.202403111256/tools/bin/../lib/gcc/arm-none-eabi/12.3.1/../../../../arm-none-eabi/lib/thumb/v7e-m+fp/hard\libm.a(libm_a-e_sqrt.o)
                0x08009188                __ieee754_sqrt
 *fill*         0x0800933c        0x4 
 .text.__ieee754_atan2
                0x08009340      0x18c C:/ST/STM32CubeIDE_1.12.0/STM32CubeIDE/plugins/com.st.stm32cube.ide.mcu.externaltools.gnu-tools-for-stm32.12.3.rel1.win32_1.0.100.202403111256/tools/bin/../lib/gcc/arm-none-eabi/12.3.1/../../../../arm-none-eabi/lib/thumb/v7e-m+fp/hard\libm.a(libm_a-e_atan2.o)
                0x08009340                __ieee754_atan2
 *fill*         0x080094cc        0x4 
 .text.__ieee754_log
                0x080094d0      0x36c C:/ST/STM32CubeIDE_1.12.0/STM32CubeIDE/plugins/com.st.stm32cube.ide.mcu.externaltools.gnu-tools-for-stm32.12.3.rel1.win32_1.0.100.202403111256/tools/bin/../lib/gcc/arm-none-eabi/12.3.1/../../../../arm-none-eabi/lib/thumb/v7e-m+fp/hard\libm.a(libm_a-e_log.o)
                0x080094d0                __ieee754_log
 *(.glue_7)
 .glue_7        0x0800983c        0x0 linker stubs
 *(.glue_7t)
 .glue_7t       0x0800983c        0x0 linker stubs
 *(.eh_frame)
 .eh_frame      0x0800983c        0x0 C:/ST/STM32CubeIDE_1.12.0/STM32CubeIDE/plugins/com.st.stm32cube.ide.mcu.externaltools.gnu-tools-for-stm32.12.3.rel1.win32_1.0.100.202403111256/tools/bin/../lib/gcc/arm-none-eabi/12.3.1/thumb/v7e-m+fp/hard/crtbegin.o
 *(.init)
 .init          0x0800983c        0x4 C:/ST/STM32CubeIDE_1.12.0/STM32CubeIDE/plugins/com.st.stm32cube.ide.mcu.externaltools.gnu-tools-for-stm32.12.3.rel1.win32_1.0.100.202403111256/tools/bin/../lib/gcc/arm-none-eabi/12.3.1/thumb/v7e-m+fp/hard/crti.o
                0x0800983c                _init
 .init          0x08009840        0x8 C:/ST/STM32CubeIDE_1.12.0/STM32CubeIDE/plugins/com.st.stm32cube.ide.mcu.externaltools.gnu-tools-for-stm32.12.3.rel1.win32_1.0.100.202403111256/tools/bin/../lib/gcc/arm-none-eabi/12.3.1/thumb/v7e-m+fp/hard/crtn.o
 *(.fini)
 .fini          0x08009848        0x4 C:/ST/STM32CubeIDE_1.12.0/STM32CubeIDE/plugins/com.st.stm32cube.ide.mcu.externaltools.gnu-tools-for-stm32.12.3.rel1.win32_1.0.100.202403111256/tools/bin/../lib/gcc/arm-none-eabi/12.3.1/thumb/v7e-m+fp/hard/crti.o
                0x08009848                _fini
 .fini          0x0800984c        0x8 C:/ST/STM32CubeIDE_1.12.0/STM32CubeIDE/plugins/com.st.stm32cube.ide.mcu.externaltools.gnu-tools-for-stm32.12.3.rel1.win32_1.0.100.202403111256/tools/bin/../lib/gcc/arm-none-eabi/12.3.1/thumb/v7e-m+fp/hard/crtn.o
                0x08009854                        . = ALIGN (0x4)
                0x08009854                        _etext = .

.vfp11_veneer   0x08009854        0x0
 .vfp11_veneer  0x08009854        0x0 linker stubs

.v4_bx          0x08009854        0x0
 .v4_bx         0x08009854        0x0 linker stubs

.iplt           0x08009854        0x0
 .iplt          0x08009854        0x0 C:/ST/STM32CubeIDE_1.12.0/STM32CubeIDE/plugins/com.st.stm32cube.ide.mcu.externaltools.gnu-tools-for-stm32.12.3.rel1.win32_1.0.100.202403111256/tools/bin/../lib/gcc/arm-none-eabi/12.3.1/thumb/v7e-m+fp/hard/crtbegin.o

.rodata         0x08009858      0x138
                0x08009858                        . = ALIGN (0x4)
 *(.rodata)
 .rodata        0x08009858       0x9c ./Core/Src/freertos.o
 .rodata        0x080098f4        0x5 ./Middlewares/Third_Party/FreeRTOS/Source/tasks.o
 *(.rodata*)
 *fill*         0x080098f9        0x3 
 .rodata.AHBPrescTable
                0x080098fc       0x10 ./Core/Src/system_stm32f4xx.o
                0x080098fc                AHBPrescTable
 .rodata.APBPrescTable
                0x0800990c        0x8 ./Core/Src/system_stm32f4xx.o
                0x0800990c                APBPrescTable
 .rodata.flagBitshiftOffset.0
                0x08009914        0x8 ./Drivers/STM32F4xx_HAL_Driver/Src/stm32f4xx_hal_dma.o
 .rodata.log.str1.1
                0x0800991c        0x1 C:/ST/STM32CubeIDE_1.12.0/STM32CubeIDE/plugins/com.st.stm32cube.ide.mcu.externaltools.gnu-tools-for-stm32.12.3.rel1.win32_1.0.100.202403111256/tools/bin/../lib/gcc/arm-none-eabi/12.3.1/../../../../arm-none-eabi/lib/thumb/v7e-m+fp/hard\libm.a(libm_a-w_log.o)
 *fill*         0x0800991d        0x3 
 .rodata.atanlo
                0x08009920       0x20 C:/ST/STM32CubeIDE_1.12.0/STM32CubeIDE/plugins/com.st.stm32cube.ide.mcu.externaltools.gnu-tools-for-stm32.12.3.rel1.win32_1.0.100.202403111256/tools/bin/../lib/gcc/arm-none-eabi/12.3.1/../../../../arm-none-eabi/lib/thumb/v7e-m+fp/hard\libm.a(libm_a-s_atan.o)
 .rodata.atanhi
                0x08009940       0x20 C:/ST/STM32CubeIDE_1.12.0/STM32CubeIDE/plugins/com.st.stm32cube.ide.mcu.externaltools.gnu-tools-for-stm32.12.3.rel1.win32_1.0.100.202403111256/tools/bin/../lib/gcc/arm-none-eabi/12.3.1/../../../../arm-none-eabi/lib/thumb/v7e-m+fp/hard\libm.a(libm_a-s_atan.o)
 .rodata.CSWTCH.9
                0x08009960       0x18 C:/ST/STM32CubeIDE_1.12.0/STM32CubeIDE/plugins/com.st.stm32cube.ide.mcu.externaltools.gnu-tools-for-stm32.12.3.rel1.win32_1.0.100.202403111256/tools/bin/../lib/gcc/arm-none-eabi/12.3.1/../../../../arm-none-eabi/lib/thumb/v7e-m+fp/hard\libm.a(libm_a-e_atan2.o)
 .rodata.CSWTCH.8
                0x08009978       0x18 C:/ST/STM32CubeIDE_1.12.0/STM32CubeIDE/plugins/com.st.stm32cube.ide.mcu.externaltools.gnu-tools-for-stm32.12.3.rel1.win32_1.0.100.202403111256/tools/bin/../lib/gcc/arm-none-eabi/12.3.1/../../../../arm-none-eabi/lib/thumb/v7e-m+fp/hard\libm.a(libm_a-e_atan2.o)
                0x08009990                        . = ALIGN (0x4)

.ARM.extab      0x08009990        0x0
                0x08009990                        . = ALIGN (0x4)
 *(.ARM.extab* .gnu.linkonce.armextab.*)
                0x08009990                        . = ALIGN (0x4)

.ARM            0x08009990        0x8
                0x08009990                        . = ALIGN (0x4)
                0x08009990                        __exidx_start = .
 *(.ARM.exidx*)
 .ARM.exidx     0x08009990        0x8 C:/ST/STM32CubeIDE_1.12.0/STM32CubeIDE/plugins/com.st.stm32cube.ide.mcu.externaltools.gnu-tools-for-stm32.12.3.rel1.win32_1.0.100.202403111256/tools/bin/../lib/gcc/arm-none-eabi/12.3.1/thumb/v7e-m+fp/hard\libgcc.a(_udivmoddi4.o)
                0x08009998                        __exidx_end = .
                0x08009998                        . = ALIGN (0x4)

.rel.dyn        0x08009998        0x0
 .rel.iplt      0x08009998        0x0 C:/ST/STM32CubeIDE_1.12.0/STM32CubeIDE/plugins/com.st.stm32cube.ide.mcu.externaltools.gnu-tools-for-stm32.12.3.rel1.win32_1.0.100.202403111256/tools/bin/../lib/gcc/arm-none-eabi/12.3.1/thumb/v7e-m+fp/hard/crtbegin.o

.preinit_array  0x08009998        0x0
                0x08009998                        . = ALIGN (0x4)
                0x08009998                        PROVIDE (__preinit_array_start = .)
 *(.preinit_array*)
                0x08009998                        PROVIDE (__preinit_array_end = .)
                0x08009998                        . = ALIGN (0x4)

.init_array     0x08009998        0x4
                0x08009998                        . = ALIGN (0x4)
                0x08009998                        PROVIDE (__init_array_start = .)
 *(SORT_BY_NAME(.init_array.*))
 *(.init_array*)
 .init_array    0x08009998        0x4 C:/ST/STM32CubeIDE_1.12.0/STM32CubeIDE/plugins/com.st.stm32cube.ide.mcu.externaltools.gnu-tools-for-stm32.12.3.rel1.win32_1.0.100.202403111256/tools/bin/../lib/gcc/arm-none-eabi/12.3.1/thumb/v7e-m+fp/hard/crtbegin.o
                0x0800999c                        PROVIDE (__init_array_end = .)
                0x0800999c                        . = ALIGN (0x4)

.fini_array     0x0800999c        0x4
                0x0800999c                        . = ALIGN (0x4)
                [!provide]                        PROVIDE (__fini_array_start = .)
 *(SORT_BY_NAME(.fini_array.*))
 *(.fini_array*)
 .fini_array    0x0800999c        0x4 C:/ST/STM32CubeIDE_1.12.0/STM32CubeIDE/plugins/com.st.stm32cube.ide.mcu.externaltools.gnu-tools-for-stm32.12.3.rel1.win32_1.0.100.202403111256/tools/bin/../lib/gcc/arm-none-eabi/12.3.1/thumb/v7e-m+fp/hard/crtbegin.o
                [!provide]                        PROVIDE (__fini_array_end = .)
                0x080099a0                        . = ALIGN (0x4)
                0x080099a0                        _sidata = LOADADDR (.data)

.data           0x20000000      0x100 load address 0x080099a0
                0x20000000                        . = ALIGN (0x4)
                0x20000000                        _sdata = .
 *(.data)
 *(.data*)
 .data.KalmanX  0x20000000       0x48 ./Core/Src/Peripheral/mpu6050.o
                0x20000000                KalmanX
 .data.KalmanY  0x20000048       0x48 ./Core/Src/Peripheral/mpu6050.o
                0x20000048                KalmanY
 .data.SystemCoreClock
                0x20000090        0x4 ./Core/Src/system_stm32f4xx.o
                0x20000090                SystemCoreClock
 .data.uwTickPrio
                0x20000094        0x4 ./Drivers/STM32F4xx_HAL_Driver/Src/stm32f4xx_hal.o
                0x20000094                uwTickPrio
 .data.uwTickFreq
                0x20000098        0x1 ./Drivers/STM32F4xx_HAL_Driver/Src/stm32f4xx_hal.o
                0x20000098                uwTickFreq
 *fill*         0x20000099        0x3 
 .data.uxCriticalNesting
                0x2000009c        0x4 ./Middlewares/Third_Party/FreeRTOS/Source/portable/GCC/ARM_CM4F/port.o
 .data._impure_ptr
                0x200000a0        0x4 C:/ST/STM32CubeIDE_1.12.0/STM32CubeIDE/plugins/com.st.stm32cube.ide.mcu.externaltools.gnu-tools-for-stm32.12.3.rel1.win32_1.0.100.202403111256/tools/bin/../lib/gcc/arm-none-eabi/12.3.1/../../../../arm-none-eabi/lib/thumb/v7e-m+fp/hard\libc_nano.a(libc_a-impure.o)
                0x200000a0                _impure_ptr
 .data._impure_data
                0x200000a4       0x4c C:/ST/STM32CubeIDE_1.12.0/STM32CubeIDE/plugins/com.st.stm32cube.ide.mcu.externaltools.gnu-tools-for-stm32.12.3.rel1.win32_1.0.100.202403111256/tools/bin/../lib/gcc/arm-none-eabi/12.3.1/../../../../arm-none-eabi/lib/thumb/v7e-m+fp/hard\libc_nano.a(libc_a-impure.o)
                0x200000a4                _impure_data
 .data.tiny     0x200000f0        0x8 C:/ST/STM32CubeIDE_1.12.0/STM32CubeIDE/plugins/com.st.stm32cube.ide.mcu.externaltools.gnu-tools-for-stm32.12.3.rel1.win32_1.0.100.202403111256/tools/bin/../lib/gcc/arm-none-eabi/12.3.1/../../../../arm-none-eabi/lib/thumb/v7e-m+fp/hard\libm.a(libm_a-e_sqrt.o)
 .data.one      0x200000f8        0x8 C:/ST/STM32CubeIDE_1.12.0/STM32CubeIDE/plugins/com.st.stm32cube.ide.mcu.externaltools.gnu-tools-for-stm32.12.3.rel1.win32_1.0.100.202403111256/tools/bin/../lib/gcc/arm-none-eabi/12.3.1/../../../../arm-none-eabi/lib/thumb/v7e-m+fp/hard\libm.a(libm_a-e_sqrt.o)
 *(.RamFunc)
 *(.RamFunc*)
                0x20000100                        . = ALIGN (0x4)
                0x20000100                        _edata = .

.igot.plt       0x20000100        0x0 load address 0x08009aa0
 .igot.plt      0x20000100        0x0 C:/ST/STM32CubeIDE_1.12.0/STM32CubeIDE/plugins/com.st.stm32cube.ide.mcu.externaltools.gnu-tools-for-stm32.12.3.rel1.win32_1.0.100.202403111256/tools/bin/../lib/gcc/arm-none-eabi/12.3.1/thumb/v7e-m+fp/hard/crtbegin.o
                0x20000100                        . = ALIGN (0x4)

.bss            0x20000100     0x44f0 load address 0x08009aa0
                0x20000100                        _sbss = .
                0x20000100                        __bss_start__ = _sbss
 *(.bss)
 .bss           0x20000100       0x1c C:/ST/STM32CubeIDE_1.12.0/STM32CubeIDE/plugins/com.st.stm32cube.ide.mcu.externaltools.gnu-tools-for-stm32.12.3.rel1.win32_1.0.100.202403111256/tools/bin/../lib/gcc/arm-none-eabi/12.3.1/thumb/v7e-m+fp/hard/crtbegin.o
 *(.bss*)
 .bss.BMP280_ID
                0x2000011c        0x1 ./Core/Src/Peripheral/BMP280.o
                0x2000011c                BMP280_ID
 *fill*         0x2000011d        0x1 
 .bss.dig_T1    0x2000011e        0x2 ./Core/Src/Peripheral/BMP280.o
                0x2000011e                dig_T1
 .bss.dig_P1    0x20000120        0x2 ./Core/Src/Peripheral/BMP280.o
                0x20000120                dig_P1
 .bss.dig_T2    0x20000122        0x2 ./Core/Src/Peripheral/BMP280.o
                0x20000122                dig_T2
 .bss.dig_T3    0x20000124        0x2 ./Core/Src/Peripheral/BMP280.o
                0x20000124                dig_T3
 .bss.dig_P2    0x20000126        0x2 ./Core/Src/Peripheral/BMP280.o
                0x20000126                dig_P2
 .bss.dig_P3    0x20000128        0x2 ./Core/Src/Peripheral/BMP280.o
                0x20000128                dig_P3
 .bss.dig_P4    0x2000012a        0x2 ./Core/Src/Peripheral/BMP280.o
                0x2000012a                dig_P4
 .bss.dig_P5    0x2000012c        0x2 ./Core/Src/Peripheral/BMP280.o
                0x2000012c                dig_P5
 .bss.dig_P6    0x2000012e        0x2 ./Core/Src/Peripheral/BMP280.o
                0x2000012e                dig_P6
 .bss.dig_P7    0x20000130        0x2 ./Core/Src/Peripheral/BMP280.o
                0x20000130                dig_P7
 .bss.dig_P8    0x20000132        0x2 ./Core/Src/Peripheral/BMP280.o
                0x20000132                dig_P8
 .bss.dig_P9    0x20000134        0x2 ./Core/Src/Peripheral/BMP280.o
                0x20000134                dig_P9
 *fill*         0x20000136        0x2 
 .bss.T_raw     0x20000138        0x4 ./Core/Src/Peripheral/BMP280.o
                0x20000138                T_raw
 .bss.P_raw     0x2000013c        0x4 ./Core/Src/Peripheral/BMP280.o
                0x2000013c                P_raw
 .bss.t_fine    0x20000140        0x4 ./Core/Src/Peripheral/BMP280.o
                0x20000140                t_fine
 .bss.Temperature
                0x20000144        0x4 ./Core/Src/Peripheral/BMP280.o
                0x20000144                Temperature
 .bss.Altitud   0x20000148        0x4 ./Core/Src/Peripheral/BMP280.o
                0x20000148                Altitud
 .bss.Presure   0x2000014c        0x4 ./Core/Src/Peripheral/BMP280.o
                0x2000014c                Presure
 .bss.NRF24_Configurations_Struct
                0x20000150       0x98 ./Core/Src/Peripheral/NRF24.o
                0x20000150                NRF24_Configurations_Struct
 .bss.Transmision_Flag
                0x200001e8        0x1 ./Core/Src/Peripheral/NRF24.o
                0x200001e8                Transmision_Flag
 .bss.TX_FULL   0x200001e9        0x1 ./Core/Src/Peripheral/NRF24.o
                0x200001e9                TX_FULL
 .bss.RX_P_NO   0x200001ea        0x1 ./Core/Src/Peripheral/NRF24.o
                0x200001ea                RX_P_NO
 .bss.MAX_RT    0x200001eb        0x1 ./Core/Src/Peripheral/NRF24.o
                0x200001eb                MAX_RT
 .bss.TX_DS     0x200001ec        0x1 ./Core/Src/Peripheral/NRF24.o
                0x200001ec                TX_DS
 .bss.RX_DR     0x200001ed        0x1 ./Core/Src/Peripheral/NRF24.o
                0x200001ed                RX_DR
 .bss.RX_EMPTY  0x200001ee        0x1 ./Core/Src/Peripheral/NRF24.o
                0x200001ee                RX_EMPTY
 .bss.RX_FULL   0x200001ef        0x1 ./Core/Src/Peripheral/NRF24.o
                0x200001ef                RX_FULL
 .bss.TX_EMPTY  0x200001f0        0x1 ./Core/Src/Peripheral/NRF24.o
                0x200001f0                TX_EMPTY
 .bss.TX_REUSE  0x200001f1        0x1 ./Core/Src/Peripheral/NRF24.o
                0x200001f1                TX_REUSE
 .bss.Cont_TX   0x200001f2        0x1 ./Core/Src/Peripheral/NRF24.o
                0x200001f2                Cont_TX
 .bss.NRF24_mode
                0x200001f3        0x1 ./Core/Src/Peripheral/NRF24.o
                0x200001f3                NRF24_mode
 .bss.TxBuffer  0x200001f4       0x20 ./Core/Src/Peripheral/NRF24.o
                0x200001f4                TxBuffer
 .bss.RxBuffer  0x20000214       0x20 ./Core/Src/Peripheral/NRF24.o
                0x20000214                RxBuffer
 .bss.timer     0x20000234        0x4 ./Core/Src/Peripheral/mpu6050.o
                0x20000234                timer
 .bss.MPU6050   0x20000238       0x58 ./Core/Src/Peripheral/mpu6050.o
                0x20000238                MPU6050
 .bss.Task10msHandle
                0x20000290        0x4 ./Core/Src/freertos.o
                0x20000290                Task10msHandle
 .bss.Task100msHandle
                0x20000294        0x4 ./Core/Src/freertos.o
                0x20000294                Task100msHandle
 .bss.Task1000msHandle
                0x20000298        0x4 ./Core/Src/freertos.o
                0x20000298                Task1000msHandle
 .bss.Task1msHandle
                0x2000029c        0x4 ./Core/Src/freertos.o
                0x2000029c                Task1msHandle
 .bss.xIdleTaskTCBBuffer
                0x200002a0       0x54 ./Core/Src/freertos.o
 .bss.xIdleStack
                0x200002f4      0x200 ./Core/Src/freertos.o
 .bss.hi2c1     0x200004f4       0x54 ./Core/Src/i2c.o
                0x200004f4                hi2c1
 .bss.hspi1     0x20000548       0x58 ./Core/Src/spi.o
                0x20000548                hspi1
 .bss.hspi2     0x200005a0       0x58 ./Core/Src/spi.o
                0x200005a0                hspi2
 .bss.hdma_spi1_rx
                0x200005f8       0x60 ./Core/Src/spi.o
                0x200005f8                hdma_spi1_rx
 .bss.hdma_spi1_tx
                0x20000658       0x60 ./Core/Src/spi.o
                0x20000658                hdma_spi1_tx
 .bss.hdma_spi2_rx
                0x200006b8       0x60 ./Core/Src/spi.o
                0x200006b8                hdma_spi2_rx
 .bss.htim11    0x20000718       0x48 ./Core/Src/stm32f4xx_hal_timebase_tim.o
                0x20000718                htim11
 .bss.uwTick    0x20000760        0x4 ./Drivers/STM32F4xx_HAL_Driver/Src/stm32f4xx_hal.o
                0x20000760                uwTick
 .bss.pxCurrentTCB
                0x20000764        0x4 ./Middlewares/Third_Party/FreeRTOS/Source/tasks.o
                0x20000764                pxCurrentTCB
 .bss.pxReadyTasksLists
                0x20000768       0x8c ./Middlewares/Third_Party/FreeRTOS/Source/tasks.o
 .bss.xDelayedTaskList1
                0x200007f4       0x14 ./Middlewares/Third_Party/FreeRTOS/Source/tasks.o
 .bss.xDelayedTaskList2
                0x20000808       0x14 ./Middlewares/Third_Party/FreeRTOS/Source/tasks.o
 .bss.pxDelayedTaskList
                0x2000081c        0x4 ./Middlewares/Third_Party/FreeRTOS/Source/tasks.o
 .bss.pxOverflowDelayedTaskList
                0x20000820        0x4 ./Middlewares/Third_Party/FreeRTOS/Source/tasks.o
 .bss.xPendingReadyList
                0x20000824       0x14 ./Middlewares/Third_Party/FreeRTOS/Source/tasks.o
 .bss.xTasksWaitingTermination
                0x20000838       0x14 ./Middlewares/Third_Party/FreeRTOS/Source/tasks.o
 .bss.uxDeletedTasksWaitingCleanUp
                0x2000084c        0x4 ./Middlewares/Third_Party/FreeRTOS/Source/tasks.o
 .bss.xSuspendedTaskList
                0x20000850       0x14 ./Middlewares/Third_Party/FreeRTOS/Source/tasks.o
 .bss.uxCurrentNumberOfTasks
                0x20000864        0x4 ./Middlewares/Third_Party/FreeRTOS/Source/tasks.o
 .bss.xTickCount
                0x20000868        0x4 ./Middlewares/Third_Party/FreeRTOS/Source/tasks.o
 .bss.uxTopReadyPriority
                0x2000086c        0x4 ./Middlewares/Third_Party/FreeRTOS/Source/tasks.o
 .bss.xSchedulerRunning
                0x20000870        0x4 ./Middlewares/Third_Party/FreeRTOS/Source/tasks.o
 .bss.xPendedTicks
                0x20000874        0x4 ./Middlewares/Third_Party/FreeRTOS/Source/tasks.o
 .bss.xYieldPending
                0x20000878        0x4 ./Middlewares/Third_Party/FreeRTOS/Source/tasks.o
 .bss.xNumOfOverflows
                0x2000087c        0x4 ./Middlewares/Third_Party/FreeRTOS/Source/tasks.o
 .bss.uxTaskNumber
                0x20000880        0x4 ./Middlewares/Third_Party/FreeRTOS/Source/tasks.o
 .bss.xNextTaskUnblockTime
                0x20000884        0x4 ./Middlewares/Third_Party/FreeRTOS/Source/tasks.o
 .bss.xIdleTaskHandle
                0x20000888        0x4 ./Middlewares/Third_Party/FreeRTOS/Source/tasks.o
 .bss.uxSchedulerSuspended
                0x2000088c        0x4 ./Middlewares/Third_Party/FreeRTOS/Source/tasks.o
 .bss.ucMaxSysCallPriority
                0x20000890        0x1 ./Middlewares/Third_Party/FreeRTOS/Source/portable/GCC/ARM_CM4F/port.o
 *fill*         0x20000891        0x3 
 .bss.ulMaxPRIGROUPValue
                0x20000894        0x4 ./Middlewares/Third_Party/FreeRTOS/Source/portable/GCC/ARM_CM4F/port.o
 .bss.ucHeap    0x20000898     0x3c00 ./Middlewares/Third_Party/FreeRTOS/Source/portable/MemMang/heap_4.o
 .bss.xStart    0x20004498        0x8 ./Middlewares/Third_Party/FreeRTOS/Source/portable/MemMang/heap_4.o
 .bss.pxEnd     0x200044a0        0x4 ./Middlewares/Third_Party/FreeRTOS/Source/portable/MemMang/heap_4.o
 .bss.xFreeBytesRemaining
                0x200044a4        0x4 ./Middlewares/Third_Party/FreeRTOS/Source/portable/MemMang/heap_4.o
 .bss.xMinimumEverFreeBytesRemaining
                0x200044a8        0x4 ./Middlewares/Third_Party/FreeRTOS/Source/portable/MemMang/heap_4.o
 .bss.xNumberOfSuccessfulAllocations
                0x200044ac        0x4 ./Middlewares/Third_Party/FreeRTOS/Source/portable/MemMang/heap_4.o
 .bss.xNumberOfSuccessfulFrees
                0x200044b0        0x4 ./Middlewares/Third_Party/FreeRTOS/Source/portable/MemMang/heap_4.o
 .bss.xBlockAllocatedBit
                0x200044b4        0x4 ./Middlewares/Third_Party/FreeRTOS/Source/portable/MemMang/heap_4.o
 .bss.__sf      0x200044b8      0x138 C:/ST/STM32CubeIDE_1.12.0/STM32CubeIDE/plugins/com.st.stm32cube.ide.mcu.externaltools.gnu-tools-for-stm32.12.3.rel1.win32_1.0.100.202403111256/tools/bin/../lib/gcc/arm-none-eabi/12.3.1/../../../../arm-none-eabi/lib/thumb/v7e-m+fp/hard\libc_nano.a(libc_a-findfp.o)
                0x200044b8                __sf
 *(COMMON)
                0x200045f0                        . = ALIGN (0x4)
                0x200045f0                        _ebss = .
                0x200045f0                        __bss_end__ = _ebss

._user_heap_stack
                0x200045f0      0x600 load address 0x08009aa0
                0x200045f0                        . = ALIGN (0x8)
                [!provide]                        PROVIDE (end = .)
                0x200045f0                        PROVIDE (_end = .)
                0x200047f0                        . = (. + _Min_Heap_Size)
 *fill*         0x200045f0      0x200 
                0x20004bf0                        . = (. + _Min_Stack_Size)
 *fill*         0x200047f0      0x400 
                0x20004bf0                        . = ALIGN (0x8)

/DISCARD/
 libc.a(*)
 libm.a(*)
 libgcc.a(*)

.ARM.attributes
                0x00000000       0x30
 *(.ARM.attributes)
 .ARM.attributes
                0x00000000       0x22 C:/ST/STM32CubeIDE_1.12.0/STM32CubeIDE/plugins/com.st.stm32cube.ide.mcu.externaltools.gnu-tools-for-stm32.12.3.rel1.win32_1.0.100.202403111256/tools/bin/../lib/gcc/arm-none-eabi/12.3.1/thumb/v7e-m+fp/hard/crti.o
 .ARM.attributes
                0x00000022       0x34 C:/ST/STM32CubeIDE_1.12.0/STM32CubeIDE/plugins/com.st.stm32cube.ide.mcu.externaltools.gnu-tools-for-stm32.12.3.rel1.win32_1.0.100.202403111256/tools/bin/../lib/gcc/arm-none-eabi/12.3.1/thumb/v7e-m+fp/hard/crtbegin.o
 .ARM.attributes
                0x00000056       0x34 ./Core/Src/Global/Task_schedule.o
 .ARM.attributes
                0x0000008a       0x34 ./Core/Src/Peripheral/BMP280.o
 .ARM.attributes
                0x000000be       0x34 ./Core/Src/Peripheral/NRF24.o
 .ARM.attributes
                0x000000f2       0x34 ./Core/Src/Peripheral/mpu6050.o
 .ARM.attributes
                0x00000126       0x34 ./Core/Src/dma.o
 .ARM.attributes
                0x0000015a       0x34 ./Core/Src/freertos.o
 .ARM.attributes
                0x0000018e       0x34 ./Core/Src/gpio.o
 .ARM.attributes
                0x000001c2       0x34 ./Core/Src/i2c.o
 .ARM.attributes
                0x000001f6       0x34 ./Core/Src/main.o
 .ARM.attributes
                0x0000022a       0x34 ./Core/Src/spi.o
 .ARM.attributes
                0x0000025e       0x34 ./Core/Src/stm32f4xx_hal_msp.o
 .ARM.attributes
                0x00000292       0x34 ./Core/Src/stm32f4xx_hal_timebase_tim.o
 .ARM.attributes
                0x000002c6       0x34 ./Core/Src/stm32f4xx_it.o
 .ARM.attributes
                0x000002fa       0x34 ./Core/Src/system_stm32f4xx.o
 .ARM.attributes
                0x0000032e       0x21 ./Core/Startup/startup_stm32f411retx.o
 .ARM.attributes
                0x0000034f       0x34 ./Drivers/STM32F4xx_HAL_Driver/Src/stm32f4xx_hal.o
 .ARM.attributes
                0x00000383       0x34 ./Drivers/STM32F4xx_HAL_Driver/Src/stm32f4xx_hal_cortex.o
 .ARM.attributes
                0x000003b7       0x34 ./Drivers/STM32F4xx_HAL_Driver/Src/stm32f4xx_hal_dma.o
 .ARM.attributes
                0x000003eb       0x34 ./Drivers/STM32F4xx_HAL_Driver/Src/stm32f4xx_hal_gpio.o
 .ARM.attributes
                0x0000041f       0x34 ./Drivers/STM32F4xx_HAL_Driver/Src/stm32f4xx_hal_i2c.o
 .ARM.attributes
                0x00000453       0x34 ./Drivers/STM32F4xx_HAL_Driver/Src/stm32f4xx_hal_rcc.o
 .ARM.attributes
                0x00000487       0x34 ./Drivers/STM32F4xx_HAL_Driver/Src/stm32f4xx_hal_spi.o
 .ARM.attributes
                0x000004bb       0x34 ./Drivers/STM32F4xx_HAL_Driver/Src/stm32f4xx_hal_tim.o
 .ARM.attributes
                0x000004ef       0x34 ./Drivers/STM32F4xx_HAL_Driver/Src/stm32f4xx_hal_tim_ex.o
 .ARM.attributes
                0x00000523       0x34 ./Middlewares/Third_Party/FreeRTOS/Source/CMSIS_RTOS/cmsis_os.o
 .ARM.attributes
                0x00000557       0x34 ./Middlewares/Third_Party/FreeRTOS/Source/list.o
 .ARM.attributes
                0x0000058b       0x34 ./Middlewares/Third_Party/FreeRTOS/Source/tasks.o
 .ARM.attributes
                0x000005bf       0x34 ./Middlewares/Third_Party/FreeRTOS/Source/portable/GCC/ARM_CM4F/port.o
 .ARM.attributes
                0x000005f3       0x34 ./Middlewares/Third_Party/FreeRTOS/Source/portable/MemMang/heap_4.o
 .ARM.attributes
                0x00000627       0x34 C:/ST/STM32CubeIDE_1.12.0/STM32CubeIDE/plugins/com.st.stm32cube.ide.mcu.externaltools.gnu-tools-for-stm32.12.3.rel1.win32_1.0.100.202403111256/tools/bin/../lib/gcc/arm-none-eabi/12.3.1/../../../../arm-none-eabi/lib/thumb/v7e-m+fp/hard\libc_nano.a(libc_a-findfp.o)
 .ARM.attributes
                0x0000065b       0x34 C:/ST/STM32CubeIDE_1.12.0/STM32CubeIDE/plugins/com.st.stm32cube.ide.mcu.externaltools.gnu-tools-for-stm32.12.3.rel1.win32_1.0.100.202403111256/tools/bin/../lib/gcc/arm-none-eabi/12.3.1/../../../../arm-none-eabi/lib/thumb/v7e-m+fp/hard\libc_nano.a(libc_a-memset.o)
 .ARM.attributes
                0x0000068f       0x34 C:/ST/STM32CubeIDE_1.12.0/STM32CubeIDE/plugins/com.st.stm32cube.ide.mcu.externaltools.gnu-tools-for-stm32.12.3.rel1.win32_1.0.100.202403111256/tools/bin/../lib/gcc/arm-none-eabi/12.3.1/../../../../arm-none-eabi/lib/thumb/v7e-m+fp/hard\libc_nano.a(libc_a-impure.o)
 .ARM.attributes
                0x000006c3       0x34 C:/ST/STM32CubeIDE_1.12.0/STM32CubeIDE/plugins/com.st.stm32cube.ide.mcu.externaltools.gnu-tools-for-stm32.12.3.rel1.win32_1.0.100.202403111256/tools/bin/../lib/gcc/arm-none-eabi/12.3.1/../../../../arm-none-eabi/lib/thumb/v7e-m+fp/hard\libc_nano.a(libc_a-errno.o)
 .ARM.attributes
                0x000006f7       0x34 C:/ST/STM32CubeIDE_1.12.0/STM32CubeIDE/plugins/com.st.stm32cube.ide.mcu.externaltools.gnu-tools-for-stm32.12.3.rel1.win32_1.0.100.202403111256/tools/bin/../lib/gcc/arm-none-eabi/12.3.1/../../../../arm-none-eabi/lib/thumb/v7e-m+fp/hard\libc_nano.a(libc_a-init.o)
 .ARM.attributes
                0x0000072b       0x34 C:/ST/STM32CubeIDE_1.12.0/STM32CubeIDE/plugins/com.st.stm32cube.ide.mcu.externaltools.gnu-tools-for-stm32.12.3.rel1.win32_1.0.100.202403111256/tools/bin/../lib/gcc/arm-none-eabi/12.3.1/../../../../arm-none-eabi/lib/thumb/v7e-m+fp/hard\libm.a(libm_a-w_atan2.o)
 .ARM.attributes
                0x0000075f       0x34 C:/ST/STM32CubeIDE_1.12.0/STM32CubeIDE/plugins/com.st.stm32cube.ide.mcu.externaltools.gnu-tools-for-stm32.12.3.rel1.win32_1.0.100.202403111256/tools/bin/../lib/gcc/arm-none-eabi/12.3.1/../../../../arm-none-eabi/lib/thumb/v7e-m+fp/hard\libm.a(libm_a-w_log.o)
 .ARM.attributes
                0x00000793       0x34 C:/ST/STM32CubeIDE_1.12.0/STM32CubeIDE/plugins/com.st.stm32cube.ide.mcu.externaltools.gnu-tools-for-stm32.12.3.rel1.win32_1.0.100.202403111256/tools/bin/../lib/gcc/arm-none-eabi/12.3.1/../../../../arm-none-eabi/lib/thumb/v7e-m+fp/hard\libm.a(libm_a-w_sqrt.o)
 .ARM.attributes
                0x000007c7       0x34 C:/ST/STM32CubeIDE_1.12.0/STM32CubeIDE/plugins/com.st.stm32cube.ide.mcu.externaltools.gnu-tools-for-stm32.12.3.rel1.win32_1.0.100.202403111256/tools/bin/../lib/gcc/arm-none-eabi/12.3.1/../../../../arm-none-eabi/lib/thumb/v7e-m+fp/hard\libm.a(libm_a-s_atan.o)
 .ARM.attributes
                0x000007fb       0x34 C:/ST/STM32CubeIDE_1.12.0/STM32CubeIDE/plugins/com.st.stm32cube.ide.mcu.externaltools.gnu-tools-for-stm32.12.3.rel1.win32_1.0.100.202403111256/tools/bin/../lib/gcc/arm-none-eabi/12.3.1/../../../../arm-none-eabi/lib/thumb/v7e-m+fp/hard\libm.a(libm_a-s_fabs.o)
 .ARM.attributes
                0x0000082f       0x34 C:/ST/STM32CubeIDE_1.12.0/STM32CubeIDE/plugins/com.st.stm32cube.ide.mcu.externaltools.gnu-tools-for-stm32.12.3.rel1.win32_1.0.100.202403111256/tools/bin/../lib/gcc/arm-none-eabi/12.3.1/../../../../arm-none-eabi/lib/thumb/v7e-m+fp/hard\libm.a(libm_a-s_nan.o)
 .ARM.attributes
                0x00000863       0x34 C:/ST/STM32CubeIDE_1.12.0/STM32CubeIDE/plugins/com.st.stm32cube.ide.mcu.externaltools.gnu-tools-for-stm32.12.3.rel1.win32_1.0.100.202403111256/tools/bin/../lib/gcc/arm-none-eabi/12.3.1/../../../../arm-none-eabi/lib/thumb/v7e-m+fp/hard\libm.a(libm_a-e_sqrt.o)
 .ARM.attributes
                0x00000897       0x34 C:/ST/STM32CubeIDE_1.12.0/STM32CubeIDE/plugins/com.st.stm32cube.ide.mcu.externaltools.gnu-tools-for-stm32.12.3.rel1.win32_1.0.100.202403111256/tools/bin/../lib/gcc/arm-none-eabi/12.3.1/../../../../arm-none-eabi/lib/thumb/v7e-m+fp/hard\libm.a(libm_a-e_atan2.o)
 .ARM.attributes
                0x000008cb       0x34 C:/ST/STM32CubeIDE_1.12.0/STM32CubeIDE/plugins/com.st.stm32cube.ide.mcu.externaltools.gnu-tools-for-stm32.12.3.rel1.win32_1.0.100.202403111256/tools/bin/../lib/gcc/arm-none-eabi/12.3.1/../../../../arm-none-eabi/lib/thumb/v7e-m+fp/hard\libm.a(libm_a-e_log.o)
 .ARM.attributes
                0x000008ff       0x22 C:/ST/STM32CubeIDE_1.12.0/STM32CubeIDE/plugins/com.st.stm32cube.ide.mcu.externaltools.gnu-tools-for-stm32.12.3.rel1.win32_1.0.100.202403111256/tools/bin/../lib/gcc/arm-none-eabi/12.3.1/thumb/v7e-m+fp/hard\libgcc.a(_arm_addsubdf3.o)
 .ARM.attributes
                0x00000921       0x22 C:/ST/STM32CubeIDE_1.12.0/STM32CubeIDE/plugins/com.st.stm32cube.ide.mcu.externaltools.gnu-tools-for-stm32.12.3.rel1.win32_1.0.100.202403111256/tools/bin/../lib/gcc/arm-none-eabi/12.3.1/thumb/v7e-m+fp/hard\libgcc.a(_arm_muldivdf3.o)
 .ARM.attributes
                0x00000943       0x22 C:/ST/STM32CubeIDE_1.12.0/STM32CubeIDE/plugins/com.st.stm32cube.ide.mcu.externaltools.gnu-tools-for-stm32.12.3.rel1.win32_1.0.100.202403111256/tools/bin/../lib/gcc/arm-none-eabi/12.3.1/thumb/v7e-m+fp/hard\libgcc.a(_arm_cmpdf2.o)
 .ARM.attributes
                0x00000965       0x22 C:/ST/STM32CubeIDE_1.12.0/STM32CubeIDE/plugins/com.st.stm32cube.ide.mcu.externaltools.gnu-tools-for-stm32.12.3.rel1.win32_1.0.100.202403111256/tools/bin/../lib/gcc/arm-none-eabi/12.3.1/thumb/v7e-m+fp/hard\libgcc.a(_arm_unorddf2.o)
 .ARM.attributes
                0x00000987       0x22 C:/ST/STM32CubeIDE_1.12.0/STM32CubeIDE/plugins/com.st.stm32cube.ide.mcu.externaltools.gnu-tools-for-stm32.12.3.rel1.win32_1.0.100.202403111256/tools/bin/../lib/gcc/arm-none-eabi/12.3.1/thumb/v7e-m+fp/hard\libgcc.a(_arm_fixdfsi.o)
 .ARM.attributes
                0x000009a9       0x22 C:/ST/STM32CubeIDE_1.12.0/STM32CubeIDE/plugins/com.st.stm32cube.ide.mcu.externaltools.gnu-tools-for-stm32.12.3.rel1.win32_1.0.100.202403111256/tools/bin/../lib/gcc/arm-none-eabi/12.3.1/thumb/v7e-m+fp/hard\libgcc.a(_aeabi_ldivmod.o)
 .ARM.attributes
                0x000009cb       0x22 C:/ST/STM32CubeIDE_1.12.0/STM32CubeIDE/plugins/com.st.stm32cube.ide.mcu.externaltools.gnu-tools-for-stm32.12.3.rel1.win32_1.0.100.202403111256/tools/bin/../lib/gcc/arm-none-eabi/12.3.1/thumb/v7e-m+fp/hard\libgcc.a(_aeabi_uldivmod.o)
 .ARM.attributes
                0x000009ed       0x34 C:/ST/STM32CubeIDE_1.12.0/STM32CubeIDE/plugins/com.st.stm32cube.ide.mcu.externaltools.gnu-tools-for-stm32.12.3.rel1.win32_1.0.100.202403111256/tools/bin/../lib/gcc/arm-none-eabi/12.3.1/thumb/v7e-m+fp/hard\libgcc.a(_udivmoddi4.o)
 .ARM.attributes
                0x00000a21       0x22 C:/ST/STM32CubeIDE_1.12.0/STM32CubeIDE/plugins/com.st.stm32cube.ide.mcu.externaltools.gnu-tools-for-stm32.12.3.rel1.win32_1.0.100.202403111256/tools/bin/../lib/gcc/arm-none-eabi/12.3.1/thumb/v7e-m+fp/hard\libgcc.a(_dvmd_tls.o)
 .ARM.attributes
                0x00000a43       0x22 C:/ST/STM32CubeIDE_1.12.0/STM32CubeIDE/plugins/com.st.stm32cube.ide.mcu.externaltools.gnu-tools-for-stm32.12.3.rel1.win32_1.0.100.202403111256/tools/bin/../lib/gcc/arm-none-eabi/12.3.1/thumb/v7e-m+fp/hard/crtn.o
OUTPUT(CanSat.elf elf32-littlearm)
LOAD linker stubs
LOAD C:/ST/STM32CubeIDE_1.12.0/STM32CubeIDE/plugins/com.st.stm32cube.ide.mcu.externaltools.gnu-tools-for-stm32.12.3.rel1.win32_1.0.100.202403111256/tools/bin/../lib/gcc/arm-none-eabi/12.3.1/../../../../arm-none-eabi/lib/thumb/v7e-m+fp/hard\libc.a
LOAD C:/ST/STM32CubeIDE_1.12.0/STM32CubeIDE/plugins/com.st.stm32cube.ide.mcu.externaltools.gnu-tools-for-stm32.12.3.rel1.win32_1.0.100.202403111256/tools/bin/../lib/gcc/arm-none-eabi/12.3.1/../../../../arm-none-eabi/lib/thumb/v7e-m+fp/hard\libm.a
LOAD C:/ST/STM32CubeIDE_1.12.0/STM32CubeIDE/plugins/com.st.stm32cube.ide.mcu.externaltools.gnu-tools-for-stm32.12.3.rel1.win32_1.0.100.202403111256/tools/bin/../lib/gcc/arm-none-eabi/12.3.1/thumb/v7e-m+fp/hard\libgcc.a

.debug_info     0x00000000    0x16314
 .debug_info    0x00000000      0x122 ./Core/Src/Global/Task_schedule.o
 .debug_info    0x00000122      0xb74 ./Core/Src/Peripheral/BMP280.o
 .debug_info    0x00000c96      0xe3a ./Core/Src/Peripheral/NRF24.o
 .debug_info    0x00001ad0      0xb3b ./Core/Src/Peripheral/mpu6050.o
 .debug_info    0x0000260b      0x45e ./Core/Src/dma.o
 .debug_info    0x00002a69      0x5b8 ./Core/Src/freertos.o
 .debug_info    0x00003021      0x433 ./Core/Src/gpio.o
 .debug_info    0x00003454      0x9a5 ./Core/Src/i2c.o
 .debug_info    0x00003df9      0xe86 ./Core/Src/main.o
 .debug_info    0x00004c7f      0xc25 ./Core/Src/spi.o
 .debug_info    0x000058a4      0x44f ./Core/Src/stm32f4xx_hal_msp.o
 .debug_info    0x00005cf3      0xb75 ./Core/Src/stm32f4xx_hal_timebase_tim.o
 .debug_info    0x00006868      0x9e3 ./Core/Src/stm32f4xx_it.o
 .debug_info    0x0000724b      0x53e ./Core/Src/system_stm32f4xx.o
 .debug_info    0x00007789       0x30 ./Core/Startup/startup_stm32f411retx.o
 .debug_info    0x000077b9      0x8c4 ./Drivers/STM32F4xx_HAL_Driver/Src/stm32f4xx_hal.o
 .debug_info    0x0000807d      0xcc7 ./Drivers/STM32F4xx_HAL_Driver/Src/stm32f4xx_hal_cortex.o
 .debug_info    0x00008d44      0x8e6 ./Drivers/STM32F4xx_HAL_Driver/Src/stm32f4xx_hal_dma.o
 .debug_info    0x0000962a      0x6f9 ./Drivers/STM32F4xx_HAL_Driver/Src/stm32f4xx_hal_gpio.o
 .debug_info    0x00009d23     0x2426 ./Drivers/STM32F4xx_HAL_Driver/Src/stm32f4xx_hal_i2c.o
 .debug_info    0x0000c149      0x8f2 ./Drivers/STM32F4xx_HAL_Driver/Src/stm32f4xx_hal_rcc.o
 .debug_info    0x0000ca3b     0x1606 ./Drivers/STM32F4xx_HAL_Driver/Src/stm32f4xx_hal_spi.o
 .debug_info    0x0000e041     0x2996 ./Drivers/STM32F4xx_HAL_Driver/Src/stm32f4xx_hal_tim.o
 .debug_info    0x000109d7     0x14d4 ./Drivers/STM32F4xx_HAL_Driver/Src/stm32f4xx_hal_tim_ex.o
 .debug_info    0x00011eab     0x1b60 ./Middlewares/Third_Party/FreeRTOS/Source/CMSIS_RTOS/cmsis_os.o
 .debug_info    0x00013a0b      0x2af ./Middlewares/Third_Party/FreeRTOS/Source/list.o
 .debug_info    0x00013cba     0x1ca7 ./Middlewares/Third_Party/FreeRTOS/Source/tasks.o
 .debug_info    0x00015961      0x4de ./Middlewares/Third_Party/FreeRTOS/Source/portable/GCC/ARM_CM4F/port.o
 .debug_info    0x00015e3f      0x4d5 ./Middlewares/Third_Party/FreeRTOS/Source/portable/MemMang/heap_4.o

.debug_abbrev   0x00000000     0x3b70
 .debug_abbrev  0x00000000       0x76 ./Core/Src/Global/Task_schedule.o
 .debug_abbrev  0x00000076      0x26c ./Core/Src/Peripheral/BMP280.o
 .debug_abbrev  0x000002e2      0x2f0 ./Core/Src/Peripheral/NRF24.o
 .debug_abbrev  0x000005d2      0x246 ./Core/Src/Peripheral/mpu6050.o
 .debug_abbrev  0x00000818      0x11b ./Core/Src/dma.o
 .debug_abbrev  0x00000933      0x182 ./Core/Src/freertos.o
 .debug_abbrev  0x00000ab5      0x151 ./Core/Src/gpio.o
 .debug_abbrev  0x00000c06      0x1f0 ./Core/Src/i2c.o
 .debug_abbrev  0x00000df6      0x266 ./Core/Src/main.o
 .debug_abbrev  0x0000105c      0x22c ./Core/Src/spi.o
 .debug_abbrev  0x00001288      0x119 ./Core/Src/stm32f4xx_hal_msp.o
 .debug_abbrev  0x000013a1      0x207 ./Core/Src/stm32f4xx_hal_timebase_tim.o
 .debug_abbrev  0x000015a8      0x193 ./Core/Src/stm32f4xx_it.o
 .debug_abbrev  0x0000173b      0x11a ./Core/Src/system_stm32f4xx.o
 .debug_abbrev  0x00001855       0x24 ./Core/Startup/startup_stm32f411retx.o
 .debug_abbrev  0x00001879      0x24b ./Drivers/STM32F4xx_HAL_Driver/Src/stm32f4xx_hal.o
 .debug_abbrev  0x00001ac4      0x328 ./Drivers/STM32F4xx_HAL_Driver/Src/stm32f4xx_hal_cortex.o
 .debug_abbrev  0x00001dec      0x221 ./Drivers/STM32F4xx_HAL_Driver/Src/stm32f4xx_hal_dma.o
 .debug_abbrev  0x0000200d      0x1d3 ./Drivers/STM32F4xx_HAL_Driver/Src/stm32f4xx_hal_gpio.o
 .debug_abbrev  0x000021e0      0x2bc ./Drivers/STM32F4xx_HAL_Driver/Src/stm32f4xx_hal_i2c.o
 .debug_abbrev  0x0000249c      0x2b5 ./Drivers/STM32F4xx_HAL_Driver/Src/stm32f4xx_hal_rcc.o
 .debug_abbrev  0x00002751      0x280 ./Drivers/STM32F4xx_HAL_Driver/Src/stm32f4xx_hal_spi.o
 .debug_abbrev  0x000029d1      0x28b ./Drivers/STM32F4xx_HAL_Driver/Src/stm32f4xx_hal_tim.o
 .debug_abbrev  0x00002c5c      0x296 ./Drivers/STM32F4xx_HAL_Driver/Src/stm32f4xx_hal_tim_ex.o
 .debug_abbrev  0x00002ef2      0x3b7 ./Middlewares/Third_Party/FreeRTOS/Source/CMSIS_RTOS/cmsis_os.o
 .debug_abbrev  0x000032a9       0xf5 ./Middlewares/Third_Party/FreeRTOS/Source/list.o
 .debug_abbrev  0x0000339e      0x359 ./Middlewares/Third_Party/FreeRTOS/Source/tasks.o
 .debug_abbrev  0x000036f7      0x25c ./Middlewares/Third_Party/FreeRTOS/Source/portable/GCC/ARM_CM4F/port.o
 .debug_abbrev  0x00003953      0x21d ./Middlewares/Third_Party/FreeRTOS/Source/portable/MemMang/heap_4.o

.debug_aranges  0x00000000     0x15e8
 .debug_aranges
                0x00000000       0x58 ./Core/Src/Global/Task_schedule.o
 .debug_aranges
                0x00000058       0x78 ./Core/Src/Peripheral/BMP280.o
 .debug_aranges
                0x000000d0       0xb8 ./Core/Src/Peripheral/NRF24.o
 .debug_aranges
                0x00000188       0x50 ./Core/Src/Peripheral/mpu6050.o
 .debug_aranges
                0x000001d8       0x20 ./Core/Src/dma.o
 .debug_aranges
                0x000001f8       0x48 ./Core/Src/freertos.o
 .debug_aranges
                0x00000240       0x20 ./Core/Src/gpio.o
 .debug_aranges
                0x00000260       0x30 ./Core/Src/i2c.o
 .debug_aranges
                0x00000290       0x38 ./Core/Src/main.o
 .debug_aranges
                0x000002c8       0x38 ./Core/Src/spi.o
 .debug_aranges
                0x00000300       0x20 ./Core/Src/stm32f4xx_hal_msp.o
 .debug_aranges
                0x00000320       0x30 ./Core/Src/stm32f4xx_hal_timebase_tim.o
 .debug_aranges
                0x00000350       0x70 ./Core/Src/stm32f4xx_it.o
 .debug_aranges
                0x000003c0       0x28 ./Core/Src/system_stm32f4xx.o
 .debug_aranges
                0x000003e8       0x28 ./Core/Startup/startup_stm32f411retx.o
 .debug_aranges
                0x00000410       0xf0 ./Drivers/STM32F4xx_HAL_Driver/Src/stm32f4xx_hal.o
 .debug_aranges
                0x00000500      0x120 ./Drivers/STM32F4xx_HAL_Driver/Src/stm32f4xx_hal_cortex.o
 .debug_aranges
                0x00000620       0x90 ./Drivers/STM32F4xx_HAL_Driver/Src/stm32f4xx_hal_dma.o
 .debug_aranges
                0x000006b0       0x58 ./Drivers/STM32F4xx_HAL_Driver/Src/stm32f4xx_hal_gpio.o
 .debug_aranges
                0x00000708      0x2a8 ./Drivers/STM32F4xx_HAL_Driver/Src/stm32f4xx_hal_i2c.o
 .debug_aranges
                0x000009b0       0x88 ./Drivers/STM32F4xx_HAL_Driver/Src/stm32f4xx_hal_rcc.o
 .debug_aranges
                0x00000a38      0x1d0 ./Drivers/STM32F4xx_HAL_Driver/Src/stm32f4xx_hal_spi.o
 .debug_aranges
                0x00000c08      0x3d0 ./Drivers/STM32F4xx_HAL_Driver/Src/stm32f4xx_hal_tim.o
 .debug_aranges
                0x00000fd8      0x168 ./Drivers/STM32F4xx_HAL_Driver/Src/stm32f4xx_hal_tim_ex.o
 .debug_aranges
                0x00001140      0x1d8 ./Middlewares/Third_Party/FreeRTOS/Source/CMSIS_RTOS/cmsis_os.o
 .debug_aranges
                0x00001318       0x40 ./Middlewares/Third_Party/FreeRTOS/Source/list.o
 .debug_aranges
                0x00001358      0x1b8 ./Middlewares/Third_Party/FreeRTOS/Source/tasks.o
 .debug_aranges
                0x00001510       0x80 ./Middlewares/Third_Party/FreeRTOS/Source/portable/GCC/ARM_CM4F/port.o
 .debug_aranges
                0x00001590       0x58 ./Middlewares/Third_Party/FreeRTOS/Source/portable/MemMang/heap_4.o

.debug_rnglists
                0x00000000     0x10f1
 .debug_rnglists
                0x00000000       0x3d ./Core/Src/Global/Task_schedule.o
 .debug_rnglists
                0x0000003d       0x5a ./Core/Src/Peripheral/BMP280.o
 .debug_rnglists
                0x00000097       0x8e ./Core/Src/Peripheral/NRF24.o
 .debug_rnglists
                0x00000125       0x3c ./Core/Src/Peripheral/mpu6050.o
 .debug_rnglists
                0x00000161       0x13 ./Core/Src/dma.o
 .debug_rnglists
                0x00000174       0x32 ./Core/Src/freertos.o
 .debug_rnglists
                0x000001a6       0x14 ./Core/Src/gpio.o
 .debug_rnglists
                0x000001ba       0x20 ./Core/Src/i2c.o
 .debug_rnglists
                0x000001da       0x26 ./Core/Src/main.o
 .debug_rnglists
                0x00000200       0x27 ./Core/Src/spi.o
 .debug_rnglists
                0x00000227       0x13 ./Core/Src/stm32f4xx_hal_msp.o
 .debug_rnglists
                0x0000023a       0x20 ./Core/Src/stm32f4xx_hal_timebase_tim.o
 .debug_rnglists
                0x0000025a       0x4f ./Core/Src/stm32f4xx_it.o
 .debug_rnglists
                0x000002a9       0x1a ./Core/Src/system_stm32f4xx.o
 .debug_rnglists
                0x000002c3       0x19 ./Core/Startup/startup_stm32f411retx.o
 .debug_rnglists
                0x000002dc       0xaf ./Drivers/STM32F4xx_HAL_Driver/Src/stm32f4xx_hal.o
 .debug_rnglists
                0x0000038b       0xd4 ./Drivers/STM32F4xx_HAL_Driver/Src/stm32f4xx_hal_cortex.o
 .debug_rnglists
                0x0000045f       0x70 ./Drivers/STM32F4xx_HAL_Driver/Src/stm32f4xx_hal_dma.o
 .debug_rnglists
                0x000004cf       0x3f ./Drivers/STM32F4xx_HAL_Driver/Src/stm32f4xx_hal_gpio.o
 .debug_rnglists
                0x0000050e      0x23c ./Drivers/STM32F4xx_HAL_Driver/Src/stm32f4xx_hal_i2c.o
 .debug_rnglists
                0x0000074a       0x66 ./Drivers/STM32F4xx_HAL_Driver/Src/stm32f4xx_hal_rcc.o
 .debug_rnglists
                0x000007b0      0x16f ./Drivers/STM32F4xx_HAL_Driver/Src/stm32f4xx_hal_spi.o
 .debug_rnglists
                0x0000091f      0x31a ./Drivers/STM32F4xx_HAL_Driver/Src/stm32f4xx_hal_tim.o
 .debug_rnglists
                0x00000c39      0x125 ./Drivers/STM32F4xx_HAL_Driver/Src/stm32f4xx_hal_tim_ex.o
 .debug_rnglists
                0x00000d5e      0x16a ./Middlewares/Third_Party/FreeRTOS/Source/CMSIS_RTOS/cmsis_os.o
 .debug_rnglists
                0x00000ec8       0x2b ./Middlewares/Third_Party/FreeRTOS/Source/list.o
 .debug_rnglists
                0x00000ef3      0x15f ./Middlewares/Third_Party/FreeRTOS/Source/tasks.o
 .debug_rnglists
                0x00001052       0x5d ./Middlewares/Third_Party/FreeRTOS/Source/portable/GCC/ARM_CM4F/port.o
 .debug_rnglists
                0x000010af       0x42 ./Middlewares/Third_Party/FreeRTOS/Source/portable/MemMang/heap_4.o

.debug_macro    0x00000000    0x19b4f
 .debug_macro   0x00000000      0x2ff ./Core/Src/Global/Task_schedule.o
 .debug_macro   0x000002ff      0xab4 ./Core/Src/Global/Task_schedule.o
 .debug_macro   0x00000db3       0x2e ./Core/Src/Global/Task_schedule.o
 .debug_macro   0x00000de1       0x28 ./Core/Src/Global/Task_schedule.o
 .debug_macro   0x00000e09       0x22 ./Core/Src/Global/Task_schedule.o
 .debug_macro   0x00000e2b       0x8e ./Core/Src/Global/Task_schedule.o
 .debug_macro   0x00000eb9       0x51 ./Core/Src/Global/Task_schedule.o
 .debug_macro   0x00000f0a      0x103 ./Core/Src/Global/Task_schedule.o
 .debug_macro   0x0000100d       0x6a ./Core/Src/Global/Task_schedule.o
 .debug_macro   0x00001077      0x1df ./Core/Src/Global/Task_schedule.o
 .debug_macro   0x00001256       0x1c ./Core/Src/Global/Task_schedule.o
 .debug_macro   0x00001272       0x22 ./Core/Src/Global/Task_schedule.o
 .debug_macro   0x00001294       0xfb ./Core/Src/Global/Task_schedule.o
 .debug_macro   0x0000138f     0x1011 ./Core/Src/Global/Task_schedule.o
 .debug_macro   0x000023a0      0x11f ./Core/Src/Global/Task_schedule.o
 .debug_macro   0x000024bf     0xb953 ./Core/Src/Global/Task_schedule.o
 .debug_macro   0x0000de12       0x6d ./Core/Src/Global/Task_schedule.o
 .debug_macro   0x0000de7f      0x2a1 ./Core/Src/Global/Task_schedule.o
 .debug_macro   0x0000e120     0x368c ./Core/Src/Global/Task_schedule.o
 .debug_macro   0x000117ac      0x189 ./Core/Src/Global/Task_schedule.o
 .debug_macro   0x00011935       0x5c ./Core/Src/Global/Task_schedule.o
 .debug_macro   0x00011991      0x45c ./Core/Src/Global/Task_schedule.o
 .debug_macro   0x00011ded      0x9e9 ./Core/Src/Global/Task_schedule.o
 .debug_macro   0x000127d6      0x115 ./Core/Src/Global/Task_schedule.o
 .debug_macro   0x000128eb      0x11b ./Core/Src/Global/Task_schedule.o
 .debug_macro   0x00012a06       0xa5 ./Core/Src/Global/Task_schedule.o
 .debug_macro   0x00012aab      0x15f ./Core/Src/Global/Task_schedule.o